Archive member included to satisfy reference by file (symbol)

/Users/alexstrae/toolchain-gd32v-v202-osx/compiler/bin/../lib/gcc/riscv64-unknown-elf/8.3.0/rv32imac/ilp32/libgcc.a(divdf3.o)
                              build/adc.o (__divdf3)
/Users/alexstrae/toolchain-gd32v-v202-osx/compiler/bin/../lib/gcc/riscv64-unknown-elf/8.3.0/rv32imac/ilp32/libgcc.a(ledf2.o)
                              build/lcd.o (__ltdf2)
/Users/alexstrae/toolchain-gd32v-v202-osx/compiler/bin/../lib/gcc/riscv64-unknown-elf/8.3.0/rv32imac/ilp32/libgcc.a(muldf3.o)
                              build/lcd.o (__muldf3)
/Users/alexstrae/toolchain-gd32v-v202-osx/compiler/bin/../lib/gcc/riscv64-unknown-elf/8.3.0/rv32imac/ilp32/libgcc.a(subdf3.o)
                              build/adc.o (__subdf3)
/Users/alexstrae/toolchain-gd32v-v202-osx/compiler/bin/../lib/gcc/riscv64-unknown-elf/8.3.0/rv32imac/ilp32/libgcc.a(floatunsidf.o)
                              build/lcd.o (__floatunsidf)
/Users/alexstrae/toolchain-gd32v-v202-osx/compiler/bin/../lib/gcc/riscv64-unknown-elf/8.3.0/rv32imac/ilp32/libgcc.a(floatundidf.o)
                              build/lcd.o (__floatundidf)
/Users/alexstrae/toolchain-gd32v-v202-osx/compiler/bin/../lib/gcc/riscv64-unknown-elf/8.3.0/rv32imac/ilp32/libgcc.a(addsf3.o)
                              build/adc.o (__addsf3)
/Users/alexstrae/toolchain-gd32v-v202-osx/compiler/bin/../lib/gcc/riscv64-unknown-elf/8.3.0/rv32imac/ilp32/libgcc.a(divsf3.o)
                              build/adc.o (__divsf3)
/Users/alexstrae/toolchain-gd32v-v202-osx/compiler/bin/../lib/gcc/riscv64-unknown-elf/8.3.0/rv32imac/ilp32/libgcc.a(mulsf3.o)
                              build/adc.o (__mulsf3)
/Users/alexstrae/toolchain-gd32v-v202-osx/compiler/bin/../lib/gcc/riscv64-unknown-elf/8.3.0/rv32imac/ilp32/libgcc.a(fixsfsi.o)
                              build/adc.o (__fixsfsi)
/Users/alexstrae/toolchain-gd32v-v202-osx/compiler/bin/../lib/gcc/riscv64-unknown-elf/8.3.0/rv32imac/ilp32/libgcc.a(fixunssfsi.o)
                              build/lcd.o (__fixunssfsi)
/Users/alexstrae/toolchain-gd32v-v202-osx/compiler/bin/../lib/gcc/riscv64-unknown-elf/8.3.0/rv32imac/ilp32/libgcc.a(floatsisf.o)
                              build/adc.o (__floatsisf)
/Users/alexstrae/toolchain-gd32v-v202-osx/compiler/bin/../lib/gcc/riscv64-unknown-elf/8.3.0/rv32imac/ilp32/libgcc.a(floatunsisf.o)
                              build/adc.o (__floatunsisf)
/Users/alexstrae/toolchain-gd32v-v202-osx/compiler/bin/../lib/gcc/riscv64-unknown-elf/8.3.0/rv32imac/ilp32/libgcc.a(extendsfdf2.o)
                              build/adc.o (__extendsfdf2)
/Users/alexstrae/toolchain-gd32v-v202-osx/compiler/bin/../lib/gcc/riscv64-unknown-elf/8.3.0/rv32imac/ilp32/libgcc.a(truncdfsf2.o)
                              build/adc.o (__truncdfsf2)
/Users/alexstrae/toolchain-gd32v-v202-osx/compiler/bin/../lib/gcc/riscv64-unknown-elf/8.3.0/rv32imac/ilp32/libgcc.a(_lshrdi3.o)
                              /Users/alexstrae/toolchain-gd32v-v202-osx/compiler/bin/../lib/gcc/riscv64-unknown-elf/8.3.0/rv32imac/ilp32/libgcc.a(floatundidf.o) (__lshrdi3)
/Users/alexstrae/toolchain-gd32v-v202-osx/compiler/bin/../lib/gcc/riscv64-unknown-elf/8.3.0/rv32imac/ilp32/libgcc.a(_ashldi3.o)
                              /Users/alexstrae/toolchain-gd32v-v202-osx/compiler/bin/../lib/gcc/riscv64-unknown-elf/8.3.0/rv32imac/ilp32/libgcc.a(floatundidf.o) (__ashldi3)
/Users/alexstrae/toolchain-gd32v-v202-osx/compiler/bin/../lib/gcc/riscv64-unknown-elf/8.3.0/rv32imac/ilp32/libgcc.a(_clzsi2.o)
                              /Users/alexstrae/toolchain-gd32v-v202-osx/compiler/bin/../lib/gcc/riscv64-unknown-elf/8.3.0/rv32imac/ilp32/libgcc.a(divdf3.o) (__clzsi2)
/Users/alexstrae/toolchain-gd32v-v202-osx/compiler/bin/../lib/gcc/riscv64-unknown-elf/8.3.0/rv32imac/ilp32/libgcc.a(_clz.o)
                              /Users/alexstrae/toolchain-gd32v-v202-osx/compiler/bin/../lib/gcc/riscv64-unknown-elf/8.3.0/rv32imac/ilp32/libgcc.a(_clzsi2.o) (__clz_tab)
/Users/alexstrae/toolchain-gd32v-v202-osx/compiler/bin/../lib/gcc/riscv64-unknown-elf/8.3.0/../../../../riscv64-unknown-elf/lib/rv32imac/ilp32/libc_nano.a(lib_a-atexit.o)
                              build/start.o (atexit)
/Users/alexstrae/toolchain-gd32v-v202-osx/compiler/bin/../lib/gcc/riscv64-unknown-elf/8.3.0/../../../../riscv64-unknown-elf/lib/rv32imac/ilp32/libc_nano.a(lib_a-exit.o)
                              build/start.o (exit)
/Users/alexstrae/toolchain-gd32v-v202-osx/compiler/bin/../lib/gcc/riscv64-unknown-elf/8.3.0/../../../../riscv64-unknown-elf/lib/rv32imac/ilp32/libc_nano.a(lib_a-fini.o)
                              build/start.o (__libc_fini_array)
/Users/alexstrae/toolchain-gd32v-v202-osx/compiler/bin/../lib/gcc/riscv64-unknown-elf/8.3.0/../../../../riscv64-unknown-elf/lib/rv32imac/ilp32/libc_nano.a(lib_a-impure.o)
[...]
Memory Configuration

Name             Origin             Length             Attributes
flash            0x0000000008000000 0x0000000000020000 axrl !w
ram              0x0000000020000000 0x0000000000008000 axw !rl
*default*        0x0000000000000000 0xffffffffffffffff

Linker script and memory map

LOAD build/gd32vf103_adc.o
LOAD build/gd32vf103_bkp.o
LOAD build/gd32vf103_can.o
LOAD build/gd32vf103_crc.o
LOAD build/gd32vf103_dac.o
LOAD build/gd32vf103_dbg.o
LOAD build/gd32vf103_dma.o
LOAD build/gd32vf103_eclic.o
LOAD build/gd32vf103_exmc.o
LOAD build/gd32vf103_exti.o
LOAD build/gd32vf103_fmc.o
LOAD build/gd32vf103_fwdgt.o
LOAD build/gd32vf103_gpio.o
LOAD build/gd32vf103_i2c.o
LOAD build/gd32vf103_pmu.o
LOAD build/gd32vf103_rcu.o
LOAD build/gd32vf103_rtc.o
LOAD build/gd32vf103_spi.o
LOAD build/gd32vf103_timer.o
LOAD build/gd32vf103_usart.o
LOAD build/gd32vf103_wwdgt.o
LOAD build/system_gd32vf103.o
LOAD build/_exit.o
LOAD build/close.o
LOAD build/fstat.o
LOAD build/isatty.o
LOAD build/lseek.o
LOAD build/read.o
LOAD build/sbrk.o
LOAD build/write.o
LOAD build/write_hex.o
LOAD build/n200_func.o
LOAD build/handlers.o
LOAD build/init.o
LOAD build/adc.o
LOAD build/eclicw.o
LOAD build/lcd.o
LOAD build/main.o
LOAD build/plant.o
LOAD build/renderPlants.o
LOAD build/usart.o
LOAD build/utilities.o
LOAD build/wifiServices.o
LOAD build/start.o
LOAD build/entry.o
LOAD build/drivers.o
LOAD /Users/alexstrae/toolchain-gd32v-v202-osx/compiler/bin/../lib/gcc/riscv64-unknown-elf/8.3.0/rv32imac/ilp32/libgcc.a
LOAD /Users/alexstrae/toolchain-gd32v-v202-osx/compiler/bin/../lib/gcc/riscv64-unknown-elf/8.3.0/../../../../riscv64-unknown-elf/lib/rv32imac/ilp32/libc_nano.a
LOAD /Users/alexstrae/toolchain-gd32v-v202-osx/compiler/bin/../lib/gcc/riscv64-unknown-elf/8.3.0/rv32imac/ilp32/libgcc.a
START GROUP
LOAD /Users/alexstrae/toolchain-gd32v-v202-osx/compiler/bin/../lib/gcc/riscv64-unknown-elf/8.3.0/rv32imac/ilp32/libgcc.a
LOAD /Users/alexstrae/toolchain-gd32v-v202-osx/compiler/bin/../lib/gcc/riscv64-unknown-elf/8.3.0/../../../../riscv64-unknown-elf/lib/rv32imac/ilp32/libc_nano.a
LOAD /Users/alexstrae/toolchain-gd32v-v202-osx/compiler/bin/../lib/gcc/riscv64-unknown-elf/8.3.0/../../../../riscv64-unknown-elf/lib/rv32imac/ilp32/libgloss_nano.a
END GROUP
                0x0000000000001000                __stack_size = DEFINED (__stack_size)?__stack_size:0x1000
                0x0000000000000000                __dbg_stack_size = DEFINED (__dbg_stack_size)?__dbg_stack_size:0x0

.init           0x0000000008000000      0x254
 *(SORT_NONE(.init))
 .init          0x0000000008000000      0x254 build/start.o
                0x000000000800015c                _start
                0x0000000008000246                disable_mcycle_minstret
                0x000000000800024c                enable_mcycle_minstret

.ilalign        0x0000000008000254        0x0
                0x0000000008000254                . = ALIGN (0x4)
                [!provide]                        PROVIDE (_ilm_lma = .)

.ialign         0x0000000008000254        0x0
                [!provide]                        PROVIDE (_ilm = .)

.text           0x0000000008000280     0x3440
 *(.rodata .rodata.*)
 .rodata._exit.str1.4
                0x0000000008000280       0x1f build/_exit.o
                                         0x23 (size before relaxing)
 *fill*         0x000000000800029f        0x1 
 .rodata.write_hex.str1.4
                0x00000000080002a0        0x3 build/write_hex.o
 *fill*         0x00000000080002a3        0x1 
 .rodata.handle_nmi.str1.4
                0x00000000080002a4        0x5 build/handlers.o
 *fill*         0x00000000080002a9        0x3 
 .rodata.handle_trap.str1.4
                0x00000000080002ac        0x6 build/handlers.o
 *fill*         0x00000000080002b2        0x2 
 .rodata.asc2_1608
                0x00000000080002b4      0x600 build/lcd.o
                0x00000000080002b4                asc2_1608
 *fill*         0x00000000080008b4        0x4 
 .rodata.lcd_delay_1ms.cst8
                0x00000000080008b8        0x8 build/lcd.o
 .rodata.main.str1.4
                0x00000000080008c0       0x20 build/main.o
 .rodata        0x00000000080008e0       0x3c /Users/alexstrae/toolchain-gd32v-v202-osx/compiler/bin/../lib/gcc/riscv64-unknown-elf/8.3.0/rv32imac/ilp32/libgcc.a(divdf3.o)
 .rodata        0x000000000800091c       0x3c /Users/alexstrae/toolchain-gd32v-v202-osx/compiler/bin/../lib/gcc/riscv64-unknown-elf/8.3.0/rv32imac/ilp32/libgcc.a(muldf3.o)
 .rodata        0x0000000008000958      0x100 /Users/alexstrae/toolchain-gd32v-v202-osx/compiler/bin/../lib/gcc/riscv64-unknown-elf/8.3.0/rv32imac/ilp32/libgcc.a(_clz.o)
                0x0000000008000958                __clz_tab
 *(.text.unlikely .text.unlikely.*)
 *(.text.startup .text.startup.*)
 .text.startup.main
                0x0000000008000a58       0xf6 build/main.o
                0x0000000008000a58                main
 *(.text .text.*)
 .text.adc_deinit
                0x0000000008000b4e       0x50 build/gd32vf103_adc.o
                0x0000000008000b4e                adc_deinit
 .text.adc_mode_config
                0x0000000008000b9e       0x20 build/gd32vf103_adc.o
                0x0000000008000b9e                adc_mode_config
 .text.adc_special_function_config
                0x0000000008000bbe       0x48 build/gd32vf103_adc.o
                0x0000000008000bbe                adc_special_function_config
 .text.adc_data_alignment_config
                0x0000000008000c06       0x1a build/gd32vf103_adc.o
                0x0000000008000c06                adc_data_alignment_config
 .text.adc_enable
                0x0000000008000c20       0x10 build/gd32vf103_adc.o
                0x0000000008000c20                adc_enable
 .text.adc_calibration_enable
                0x0000000008000c30       0x22 build/gd32vf103_adc.o
                0x0000000008000c30                adc_calibration_enable
 .text.adc_tempsensor_vrefint_enable
                0x0000000008000c52       0x14 build/gd32vf103_adc.o
                0x0000000008000c52                adc_tempsensor_vrefint_enable
 .text.adc_channel_length_config
                0x0000000008000c66       0x4a build/gd32vf103_adc.o
                0x0000000008000c66                adc_channel_length_config
 .text.adc_regular_channel_config
                0x0000000008000cb0       0xbe build/gd32vf103_adc.o
                0x0000000008000cb0                adc_regular_channel_config
 .text.adc_inserted_channel_config
                0x0000000008000d6e       0x76 build/gd32vf103_adc.o
                0x0000000008000d6e                adc_inserted_channel_config
 .text.adc_external_trigger_source_config
                0x0000000008000de4       0x34 build/gd32vf103_adc.o
                0x0000000008000de4                adc_external_trigger_source_config
 .text.adc_external_trigger_config
                0x0000000008000e18       0x3a build/gd32vf103_adc.o
                0x0000000008000e18                adc_external_trigger_config
 .text.adc_software_trigger_enable
                0x0000000008000e52       0x20 build/gd32vf103_adc.o
                0x0000000008000e52                adc_software_trigger_enable
 .text.bkp_deinit
                0x0000000008000e72       0x18 build/gd32vf103_bkp.o
                0x0000000008000e72                bkp_deinit
 .text.eclic_global_interrupt_enable
                0x0000000008000e8a        0x6 build/gd32vf103_eclic.o
                0x0000000008000e8a                eclic_global_interrupt_enable
 .text.gpio_init
                0x0000000008000e90       0xa4 build/gd32vf103_gpio.o
                0x0000000008000e90                gpio_init
 .text.gpio_bit_set
                0x0000000008000f34        0x4 build/gd32vf103_gpio.o
                0x0000000008000f34                gpio_bit_set
 .text.gpio_bit_reset
                0x0000000008000f38        0x4 build/gd32vf103_gpio.o
                0x0000000008000f38                gpio_bit_reset
 .text.pmu_backup_write_enable
                0x0000000008000f3c        0xe build/gd32vf103_pmu.o
                0x0000000008000f3c                pmu_backup_write_enable
 .text.rcu_periph_clock_enable
                0x0000000008000f4a       0x18 build/gd32vf103_rcu.o
                0x0000000008000f4a                rcu_periph_clock_enable
 .text.rcu_periph_reset_enable
                0x0000000008000f62       0x18 build/gd32vf103_rcu.o
                0x0000000008000f62                rcu_periph_reset_enable
 .text.rcu_periph_reset_disable
                0x0000000008000f7a       0x1c build/gd32vf103_rcu.o
                0x0000000008000f7a                rcu_periph_reset_disable
 .text.rcu_bkp_reset_enable
                0x0000000008000f96        0xe build/gd32vf103_rcu.o
                0x0000000008000f96                rcu_bkp_reset_enable
 .text.rcu_bkp_reset_disable
                0x0000000008000fa4       0x10 build/gd32vf103_rcu.o
                0x0000000008000fa4                rcu_bkp_reset_disable
 .text.rcu_adc_clock_config
                0x0000000008000fb4       0x40 build/gd32vf103_rcu.o
                0x0000000008000fb4                rcu_adc_clock_config
 .text.rcu_rtc_clock_config
                0x0000000008000ff4       0x10 build/gd32vf103_rcu.o
                0x0000000008000ff4                rcu_rtc_clock_config
 .text.rcu_flag_get
                0x0000000008001004       0x14 build/gd32vf103_rcu.o
                0x0000000008001004                rcu_flag_get
 .text.rcu_osci_stab_wait
                0x0000000008001018      0x112 build/gd32vf103_rcu.o
                0x0000000008001018                rcu_osci_stab_wait
 .text.rcu_osci_on
                0x000000000800112a       0x18 build/gd32vf103_rcu.o
                0x000000000800112a                rcu_osci_on
 .text.rtc_configuration_mode_enter
                0x0000000008001142       0x12 build/gd32vf103_rtc.o
                0x0000000008001142                rtc_configuration_mode_enter
 .text.rtc_configuration_mode_exit
                0x0000000008001154       0x10 build/gd32vf103_rtc.o
                0x0000000008001154                rtc_configuration_mode_exit
 .text.rtc_counter_set
                0x0000000008001164       0x30 build/gd32vf103_rtc.o
                0x0000000008001164                rtc_counter_set
 .text.rtc_prescaler_set
                0x0000000008001194       0x32 build/gd32vf103_rtc.o
                0x0000000008001194                rtc_prescaler_set
 .text.rtc_lwoff_wait
                0x00000000080011c6       0x10 build/gd32vf103_rtc.o
                0x00000000080011c6                rtc_lwoff_wait
 .text.rtc_register_sync_wait
                0x00000000080011d6       0x18 build/gd32vf103_rtc.o
                0x00000000080011d6                rtc_register_sync_wait
 .text.rtc_counter_get
                0x00000000080011ee       0x22 build/gd32vf103_rtc.o
                0x00000000080011ee                rtc_counter_get
 .text.rtc_flag_clear
                0x0000000008001210       0x14 build/gd32vf103_rtc.o
                0x0000000008001210                rtc_flag_clear
 .text.spi_struct_para_init
                0x0000000008001224       0x1a build/gd32vf103_spi.o
                0x0000000008001224                spi_struct_para_init
 .text.spi_init
                0x000000000800123e       0x36 build/gd32vf103_spi.o
                0x000000000800123e                spi_init
 .text.spi_enable
                0x0000000008001274        0xa build/gd32vf103_spi.o
                0x0000000008001274                spi_enable
 .text.spi_i2s_data_transmit
                0x000000000800127e        0x4 build/gd32vf103_spi.o
                0x000000000800127e                spi_i2s_data_transmit
 .text.spi_i2s_data_receive
                0x0000000008001282        0x8 build/gd32vf103_spi.o
                0x0000000008001282                spi_i2s_data_receive
 .text.spi_crc_polynomial_set
                0x000000000800128a        0xc build/gd32vf103_spi.o
                0x000000000800128a                spi_crc_polynomial_set
 .text.spi_i2s_flag_get
                0x0000000008001296        0xa build/gd32vf103_spi.o
                0x0000000008001296                spi_i2s_flag_get
 .text.SystemInit
                0x00000000080012a0      0x11c build/system_gd32vf103.o
                0x00000000080012a0                SystemInit
 .text._exit    0x00000000080013bc       0x4c build/_exit.o
                0x00000000080013bc                _exit
 .text.write_hex
                0x0000000008001408       0x7c build/write_hex.o
                0x0000000008001408                write_hex
 .text.get_timer_value
                0x0000000008001484       0x10 build/n200_func.o
                0x0000000008001484                get_timer_value
 .text.eclic_init
                0x0000000008001494       0x22 build/n200_func.o
                0x0000000008001494                eclic_init
 .text.eclic_mode_enable
                0x00000000080014b6       0x12 build/n200_func.o
                0x00000000080014b6                eclic_mode_enable
 .text.handle_nmi
                0x00000000080014c8       0x22 build/handlers.o
                0x00000000080014c8                handle_nmi
 .text.handle_trap
                0x00000000080014ea       0x38 build/handlers.o
                0x00000000080014ea                handle_trap
 .text._init    0x0000000008001522       0x2c build/init.o
                0x0000000008001522                _init
 .text._fini    0x000000000800154e        0x2 build/init.o
                0x000000000800154e                _fini
 .text.ADC3powerUpInit
                0x0000000008001550      0x140 build/adc.o
                0x0000000008001550                ADC3powerUpInit
 .text.MAX31865_ExchangeByte
                0x0000000008001690       0x4e build/adc.o
                0x0000000008001690                MAX31865_ExchangeByte
 .text.MAX31865_Init
                0x00000000080016de       0xe6 build/adc.o
                0x00000000080016de                MAX31865_Init
 .text.eclic_mtip_handler
                0x00000000080017c4       0x54 build/eclicw.o
                0x00000000080017c4                eclic_mtip_handler
 .text.USART0_IRQHandler
                0x0000000008001818       0x56 build/eclicw.o
                0x0000000008001818                USART0_IRQHandler
 .text.TIMER4_IRQHandler
                0x000000000800186e       0x56 build/eclicw.o
                0x000000000800186e                TIMER4_IRQHandler
 .text.lcd_delay_1ms
                0x00000000080018c4       0xce build/lcd.o
                0x00000000080018c4                lcd_delay_1ms
 .text.LCD_WR_Queue
                0x0000000008001992       0xc2 build/lcd.o
                0x0000000008001992                LCD_WR_Queue
 .text.LCD_Wait_On_Queue
                0x0000000008001a54       0x30 build/lcd.o
                0x0000000008001a54                LCD_Wait_On_Queue
 .text.LCD_Write_Bus
                0x0000000008001a84       0x58 build/lcd.o
                0x0000000008001a84                LCD_Write_Bus
 .text.LCD_WR_DATA
                0x0000000008001adc       0x2c build/lcd.o
                0x0000000008001adc                LCD_WR_DATA
 .text.LCD_Address_Set
                0x0000000008001b08       0x82 build/lcd.o
                0x0000000008001b08                LCD_Address_Set
 .text.spi_config
                0x0000000008001b8a       0x6c build/lcd.o
                0x0000000008001b8a                spi_config
 .text.Lcd_SetType
                0x0000000008001bf6       0x26 build/lcd.o
                0x0000000008001bf6                Lcd_SetType
 .text.Lcd_Init
                0x0000000008001c1c      0x464 build/lcd.o
                0x0000000008001c1c                Lcd_Init
 .text.LCD_Clear
                0x0000000008002080       0x46 build/lcd.o
                0x0000000008002080                LCD_Clear
 .text.LCD_DrawPoint
                0x00000000080020c6       0x24 build/lcd.o
                0x00000000080020c6                LCD_DrawPoint
 .text.LCD_Fill
                0x00000000080020ea       0x50 build/lcd.o
                0x00000000080020ea                LCD_Fill
 .text.LCD_ShowChar
                0x000000000800213a       0xde build/lcd.o
                0x000000000800213a                LCD_ShowChar
 .text.LCD_ShowStr
                0x0000000008002218       0x60 build/lcd.o
                0x0000000008002218                LCD_ShowStr
 .text.rtcInit  0x0000000008002278       0x9e build/utilities.o
                0x0000000008002278                rtcInit
 .text.oneMinuteHasPassed
                0x0000000008002316       0x38 build/utilities.o
                0x0000000008002316                oneMinuteHasPassed
 *fill*         0x000000000800234e       0x32 
 .text.trap     0x0000000008002380       0x82 build/entry.o
                0x0000000008002380                trap_entry
 *fill*         0x0000000008002402        0x2 
 .text.irq      0x0000000008002404       0x72 build/entry.o
                0x0000000008002404                irq_entry
 .text          0x0000000008002476      0x2e4 build/drivers.o
                0x00000000080024e8                t5omsi
                0x000000000800251a                t5expq
                0x000000000800252a                colinit
                0x000000000800256a                colset
                0x00000000080025a2                l88init
                0x00000000080025d4                l88row
                0x000000000800260a                l88mem
                0x000000000800261e                keyinit
                0x0000000008002650                keyscan
 .text          0x000000000800275a      0x546 /Users/alexstrae/toolchain-gd32v-v202-osx/compiler/bin/../lib/gcc/riscv64-unknown-elf/8.3.0/rv32imac/ilp32/libgcc.a(divdf3.o)
                0x000000000800275a                __divdf3
 .text          0x0000000008002ca0       0xa4 /Users/alexstrae/toolchain-gd32v-v202-osx/compiler/bin/../lib/gcc/riscv64-unknown-elf/8.3.0/rv32imac/ilp32/libgcc.a(ledf2.o)
                0x0000000008002ca0                __ltdf2
                0x0000000008002ca0                __ledf2
 .text          0x0000000008002d44      0x44c /Users/alexstrae/toolchain-gd32v-v202-osx/compiler/bin/../lib/gcc/riscv64-unknown-elf/8.3.0/rv32imac/ilp32/libgcc.a(muldf3.o)
                0x0000000008002d44                __muldf3
 .text          0x0000000008003190       0x56 /Users/alexstrae/toolchain-gd32v-v202-osx/compiler/bin/../lib/gcc/riscv64-unknown-elf/8.3.0/rv32imac/ilp32/libgcc.a(floatunsidf.o)
                0x0000000008003190                __floatunsidf
 .text          0x00000000080031e6      0x166 /Users/alexstrae/toolchain-gd32v-v202-osx/compiler/bin/../lib/gcc/riscv64-unknown-elf/8.3.0/rv32imac/ilp32/libgcc.a(floatundidf.o)
                0x00000000080031e6                __floatundidf
 .text          0x000000000800334c       0x2a /Users/alexstrae/toolchain-gd32v-v202-osx/compiler/bin/../lib/gcc/riscv64-unknown-elf/8.3.0/rv32imac/ilp32/libgcc.a(_lshrdi3.o)
                0x000000000800334c                __lshrdi3
 .text          0x0000000008003376       0x2a /Users/alexstrae/toolchain-gd32v-v202-osx/compiler/bin/../lib/gcc/riscv64-unknown-elf/8.3.0/rv32imac/ilp32/libgcc.a(_ashldi3.o)
                0x0000000008003376                __ashldi3
 .text          0x00000000080033a0       0x3c /Users/alexstrae/toolchain-gd32v-v202-osx/compiler/bin/../lib/gcc/riscv64-unknown-elf/8.3.0/rv32imac/ilp32/libgcc.a(_clzsi2.o)
                0x00000000080033a0                __clzsi2
 .text.atexit   0x00000000080033dc       0x10 /Users/alexstrae/toolchain-gd32v-v202-osx/compiler/bin/../lib/gcc/riscv64-unknown-elf/8.3.0/../../../../riscv64-unknown-elf/lib/rv32imac/ilp32/libc_nano.a(lib_a-atexit.o)
                0x00000000080033dc                atexit
 .text.exit     0x00000000080033ec       0x36 /Users/alexstrae/toolchain-gd32v-v202-osx/compiler/bin/../lib/gcc/riscv64-unknown-elf/8.3.0/../../../../riscv64-unknown-elf/lib/rv32imac/ilp32/libc_nano.a(lib_a-exit.o)
                0x00000000080033ec                exit
 .text.__libc_fini_array
                0x0000000008003422       0x38 /Users/alexstrae/toolchain-gd32v-v202-osx/compiler/bin/../lib/gcc/riscv64-unknown-elf/8.3.0/../../../../riscv64-unknown-elf/lib/rv32imac/ilp32/libc_nano.a(lib_a-fini.o)
                0x0000000008003422                __libc_fini_array
 .text.__libc_init_array
                0x000000000800345a       0x6a /Users/alexstrae/toolchain-gd32v-v202-osx/compiler/bin/../lib/gcc/riscv64-unknown-elf/8.3.0/../../../../riscv64-unknown-elf/lib/rv32imac/ilp32/libc_nano.a(lib_a-init.o)
                0x000000000800345a                __libc_init_array
 .text          0x00000000080034c4       0x16 /Users/alexstrae/toolchain-gd32v-v202-osx/compiler/bin/../lib/gcc/riscv64-unknown-elf/8.3.0/../../../../riscv64-unknown-elf/lib/rv32imac/ilp32/libc_nano.a(lib_a-memcpy-asm.o)
                0x00000000080034c4                memcpy
 .text.write    0x00000000080034da       0x18 /Users/alexstrae/toolchain-gd32v-v202-osx/compiler/bin/../lib/gcc/riscv64-unknown-elf/8.3.0/../../../../riscv64-unknown-elf/lib/rv32imac/ilp32/libc_nano.a(lib_a-syswrite.o)
                0x00000000080034da                write
 .text._write_r
                0x00000000080034f2       0x3a /Users/alexstrae/toolchain-gd32v-v202-osx/compiler/bin/../lib/gcc/riscv64-unknown-elf/8.3.0/../../../../riscv64-unknown-elf/lib/rv32imac/ilp32/libc_nano.a(lib_a-writer.o)
                0x00000000080034f2                _write_r
 .text.__register_exitproc
                0x000000000800352c       0x8c /Users/alexstrae/toolchain-gd32v-v202-osx/compiler/bin/../lib/gcc/riscv64-unknown-elf/8.3.0/../../../../riscv64-unknown-elf/lib/rv32imac/ilp32/libc_nano.a(lib_a-__atexit.o)
                0x000000000800352c                __register_exitproc
 .text.__call_exitprocs
                0x00000000080035b8       0xc8 /Users/alexstrae/toolchain-gd32v-v202-osx/compiler/bin/../lib/gcc/riscv64-unknown-elf/8.3.0/../../../../riscv64-unknown-elf/lib/rv32imac/ilp32/libc_nano.a(lib_a-__call_atexit.o)
                0x00000000080035b8                __call_exitprocs
 .text._write   0x0000000008003680       0x34 /Users/alexstrae/toolchain-gd32v-v202-osx/compiler/bin/../lib/gcc/riscv64-unknown-elf/8.3.0/../../../../riscv64-unknown-elf/lib/rv32imac/ilp32/libgloss_nano.a(sys_write.o)
                0x0000000008003680                _write
 .text.__errno  0x00000000080036b4        0xc /Users/alexstrae/toolchain-gd32v-v202-osx/compiler/bin/../lib/gcc/riscv64-unknown-elf/8.3.0/../../../../riscv64-unknown-elf/lib/rv32imac/ilp32/libc_nano.a(lib_a-errno.o)
                0x00000000080036b4                __errno
 *(.gnu.linkonce.t.*)

.sdata2._global_impure_ptr
                0x00000000080036c0        0x4
 .sdata2._global_impure_ptr
                0x00000000080036c0        0x4 /Users/alexstrae/toolchain-gd32v-v202-osx/compiler/bin/../lib/gcc/riscv64-unknown-elf/8.3.0/../../../../riscv64-unknown-elf/lib/rv32imac/ilp32/libc_nano.a(lib_a-impure.o)
                0x00000000080036c0                _global_impure_ptr

.rela.dyn       0x00000000080036c4        0x0
 .rela.text.handle_trap
                0x00000000080036c4        0x0 build/gd32vf103_adc.o
 .rela.text.LCD_ShowChar
                0x00000000080036c4        0x0 build/gd32vf103_adc.o
 .rela.init     0x00000000080036c4        0x0 build/gd32vf103_adc.o
 .rela.text.trap
                0x00000000080036c4        0x0 build/gd32vf103_adc.o
 .rela.text.__libc_fini_array
                0x00000000080036c4        0x0 build/gd32vf103_adc.o
 .rela.data.impure_data
                0x00000000080036c4        0x0 build/gd32vf103_adc.o
 .rela.text.__libc_init_array
                0x00000000080036c4        0x0 build/gd32vf103_adc.o
 .rela.text._write_r
                0x00000000080036c4        0x0 build/gd32vf103_adc.o
 .rela.text.__register_exitproc
                0x00000000080036c4        0x0 build/gd32vf103_adc.o

.fini
 *(SORT_NONE(.fini))
                0x00000000080036c4                . = ALIGN (0x4)
                [!provide]                        PROVIDE (__etext = .)
                [!provide]                        PROVIDE (_etext = .)
                [!provide]                        PROVIDE (etext = .)
                [!provide]                        PROVIDE (_eilm = .)

.preinit_array  0x00000000080036c4        0x0
                0x00000000080036c4                PROVIDE (__preinit_array_start = .)
 *(.preinit_array)
                0x00000000080036c4                PROVIDE (__preinit_array_end = .)

.init_array     0x00000000080036c4        0x0
                0x00000000080036c4                PROVIDE (__init_array_start = .)
 *(SORT_BY_INIT_PRIORITY(.init_array.*) SORT_BY_INIT_PRIORITY(.ctors.*))
 *(.init_array EXCLUDE_FILE(*crtend?.o *crtend.o *crtbegin?.o *crtbegin.o) .ctors)
                0x00000000080036c4                PROVIDE (__init_array_end = .)

.fini_array     0x00000000080036c4        0x0
                0x00000000080036c4                PROVIDE (__fini_array_start = .)
 *(SORT_BY_INIT_PRIORITY(.fini_array.*) SORT_BY_INIT_PRIORITY(.dtors.*))
 *(.fini_array EXCLUDE_FILE(*crtend?.o *crtend.o *crtbegin?.o *crtbegin.o) .dtors)
                0x00000000080036c4                PROVIDE (__fini_array_end = .)

.ctors
 *crtbegin.o(.ctors)
 *crtbegin?.o(.ctors)
 *(EXCLUDE_FILE(*crtend?.o *crtend.o) .ctors)
 *(SORT_BY_NAME(.ctors.*))
 *(.ctors)

.dtors
 *crtbegin.o(.dtors)
 *crtbegin?.o(.dtors)
 *(EXCLUDE_FILE(*crtend?.o *crtend.o) .dtors)
 *(SORT_BY_NAME(.dtors.*))
 *(.dtors)
                0x00000000080036c4                . = ALIGN (0x4)
                [!provide]                        PROVIDE (_eilm = .)

.lalign         0x00000000080036c4        0x0
                0x00000000080036c4                . = ALIGN (0x4)
                0x00000000080036c4                PROVIDE (_data_lma = .)

.dalign         0x0000000020000000        0x0 load address 0x00000000080036c4
                0x0000000020000000                . = ALIGN (0x4)
                0x0000000020000000                PROVIDE (_data = .)

.data           0x0000000020000000       0x88 load address 0x00000000080036c4
 *(.rdata)
 *(.gnu.linkonce.r.*)
 *(.data .data.*)
 .data          0x0000000020000000       0x1f build/drivers.o
 *fill*         0x000000002000001f        0x1 
 .data.impure_data
                0x0000000020000020       0x60 /Users/alexstrae/toolchain-gd32v-v202-osx/compiler/bin/../lib/gcc/riscv64-unknown-elf/8.3.0/../../../../riscv64-unknown-elf/lib/rv32imac/ilp32/libc_nano.a(lib_a-impure.o)
 *(.gnu.linkonce.d.*)
                0x0000000020000080                . = ALIGN (0x8)
                0x0000000020000880                PROVIDE (__global_pointer$ = (. + 0x800))
 *(.sdata .sdata.*)
 .sdata.SystemCoreClock
                0x0000000020000080        0x4 build/system_gd32vf103.o
                0x0000000020000080                SystemCoreClock
 .sdata._impure_ptr
                0x0000000020000084        0x4 /Users/alexstrae/toolchain-gd32v-v202-osx/compiler/bin/../lib/gcc/riscv64-unknown-elf/8.3.0/../../../../riscv64-unknown-elf/lib/rv32imac/ilp32/libc_nano.a(lib_a-impure.o)
                0x0000000020000084                _impure_ptr
 *(.gnu.linkonce.s.*)
                0x0000000020000088                . = ALIGN (0x8)
 *(.srodata.cst16)
 *(.srodata.cst8)
 *(.srodata.cst4)
 *(.srodata.cst2)
 *(.srodata .srodata.*)
                0x0000000020000088                . = ALIGN (0x4)
                0x0000000020000088                PROVIDE (_edata = .)
                [!provide]                        PROVIDE (edata = .)
                [!provide]                        PROVIDE (_fbss = .)
                0x0000000020000088                PROVIDE (__bss_start = .)

.bss            0x0000000020000088      0x4a8
 *(.sbss*)
 .sbss.jtbl     0x0000000020000088        0x4 build/eclicw.o
 .sbss.lcd_conf
                0x000000002000008c        0x4 build/lcd.o
                0x000000002000008c                lcd_conf
 .sbss.r        0x0000000020000090        0x4 build/lcd.o
                0x0000000020000090                r
 .sbss.w        0x0000000020000094        0x4 build/lcd.o
                0x0000000020000094                w
 .sbss._global_atexit
                0x0000000020000098        0x4 /Users/alexstrae/toolchain-gd32v-v202-osx/compiler/bin/../lib/gcc/riscv64-unknown-elf/8.3.0/../../../../riscv64-unknown-elf/lib/rv32imac/ilp32/libc_nano.a(lib_a-__call_atexit.o)
                0x0000000020000098                _global_atexit
 *(.gnu.linkonce.sb.*)
 *(.bss .bss.*)
 .bss.queue     0x000000002000009c      0x400 build/lcd.o
                0x000000002000009c                queue
 .bss._global_atexit0
                0x000000002000049c       0x8c /Users/alexstrae/toolchain-gd32v-v202-osx/compiler/bin/../lib/gcc/riscv64-unknown-elf/8.3.0/../../../../riscv64-unknown-elf/lib/rv32imac/ilp32/libc_nano.a(lib_a-__atexit.o)
 *(.gnu.linkonce.b.*)
 *(COMMON)
 COMMON         0x0000000020000528        0x4 build/lcd.o
                0x0000000020000528                BACK_COLOR
 COMMON         0x000000002000052c        0x4 /Users/alexstrae/toolchain-gd32v-v202-osx/compiler/bin/../lib/gcc/riscv64-unknown-elf/8.3.0/../../../../riscv64-unknown-elf/lib/rv32imac/ilp32/libc_nano.a(lib_a-reent.o)
                0x000000002000052c                errno
                0x0000000020000530                . = ALIGN (0x4)
                0x0000000020000530                . = ALIGN (0x8)
                0x0000000020000530                PROVIDE (_end = .)
                [!provide]                        PROVIDE (end = .)

.stack          0x0000000020007000     0x1000 load address 0x0000000020000530
                0x0000000020007000                PROVIDE (_heap_end = .)
                0x0000000000001000                . = __stack_size
 *fill*         0x0000000020007000     0x1000 
                0x0000000020008000                PROVIDE (_sp = .)
                0x0000000000001000                . = (__dbg_stack_size + __stack_size)
                [!provide]                        PROVIDE (_dbg_sp = .)
OUTPUT(build/gd32vf103.elf elf32-littleriscv)

.debug_info     0x0000000000000000    0x12d89
 .debug_info    0x0000000000000000      0xb98 build/gd32vf103_adc.o
 .debug_info    0x0000000000000b98      0x494 build/gd32vf103_bkp.o
 .debug_info    0x000000000000102c      0x2ac build/gd32vf103_eclic.o
 .debug_info    0x00000000000012d8      0x6f6 build/gd32vf103_gpio.o
 .debug_info    0x00000000000019ce      0x5cf build/gd32vf103_pmu.o
 .debug_info    0x0000000000001f9d      0xf51 build/gd32vf103_rcu.o
 .debug_info    0x0000000000002eee      0x35f build/gd32vf103_rtc.o
 .debug_info    0x000000000000324d      0xa73 build/gd32vf103_spi.o
 .debug_info    0x0000000000003cc0      0x203 build/system_gd32vf103.o
 .debug_info    0x0000000000003ec3      0x1d3 build/_exit.o
 .debug_info    0x0000000000004096      0x1bb build/write_hex.o
 .debug_info    0x0000000000004251     0x18a2 build/n200_func.o
 .debug_info    0x0000000000005af3      0xb4f build/handlers.o
 .debug_info    0x0000000000006642      0xcb0 build/init.o
 .debug_info    0x00000000000072f2     0x1687 build/adc.o
 .debug_info    0x0000000000008979      0xdb1 build/eclicw.o
 .debug_info    0x000000000000972a     0x2fa5 build/lcd.o
 .debug_info    0x000000000000c6cf     0x1084 build/main.o
 .debug_info    0x000000000000d753      0xee6 build/utilities.o
 .debug_info    0x000000000000e639       0x26 build/start.o
 .debug_info    0x000000000000e65f       0x22 build/entry.o
 .debug_info    0x000000000000e681       0x26 build/drivers.o
 .debug_info    0x000000000000e6a7      0x734 /Users/alexstrae/toolchain-gd32v-v202-osx/compiler/bin/../lib/gcc/riscv64-unknown-elf/8.3.0/rv32imac/ilp32/libgcc.a(divdf3.o)
 .debug_info    0x000000000000eddb      0x286 /Users/alexstrae/toolchain-gd32v-v202-osx/compiler/bin/../lib/gcc/riscv64-unknown-elf/8.3.0/rv32imac/ilp32/libgcc.a(ledf2.o)
 .debug_info    0x000000000000f061      0x76c /Users/alexstrae/toolchain-gd32v-v202-osx/compiler/bin/../lib/gcc/riscv64-unknown-elf/8.3.0/rv32imac/ilp32/libgcc.a(muldf3.o)
 .debug_info    0x000000000000f7cd      0x2af /Users/alexstrae/toolchain-gd32v-v202-osx/compiler/bin/../lib/gcc/riscv64-unknown-elf/8.3.0/rv32imac/ilp32/libgcc.a(floatunsidf.o)
 .debug_info    0x000000000000fa7c      0x2e8 /Users/alexstrae/toolchain-gd32v-v202-osx/compiler/bin/../lib/gcc/riscv64-unknown-elf/8.3.0/rv32imac/ilp32/libgcc.a(floatundidf.o)
 .debug_info    0x000000000000fd64      0xc72 /Users/alexstrae/toolchain-gd32v-v202-osx/compiler/bin/../lib/gcc/riscv64-unknown-elf/8.3.0/rv32imac/ilp32/libgcc.a(_lshrdi3.o)
 .debug_info    0x00000000000109d6      0xc72 /Users/alexstrae/toolchain-gd32v-v202-osx/compiler/bin/../lib/gcc/riscv64-unknown-elf/8.3.0/rv32imac/ilp32/libgcc.a(_ashldi3.o)
 .debug_info    0x0000000000011648      0xbd7 /Users/alexstrae/toolchain-gd32v-v202-osx/compiler/bin/../lib/gcc/riscv64-unknown-elf/8.3.0/rv32imac/ilp32/libgcc.a(_clzsi2.o)
 .debug_info    0x000000000001221f      0xb6a /Users/alexstrae/toolchain-gd32v-v202-osx/compiler/bin/../lib/gcc/riscv64-unknown-elf/8.3.0/rv32imac/ilp32/libgcc.a(_clz.o)

.debug_abbrev   0x0000000000000000     0x3ca5
 .debug_abbrev  0x0000000000000000      0x216 build/gd32vf103_adc.o
 .debug_abbrev  0x0000000000000216      0x1a6 build/gd32vf103_bkp.o
 .debug_abbrev  0x00000000000003bc      0x112 build/gd32vf103_eclic.o
 .debug_abbrev  0x00000000000004ce      0x228 build/gd32vf103_gpio.o
 .debug_abbrev  0x00000000000006f6      0x1d6 build/gd32vf103_pmu.o
 .debug_abbrev  0x00000000000008cc      0x259 build/gd32vf103_rcu.o
 .debug_abbrev  0x0000000000000b25      0x1d4 build/gd32vf103_rtc.o
 .debug_abbrev  0x0000000000000cf9      0x21a build/gd32vf103_spi.o
 .debug_abbrev  0x0000000000000f13       0xe0 build/system_gd32vf103.o
 .debug_abbrev  0x0000000000000ff3       0xec build/_exit.o
 .debug_abbrev  0x00000000000010df       0xfa build/write_hex.o
 .debug_abbrev  0x00000000000011d9      0x4db build/n200_func.o
 .debug_abbrev  0x00000000000016b4      0x234 build/handlers.o
 .debug_abbrev  0x00000000000018e8      0x22b build/init.o
 .debug_abbrev  0x0000000000001b13      0x355 build/adc.o
 .debug_abbrev  0x0000000000001e68      0x24e build/eclicw.o
 .debug_abbrev  0x00000000000020b6      0x55b build/lcd.o
 .debug_abbrev  0x0000000000002611      0x2be build/main.o
 .debug_abbrev  0x00000000000028cf      0x2ba build/utilities.o
 .debug_abbrev  0x0000000000002b89       0x14 build/start.o
 .debug_abbrev  0x0000000000002b9d       0x12 build/entry.o
 .debug_abbrev  0x0000000000002baf       0x14 build/drivers.o
 .debug_abbrev  0x0000000000002bc3      0x187 /Users/alexstrae/toolchain-gd32v-v202-osx/compiler/bin/../lib/gcc/riscv64-unknown-elf/8.3.0/rv32imac/ilp32/libgcc.a(divdf3.o)
 .debug_abbrev  0x0000000000002d4a      0x199 /Users/alexstrae/toolchain-gd32v-v202-osx/compiler/bin/../lib/gcc/riscv64-unknown-elf/8.3.0/rv32imac/ilp32/libgcc.a(ledf2.o)
 .debug_abbrev  0x0000000000002ee3      0x197 /Users/alexstrae/toolchain-gd32v-v202-osx/compiler/bin/../lib/gcc/riscv64-unknown-elf/8.3.0/rv32imac/ilp32/libgcc.a(muldf3.o)
 .debug_abbrev  0x000000000000307a      0x178 /Users/alexstrae/toolchain-gd32v-v202-osx/compiler/bin/../lib/gcc/riscv64-unknown-elf/8.3.0/rv32imac/ilp32/libgcc.a(floatunsidf.o)
 .debug_abbrev  0x00000000000031f2      0x19f /Users/alexstrae/toolchain-gd32v-v202-osx/compiler/bin/../lib/gcc/riscv64-unknown-elf/8.3.0/rv32imac/ilp32/libgcc.a(floatundidf.o)
 .debug_abbrev  0x0000000000003391      0x275 /Users/alexstrae/toolchain-gd32v-v202-osx/compiler/bin/../lib/gcc/riscv64-unknown-elf/8.3.0/rv32imac/ilp32/libgcc.a(_lshrdi3.o)
 .debug_abbrev  0x0000000000003606      0x275 /Users/alexstrae/toolchain-gd32v-v202-osx/compiler/bin/../lib/gcc/riscv64-unknown-elf/8.3.0/rv32imac/ilp32/libgcc.a(_ashldi3.o)
 .debug_abbrev  0x000000000000387b      0x242 /Users/alexstrae/toolchain-gd32v-v202-osx/compiler/bin/../lib/gcc/riscv64-unknown-elf/8.3.0/rv32imac/ilp32/libgcc.a(_clzsi2.o)
 .debug_abbrev  0x0000000000003abd      0x1e8 /Users/alexstrae/toolchain-gd32v-v202-osx/compiler/bin/../lib/gcc/riscv64-unknown-elf/8.3.0/rv32imac/ilp32/libgcc.a(_clz.o)

.debug_loc      0x0000000000000000     0x82b6
 .debug_loc     0x0000000000000000      0x7d6 build/gd32vf103_adc.o
 .debug_loc     0x00000000000007d6      0x19f build/gd32vf103_bkp.o
 .debug_loc     0x0000000000000975       0xe7 build/gd32vf103_eclic.o
 .debug_loc     0x0000000000000a5c      0x4ba build/gd32vf103_gpio.o
 .debug_loc     0x0000000000000f16       0x8f build/gd32vf103_pmu.o
 .debug_loc     0x0000000000000fa5      0xcf4 build/gd32vf103_rcu.o
 .debug_loc     0x0000000000001c99      0x240 build/gd32vf103_rtc.o
 .debug_loc     0x0000000000001ed9      0x54e build/gd32vf103_spi.o
 .debug_loc     0x0000000000002427      0x173 build/system_gd32vf103.o
 .debug_loc     0x000000000000259a       0x3e build/_exit.o
 .debug_loc     0x00000000000025d8      0x101 build/write_hex.o
 .debug_loc     0x00000000000026d9      0xa1d build/n200_func.o
 .debug_loc     0x00000000000030f6       0x7f build/handlers.o
 .debug_loc     0x0000000000003175       0x2c build/init.o
 .debug_loc     0x00000000000031a1      0x55e build/adc.o
 .debug_loc     0x00000000000036ff      0x167 build/eclicw.o
 .debug_loc     0x0000000000003866     0x1ec3 build/lcd.o
 .debug_loc     0x0000000000005729      0x1d7 build/main.o
 .debug_loc     0x0000000000005900      0x2a8 build/utilities.o
 .debug_loc     0x0000000000005ba8     0x129b /Users/alexstrae/toolchain-gd32v-v202-osx/compiler/bin/../lib/gcc/riscv64-unknown-elf/8.3.0/rv32imac/ilp32/libgcc.a(divdf3.o)
 .debug_loc     0x0000000000006e43      0x156 /Users/alexstrae/toolchain-gd32v-v202-osx/compiler/bin/../lib/gcc/riscv64-unknown-elf/8.3.0/rv32imac/ilp32/libgcc.a(ledf2.o)
 .debug_loc     0x0000000000006f99      0xd6e /Users/alexstrae/toolchain-gd32v-v202-osx/compiler/bin/../lib/gcc/riscv64-unknown-elf/8.3.0/rv32imac/ilp32/libgcc.a(muldf3.o)
 .debug_loc     0x0000000000007d07      0x15c /Users/alexstrae/toolchain-gd32v-v202-osx/compiler/bin/../lib/gcc/riscv64-unknown-elf/8.3.0/rv32imac/ilp32/libgcc.a(floatunsidf.o)
 .debug_loc     0x0000000000007e63      0x2ec /Users/alexstrae/toolchain-gd32v-v202-osx/compiler/bin/../lib/gcc/riscv64-unknown-elf/8.3.0/rv32imac/ilp32/libgcc.a(floatundidf.o)
 .debug_loc     0x000000000000814f       0x7e /Users/alexstrae/toolchain-gd32v-v202-osx/compiler/bin/../lib/gcc/riscv64-unknown-elf/8.3.0/rv32imac/ilp32/libgcc.a(_lshrdi3.o)
 .debug_loc     0x00000000000081cd       0x7e /Users/alexstrae/toolchain-gd32v-v202-osx/compiler/bin/../lib/gcc/riscv64-unknown-elf/8.3.0/rv32imac/ilp32/libgcc.a(_ashldi3.o)
 .debug_loc     0x000000000000824b       0x6b /Users/alexstrae/toolchain-gd32v-v202-osx/compiler/bin/../lib/gcc/riscv64-unknown-elf/8.3.0/rv32imac/ilp32/libgcc.a(_clzsi2.o)

.debug_aranges  0x0000000000000000      0xbb8
 .debug_aranges
                0x0000000000000000      0x140 build/gd32vf103_adc.o
 .debug_aranges
                0x0000000000000140       0xa8 build/gd32vf103_bkp.o
 .debug_aranges
                0x00000000000001e8       0x50 build/gd32vf103_eclic.o
 .debug_aranges
                0x0000000000000238       0xa0 build/gd32vf103_gpio.o
 .debug_aranges
                0x00000000000002d8       0x78 build/gd32vf103_pmu.o
 .debug_aranges
                0x0000000000000350      0x160 build/gd32vf103_rcu.o
 .debug_aranges
                0x00000000000004b0       0x80 build/gd32vf103_rtc.o
 .debug_aranges
                0x0000000000000530      0x128 build/gd32vf103_spi.o
 .debug_aranges
                0x0000000000000658       0x28 build/system_gd32vf103.o
 .debug_aranges
                0x0000000000000680       0x20 build/_exit.o
 .debug_aranges
                0x00000000000006a0       0x20 build/write_hex.o
 .debug_aranges
                0x00000000000006c0      0x140 build/n200_func.o
 .debug_aranges
                0x0000000000000800       0x28 build/handlers.o
 .debug_aranges
                0x0000000000000828       0x28 build/init.o
 .debug_aranges
                0x0000000000000850       0x60 build/adc.o
 .debug_aranges
                0x00000000000008b0       0x38 build/eclicw.o
 .debug_aranges
                0x00000000000008e8       0xf0 build/lcd.o
 .debug_aranges
                0x00000000000009d8       0x28 build/main.o
 .debug_aranges
                0x0000000000000a00       0x38 build/utilities.o
 .debug_aranges
                0x0000000000000a38       0x20 build/start.o
 .debug_aranges
                0x0000000000000a58       0x28 build/entry.o
 .debug_aranges
                0x0000000000000a80       0x20 build/drivers.o
 .debug_aranges
                0x0000000000000aa0       0x20 /Users/alexstrae/toolchain-gd32v-v202-osx/compiler/bin/../lib/gcc/riscv64-unknown-elf/8.3.0/rv32imac/ilp32/libgcc.a(divdf3.o)
 .debug_aranges
                0x0000000000000ac0       0x20 /Users/alexstrae/toolchain-gd32v-v202-osx/compiler/bin/../lib/gcc/riscv64-unknown-elf/8.3.0/rv32imac/ilp32/libgcc.a(ledf2.o)
 .debug_aranges
                0x0000000000000ae0       0x20 /Users/alexstrae/toolchain-gd32v-v202-osx/compiler/bin/../lib/gcc/riscv64-unknown-elf/8.3.0/rv32imac/ilp32/libgcc.a(muldf3.o)
 .debug_aranges
                0x0000000000000b00       0x20 /Users/alexstrae/toolchain-gd32v-v202-osx/compiler/bin/../lib/gcc/riscv64-unknown-elf/8.3.0/rv32imac/ilp32/libgcc.a(floatunsidf.o)
 .debug_aranges
                0x0000000000000b20       0x20 /Users/alexstrae/toolchain-gd32v-v202-osx/compiler/bin/../lib/gcc/riscv64-unknown-elf/8.3.0/rv32imac/ilp32/libgcc.a(floatundidf.o)
 .debug_aranges
                0x0000000000000b40       0x20 /Users/alexstrae/toolchain-gd32v-v202-osx/compiler/bin/../lib/gcc/riscv64-unknown-elf/8.3.0/rv32imac/ilp32/libgcc.a(_lshrdi3.o)
 .debug_aranges
                0x0000000000000b60       0x20 /Users/alexstrae/toolchain-gd32v-v202-osx/compiler/bin/../lib/gcc/riscv64-unknown-elf/8.3.0/rv32imac/ilp32/libgcc.a(_ashldi3.o)
 .debug_aranges
                0x0000000000000b80       0x20 /Users/alexstrae/toolchain-gd32v-v202-osx/compiler/bin/../lib/gcc/riscv64-unknown-elf/8.3.0/rv32imac/ilp32/libgcc.a(_clzsi2.o)
 .debug_aranges
                0x0000000000000ba0       0x18 /Users/alexstrae/toolchain-gd32v-v202-osx/compiler/bin/../lib/gcc/riscv64-unknown-elf/8.3.0/rv32imac/ilp32/libgcc.a(_clz.o)

.debug_ranges   0x0000000000000000     0x1030
 .debug_ranges  0x0000000000000000      0x130 build/gd32vf103_adc.o
 .debug_ranges  0x0000000000000130       0x98 build/gd32vf103_bkp.o
 .debug_ranges  0x00000000000001c8       0x40 build/gd32vf103_eclic.o
 .debug_ranges  0x0000000000000208       0x90 build/gd32vf103_gpio.o
 .debug_ranges  0x0000000000000298       0x68 build/gd32vf103_pmu.o
 .debug_ranges  0x0000000000000300      0x150 build/gd32vf103_rcu.o
 .debug_ranges  0x0000000000000450       0x90 build/gd32vf103_rtc.o
 .debug_ranges  0x00000000000004e0      0x118 build/gd32vf103_spi.o
 .debug_ranges  0x00000000000005f8       0x18 build/system_gd32vf103.o
 .debug_ranges  0x0000000000000610       0x10 build/_exit.o
 .debug_ranges  0x0000000000000620       0x30 build/write_hex.o
 .debug_ranges  0x0000000000000650      0x240 build/n200_func.o
 .debug_ranges  0x0000000000000890       0x18 build/handlers.o
 .debug_ranges  0x00000000000008a8       0x18 build/init.o
 .debug_ranges  0x00000000000008c0       0x68 build/adc.o
 .debug_ranges  0x0000000000000928       0x28 build/eclicw.o
 .debug_ranges  0x0000000000000950      0x1c8 build/lcd.o
 .debug_ranges  0x0000000000000b18       0x38 build/main.o
 .debug_ranges  0x0000000000000b50       0x28 build/utilities.o
 .debug_ranges  0x0000000000000b78       0x20 build/entry.o
 .debug_ranges  0x0000000000000b98      0x180 /Users/alexstrae/toolchain-gd32v-v202-osx/compiler/bin/../lib/gcc/riscv64-unknown-elf/8.3.0/rv32imac/ilp32/libgcc.a(divdf3.o)
 .debug_ranges  0x0000000000000d18       0x68 /Users/alexstrae/toolchain-gd32v-v202-osx/compiler/bin/../lib/gcc/riscv64-unknown-elf/8.3.0/rv32imac/ilp32/libgcc.a(ledf2.o)
 .debug_ranges  0x0000000000000d80      0x1c0 /Users/alexstrae/toolchain-gd32v-v202-osx/compiler/bin/../lib/gcc/riscv64-unknown-elf/8.3.0/rv32imac/ilp32/libgcc.a(muldf3.o)
 .debug_ranges  0x0000000000000f40       0x68 /Users/alexstrae/toolchain-gd32v-v202-osx/compiler/bin/../lib/gcc/riscv64-unknown-elf/8.3.0/rv32imac/ilp32/libgcc.a(floatunsidf.o)
 .debug_ranges  0x0000000000000fa8       0x68 /Users/alexstrae/toolchain-gd32v-v202-osx/compiler/bin/../lib/gcc/riscv64-unknown-elf/8.3.0/rv32imac/ilp32/libgcc.a(floatundidf.o)
 .debug_ranges  0x0000000000001010       0x20 /Users/alexstrae/toolchain-gd32v-v202-osx/compiler/bin/../lib/gcc/riscv64-unknown-elf/8.3.0/rv32imac/ilp32/libgcc.a(_clzsi2.o)

.debug_line     0x0000000000000000     0xf047
 .debug_line    0x0000000000000000     0x147b build/gd32vf103_adc.o
 .debug_line    0x000000000000147b      0x6af build/gd32vf103_bkp.o
 .debug_line    0x0000000000001b2a      0x326 build/gd32vf103_eclic.o
 .debug_line    0x0000000000001e50      0xb0a build/gd32vf103_gpio.o
 .debug_line    0x000000000000295a      0x8b0 build/gd32vf103_pmu.o
 .debug_line    0x000000000000320a     0x14fd build/gd32vf103_rcu.o
 .debug_line    0x0000000000004707      0x637 build/gd32vf103_rtc.o
 .debug_line    0x0000000000004d3e      0xe1f build/gd32vf103_spi.o
 .debug_line    0x0000000000005b5d      0x6a3 build/system_gd32vf103.o
 .debug_line    0x0000000000006200      0x13e build/_exit.o
 .debug_line    0x000000000000633e      0x22b build/write_hex.o
 .debug_line    0x0000000000006569     0x12a1 build/n200_func.o
 .debug_line    0x000000000000780a      0x24f build/handlers.o
 .debug_line    0x0000000000007a59      0x28e build/init.o
 .debug_line    0x0000000000007ce7      0xa8d build/adc.o
 .debug_line    0x0000000000008774      0x47d build/eclicw.o
 .debug_line    0x0000000000008bf1     0x1e45 build/lcd.o
 .debug_line    0x000000000000aa36      0x56d build/main.o
 .debug_line    0x000000000000afa3      0x4bc build/utilities.o
 .debug_line    0x000000000000b45f      0x187 build/start.o
 .debug_line    0x000000000000b5e6       0xe3 build/entry.o
 .debug_line    0x000000000000b6c9      0x526 build/drivers.o
 .debug_line    0x000000000000bbef      0xe35 /Users/alexstrae/toolchain-gd32v-v202-osx/compiler/bin/../lib/gcc/riscv64-unknown-elf/8.3.0/rv32imac/ilp32/libgcc.a(divdf3.o)
 .debug_line    0x000000000000ca24      0x303 /Users/alexstrae/toolchain-gd32v-v202-osx/compiler/bin/../lib/gcc/riscv64-unknown-elf/8.3.0/rv32imac/ilp32/libgcc.a(ledf2.o)
 .debug_line    0x000000000000cd27      0xbf8 /Users/alexstrae/toolchain-gd32v-v202-osx/compiler/bin/../lib/gcc/riscv64-unknown-elf/8.3.0/rv32imac/ilp32/libgcc.a(muldf3.o)
 .debug_line    0x000000000000d91f      0x239 /Users/alexstrae/toolchain-gd32v-v202-osx/compiler/bin/../lib/gcc/riscv64-unknown-elf/8.3.0/rv32imac/ilp32/libgcc.a(floatunsidf.o)
 .debug_line    0x000000000000db58      0x3f5 /Users/alexstrae/toolchain-gd32v-v202-osx/compiler/bin/../lib/gcc/riscv64-unknown-elf/8.3.0/rv32imac/ilp32/libgcc.a(floatundidf.o)
 .debug_line    0x000000000000df4d      0x488 /Users/alexstrae/toolchain-gd32v-v202-osx/compiler/bin/../lib/gcc/riscv64-unknown-elf/8.3.0/rv32imac/ilp32/libgcc.a(_lshrdi3.o)
 .debug_line    0x000000000000e3d5      0x488 /Users/alexstrae/toolchain-gd32v-v202-osx/compiler/bin/../lib/gcc/riscv64-unknown-elf/8.3.0/rv32imac/ilp32/libgcc.a(_ashldi3.o)
 .debug_line    0x000000000000e85d      0x436 /Users/alexstrae/toolchain-gd32v-v202-osx/compiler/bin/../lib/gcc/riscv64-unknown-elf/8.3.0/rv32imac/ilp32/libgcc.a(_clzsi2.o)
 .debug_line    0x000000000000ec93      0x3b4 /Users/alexstrae/toolchain-gd32v-v202-osx/compiler/bin/../lib/gcc/riscv64-unknown-elf/8.3.0/rv32imac/ilp32/libgcc.a(_clz.o)

.debug_str      0x0000000000000000     0x3d31
 .debug_str     0x0000000000000000      0x849 build/gd32vf103_adc.o
                                        0x8c2 (size before relaxing)
 .debug_str     0x0000000000000849      0x43c build/gd32vf103_bkp.o
                                        0x5fd (size before relaxing)
 .debug_str     0x0000000000000c85      0x15f build/gd32vf103_eclic.o
                                        0x306 (size before relaxing)
 .debug_str     0x0000000000000de4      0x1ee build/gd32vf103_gpio.o
                                        0x5aa (size before relaxing)
 .debug_str     0x0000000000000fd2      0x159 build/gd32vf103_pmu.o
                                        0x4dd (size before relaxing)
 .debug_str     0x000000000000112b      0xa5f build/gd32vf103_rcu.o
                                        0xe29 (size before relaxing)
 .debug_str     0x0000000000001b8a      0x179 build/gd32vf103_rtc.o
                                        0x31d (size before relaxing)
 .debug_str     0x0000000000001d03      0x3ac build/gd32vf103_spi.o
                                        0x776 (size before relaxing)
 .debug_str     0x00000000000020af       0xa4 build/system_gd32vf103.o
                                        0x27c (size before relaxing)
 .debug_str     0x0000000000002153       0x96 build/_exit.o
                                        0x1e3 (size before relaxing)
 .debug_str     0x00000000000021e9       0x35 build/write_hex.o
                                        0x1dc (size before relaxing)
 .debug_str     0x000000000000221e      0x6cb build/n200_func.o
                                        0x988 (size before relaxing)
 .debug_str     0x00000000000028e9       0x56 build/handlers.o
                                        0x5d9 (size before relaxing)
 .debug_str     0x000000000000293f      0x3e5 build/init.o
                                        0x9b1 (size before relaxing)
 .debug_str     0x0000000000002d24      0x185 build/adc.o
                                        0xb3c (size before relaxing)
 .debug_str     0x0000000000002ea9       0x67 build/eclicw.o
                                        0xa30 (size before relaxing)
 .debug_str     0x0000000000002f10      0x211 build/lcd.o
                                        0xaba (size before relaxing)
 .debug_str     0x0000000000003121      0x248 build/main.o
                                        0x86b (size before relaxing)
 .debug_str     0x0000000000003369       0x4f build/utilities.o
                                        0x87f (size before relaxing)
 .debug_str     0x00000000000033b8       0x35 build/start.o
                                         0x70 (size before relaxing)
 .debug_str     0x00000000000033ed       0x29 build/entry.o
                                         0x70 (size before relaxing)
 .debug_str     0x0000000000003416        0xa build/drivers.o
                                         0x59 (size before relaxing)
 .debug_str     0x0000000000003420      0x3c8 /Users/alexstrae/toolchain-gd32v-v202-osx/compiler/bin/../lib/gcc/riscv64-unknown-elf/8.3.0/rv32imac/ilp32/libgcc.a(divdf3.o)
                                        0x453 (size before relaxing)
 .debug_str     0x00000000000037e8       0x7b /Users/alexstrae/toolchain-gd32v-v202-osx/compiler/bin/../lib/gcc/riscv64-unknown-elf/8.3.0/rv32imac/ilp32/libgcc.a(ledf2.o)
                                        0x2cf (size before relaxing)
 .debug_str     0x0000000000003863      0x15f /Users/alexstrae/toolchain-gd32v-v202-osx/compiler/bin/../lib/gcc/riscv64-unknown-elf/8.3.0/rv32imac/ilp32/libgcc.a(muldf3.o)
                                        0x4ab (size before relaxing)
 .debug_str     0x00000000000039c2       0xfd /Users/alexstrae/toolchain-gd32v-v202-osx/compiler/bin/../lib/gcc/riscv64-unknown-elf/8.3.0/rv32imac/ilp32/libgcc.a(floatunsidf.o)
                                        0x33b (size before relaxing)
 .debug_str     0x0000000000003abf       0x4c /Users/alexstrae/toolchain-gd32v-v202-osx/compiler/bin/../lib/gcc/riscv64-unknown-elf/8.3.0/rv32imac/ilp32/libgcc.a(floatundidf.o)
                                        0x345 (size before relaxing)
 .debug_str     0x0000000000003b0b      0x20e /Users/alexstrae/toolchain-gd32v-v202-osx/compiler/bin/../lib/gcc/riscv64-unknown-elf/8.3.0/rv32imac/ilp32/libgcc.a(_lshrdi3.o)
                                        0x861 (size before relaxing)
 .debug_str     0x0000000000003d19        0xa /Users/alexstrae/toolchain-gd32v-v202-osx/compiler/bin/../lib/gcc/riscv64-unknown-elf/8.3.0/rv32imac/ilp32/libgcc.a(_ashldi3.o)
                                        0x861 (size before relaxing)
 .debug_str     0x0000000000003d23        0xe /Users/alexstrae/toolchain-gd32v-v202-osx/compiler/bin/../lib/gcc/riscv64-unknown-elf/8.3.0/rv32imac/ilp32/libgcc.a(_clzsi2.o)
                                        0x82f (size before relaxing)
 .debug_str     0x0000000000003d31      0x812 /Users/alexstrae/toolchain-gd32v-v202-osx/compiler/bin/../lib/gcc/riscv64-unknown-elf/8.3.0/rv32imac/ilp32/libgcc.a(_clz.o)

.comment        0x0000000000000000       0x28
 .comment       0x0000000000000000       0x28 build/gd32vf103_adc.o
                                         0x29 (size before relaxing)
 .comment       0x0000000000000028       0x29 build/gd32vf103_bkp.o
 .comment       0x0000000000000028       0x29 build/gd32vf103_eclic.o
 .comment       0x0000000000000028       0x29 build/gd32vf103_gpio.o
 .comment       0x0000000000000028       0x29 build/gd32vf103_pmu.o
 .comment       0x0000000000000028       0x29 build/gd32vf103_rcu.o
 .comment       0x0000000000000028       0x29 build/gd32vf103_rtc.o
 .comment       0x0000000000000028       0x29 build/gd32vf103_spi.o
 .comment       0x0000000000000028       0x29 build/system_gd32vf103.o
 .comment       0x0000000000000028       0x29 build/_exit.o
 .comment       0x0000000000000028       0x29 build/write_hex.o
 .comment       0x0000000000000028       0x29 build/n200_func.o
 .comment       0x0000000000000028       0x29 build/handlers.o
 .comment       0x0000000000000028       0x29 build/init.o
 .comment       0x0000000000000028       0x29 build/adc.o
 .comment       0x0000000000000028       0x29 build/eclicw.o
 .comment       0x0000000000000028       0x29 build/lcd.o
 .comment       0x0000000000000028       0x29 build/main.o
 .comment       0x0000000000000028       0x29 build/utilities.o
 .comment       0x0000000000000028       0x29 /Users/alexstrae/toolchain-gd32v-v202-osx/compiler/bin/../lib/gcc/riscv64-unknown-elf/8.3.0/rv32imac/ilp32/libgcc.a(divdf3.o)
 .comment       0x0000000000000028       0x29 /Users/alexstrae/toolchain-gd32v-v202-osx/compiler/bin/../lib/gcc/riscv64-unknown-elf/8.3.0/rv32imac/ilp32/libgcc.a(ledf2.o)
 .comment       0x0000000000000028       0x29 /Users/alexstrae/toolchain-gd32v-v202-osx/compiler/bin/../lib/gcc/riscv64-unknown-elf/8.3.0/rv32imac/ilp32/libgcc.a(muldf3.o)
 .comment       0x0000000000000028       0x29 /Users/alexstrae/toolchain-gd32v-v202-osx/compiler/bin/../lib/gcc/riscv64-unknown-elf/8.3.0/rv32imac/ilp32/libgcc.a(floatunsidf.o)
 .comment       0x0000000000000028       0x29 /Users/alexstrae/toolchain-gd32v-v202-osx/compiler/bin/../lib/gcc/riscv64-unknown-elf/8.3.0/rv32imac/ilp32/libgcc.a(floatundidf.o)
 .comment       0x0000000000000028       0x29 /Users/alexstrae/toolchain-gd32v-v202-osx/compiler/bin/../lib/gcc/riscv64-unknown-elf/8.3.0/rv32imac/ilp32/libgcc.a(_lshrdi3.o)
 .comment       0x0000000000000028       0x29 /Users/alexstrae/toolchain-gd32v-v202-osx/compiler/bin/../lib/gcc/riscv64-unknown-elf/8.3.0/rv32imac/ilp32/libgcc.a(_ashldi3.o)
 .comment       0x0000000000000028       0x29 /Users/alexstrae/toolchain-gd32v-v202-osx/compiler/bin/../lib/gcc/riscv64-unknown-elf/8.3.0/rv32imac/ilp32/libgcc.a(_clzsi2.o)
 .comment       0x0000000000000028       0x29 /Users/alexstrae/toolchain-gd32v-v202-osx/compiler/bin/../lib/gcc/riscv64-unknown-elf/8.3.0/rv32imac/ilp32/libgcc.a(_clz.o)
 .comment       0x0000000000000028       0x29 /Users/alexstrae/toolchain-gd32v-v202-osx/compiler/bin/../lib/gcc/riscv64-unknown-elf/8.3.0/../../../../riscv64-unknown-elf/lib/rv32imac/ilp32/libc_nano.a(lib_a-atexit.o)
 .comment       0x0000000000000028       0x29 /Users/alexstrae/toolchain-gd32v-v202-osx/compiler/bin/../lib/gcc/riscv64-unknown-elf/8.3.0/../../../../riscv64-unknown-elf/lib/rv32imac/ilp32/libc_nano.a(lib_a-exit.o)
 .comment       0x0000000000000028       0x29 /Users/alexstrae/toolchain-gd32v-v202-osx/compiler/bin/../lib/gcc/riscv64-unknown-elf/8.3.0/../../../../riscv64-unknown-elf/lib/rv32imac/ilp32/libc_nano.a(lib_a-fini.o)
 .comment       0x0000000000000028       0x29 /Users/alexstrae/toolchain-gd32v-v202-osx/compiler/bin/../lib/gcc/riscv64-unknown-elf/8.3.0/../../../../riscv64-unknown-elf/lib/rv32imac/ilp32/libc_nano.a(lib_a-impure.o)
 .comment       0x0000000000000028       0x29 /Users/alexstrae/toolchain-gd32v-v202-osx/compiler/bin/../lib/gcc/riscv64-unknown-elf/8.3.0/../../../../riscv64-unknown-elf/lib/rv32imac/ilp32/libc_nano.a(lib_a-init.o)
 .comment       0x0000000000000028       0x29 /Users/alexstrae/toolchain-gd32v-v202-osx/compiler/bin/../lib/gcc/riscv64-unknown-elf/8.3.0/../../../../riscv64-unknown-elf/lib/rv32imac/ilp32/libc_nano.a(lib_a-syswrite.o)
 .comment       0x0000000000000028       0x29 /Users/alexstrae/toolchain-gd32v-v202-osx/compiler/bin/../lib/gcc/riscv64-unknown-elf/8.3.0/../../../../riscv64-unknown-elf/lib/rv32imac/ilp32/libc_nano.a(lib_a-writer.o)
 .comment       0x0000000000000028       0x29 /Users/alexstrae/toolchain-gd32v-v202-osx/compiler/bin/../lib/gcc/riscv64-unknown-elf/8.3.0/../../../../riscv64-unknown-elf/lib/rv32imac/ilp32/libc_nano.a(lib_a-__atexit.o)
 .comment       0x0000000000000028       0x29 /Users/alexstrae/toolchain-gd32v-v202-osx/compiler/bin/../lib/gcc/riscv64-unknown-elf/8.3.0/../../../../riscv64-unknown-elf/lib/rv32imac/ilp32/libc_nano.a(lib_a-__call_atexit.o)
 .comment       0x0000000000000028       0x29 /Users/alexstrae/toolchain-gd32v-v202-osx/compiler/bin/../lib/gcc/riscv64-unknown-elf/8.3.0/../../../../riscv64-unknown-elf/lib/rv32imac/ilp32/libc_nano.a(lib_a-reent.o)
 .comment       0x0000000000000028       0x29 /Users/alexstrae/toolchain-gd32v-v202-osx/compiler/bin/../lib/gcc/riscv64-unknown-elf/8.3.0/../../../../riscv64-unknown-elf/lib/rv32imac/ilp32/libgloss_nano.a(sys_write.o)
 .comment       0x0000000000000028       0x29 /Users/alexstrae/toolchain-gd32v-v202-osx/compiler/bin/../lib/gcc/riscv64-unknown-elf/8.3.0/../../../../riscv64-unknown-elf/lib/rv32imac/ilp32/libc_nano.a(lib_a-errno.o)

.riscv.attributes
                0x0000000000000000       0x2b
 .riscv.attributes
                0x0000000000000000       0x2b build/gd32vf103_adc.o
 .riscv.attributes
                0x000000000000002b       0x2b build/gd32vf103_bkp.o
 .riscv.attributes
                0x0000000000000056       0x2b build/gd32vf103_eclic.o
 .riscv.attributes
                0x0000000000000081       0x2b build/gd32vf103_gpio.o
 .riscv.attributes
                0x00000000000000ac       0x2b build/gd32vf103_pmu.o
 .riscv.attributes
                0x00000000000000d7       0x2b build/gd32vf103_rcu.o
 .riscv.attributes
                0x0000000000000102       0x2b build/gd32vf103_rtc.o
 .riscv.attributes
                0x000000000000012d       0x2b build/gd32vf103_spi.o
 .riscv.attributes
                0x0000000000000158       0x2b build/system_gd32vf103.o
 .riscv.attributes
                0x0000000000000183       0x2b build/_exit.o
 .riscv.attributes
                0x00000000000001ae       0x2b build/write_hex.o
 .riscv.attributes
                0x00000000000001d9       0x2b build/n200_func.o
 .riscv.attributes
                0x0000000000000204       0x2b build/handlers.o
 .riscv.attributes
                0x000000000000022f       0x2b build/init.o
 .riscv.attributes
                0x000000000000025a       0x2b build/adc.o
 .riscv.attributes
                0x0000000000000285       0x2b build/eclicw.o
 .riscv.attributes
                0x00000000000002b0       0x2b build/lcd.o
 .riscv.attributes
                0x00000000000002db       0x2b build/main.o
 .riscv.attributes
                0x0000000000000306       0x2b build/utilities.o
 .riscv.attributes
                0x0000000000000331       0x29 build/start.o
 .riscv.attributes
                0x000000000000035a       0x29 build/entry.o
 .riscv.attributes
                0x0000000000000383       0x29 build/drivers.o
 .riscv.attributes
                0x00000000000003ac       0x2b /Users/alexstrae/toolchain-gd32v-v202-osx/compiler/bin/../lib/gcc/riscv64-unknown-elf/8.3.0/rv32imac/ilp32/libgcc.a(divdf3.o)
 .riscv.attributes
                0x00000000000003d7       0x2b /Users/alexstrae/toolchain-gd32v-v202-osx/compiler/bin/../lib/gcc/riscv64-unknown-elf/8.3.0/rv32imac/ilp32/libgcc.a(ledf2.o)
 .riscv.attributes
                0x0000000000000402       0x2b /Users/alexstrae/toolchain-gd32v-v202-osx/compiler/bin/../lib/gcc/riscv64-unknown-elf/8.3.0/rv32imac/ilp32/libgcc.a(muldf3.o)
 .riscv.attributes
                0x000000000000042d       0x2b /Users/alexstrae/toolchain-gd32v-v202-osx/compiler/bin/../lib/gcc/riscv64-unknown-elf/8.3.0/rv32imac/ilp32/libgcc.a(floatunsidf.o)
 .riscv.attributes
                0x0000000000000458       0x2b /Users/alexstrae/toolchain-gd32v-v202-osx/compiler/bin/../lib/gcc/riscv64-unknown-elf/8.3.0/rv32imac/ilp32/libgcc.a(floatundidf.o)
 .riscv.attributes
                0x0000000000000483       0x2b /Users/alexstrae/toolchain-gd32v-v202-osx/compiler/bin/../lib/gcc/riscv64-unknown-elf/8.3.0/rv32imac/ilp32/libgcc.a(_lshrdi3.o)
 .riscv.attributes
                0x00000000000004ae       0x2b /Users/alexstrae/toolchain-gd32v-v202-osx/compiler/bin/../lib/gcc/riscv64-unknown-elf/8.3.0/rv32imac/ilp32/libgcc.a(_ashldi3.o)
 .riscv.attributes
                0x00000000000004d9       0x2b /Users/alexstrae/toolchain-gd32v-v202-osx/compiler/bin/../lib/gcc/riscv64-unknown-elf/8.3.0/rv32imac/ilp32/libgcc.a(_clzsi2.o)
 .riscv.attributes
                0x0000000000000504       0x2b /Users/alexstrae/toolchain-gd32v-v202-osx/compiler/bin/../lib/gcc/riscv64-unknown-elf/8.3.0/rv32imac/ilp32/libgcc.a(_clz.o)
 .riscv.attributes
                0x000000000000052f       0x2b /Users/alexstrae/toolchain-gd32v-v202-osx/compiler/bin/../lib/gcc/riscv64-unknown-elf/8.3.0/../../../../riscv64-unknown-elf/lib/rv32imac/ilp32/libc_nano.a(lib_a-atexit.o)
 .riscv.attributes
                0x000000000000055a       0x2b /Users/alexstrae/toolchain-gd32v-v202-osx/compiler/bin/../lib/gcc/riscv64-unknown-elf/8.3.0/../../../../riscv64-unknown-elf/lib/rv32imac/ilp32/libc_nano.a(lib_a-exit.o)
 .riscv.attributes
                0x0000000000000585       0x2b /Users/alexstrae/toolchain-gd32v-v202-osx/compiler/bin/../lib/gcc/riscv64-unknown-elf/8.3.0/../../../../riscv64-unknown-elf/lib/rv32imac/ilp32/libc_nano.a(lib_a-fini.o)
 .riscv.attributes
                0x00000000000005b0       0x2b /Users/alexstrae/toolchain-gd32v-v202-osx/compiler/bin/../lib/gcc/riscv64-unknown-elf/8.3.0/../../../../riscv64-unknown-elf/lib/rv32imac/ilp32/libc_nano.a(lib_a-impure.o)
 .riscv.attributes
                0x00000000000005db       0x2b /Users/alexstrae/toolchain-gd32v-v202-osx/compiler/bin/../lib/gcc/riscv64-unknown-elf/8.3.0/../../../../riscv64-unknown-elf/lib/rv32imac/ilp32/libc_nano.a(lib_a-init.o)
 .riscv.attributes
                0x0000000000000606       0x29 /Users/alexstrae/toolchain-gd32v-v202-osx/compiler/bin/../lib/gcc/riscv64-unknown-elf/8.3.0/../../../../riscv64-unknown-elf/lib/rv32imac/ilp32/libc_nano.a(lib_a-memcpy-asm.o)
 .riscv.attributes
                0x000000000000062f       0x2b /Users/alexstrae/toolchain-gd32v-v202-osx/compiler/bin/../lib/gcc/riscv64-unknown-elf/8.3.0/../../../../riscv64-unknown-elf/lib/rv32imac/ilp32/libc_nano.a(lib_a-syswrite.o)
 .riscv.attributes
                0x000000000000065a       0x2b /Users/alexstrae/toolchain-gd32v-v202-osx/compiler/bin/../lib/gcc/riscv64-unknown-elf/8.3.0/../../../../riscv64-unknown-elf/lib/rv32imac/ilp32/libc_nano.a(lib_a-writer.o)
 .riscv.attributes
                0x0000000000000685       0x2b /Users/alexstrae/toolchain-gd32v-v202-osx/compiler/bin/../lib/gcc/riscv64-unknown-elf/8.3.0/../../../../riscv64-unknown-elf/lib/rv32imac/ilp32/libc_nano.a(lib_a-__atexit.o)
 .riscv.attributes
                0x00000000000006b0       0x2b /Users/alexstrae/toolchain-gd32v-v202-osx/compiler/bin/../lib/gcc/riscv64-unknown-elf/8.3.0/../../../../riscv64-unknown-elf/lib/rv32imac/ilp32/libc_nano.a(lib_a-__call_atexit.o)
 .riscv.attributes
                0x00000000000006db       0x2b /Users/alexstrae/toolchain-gd32v-v202-osx/compiler/bin/../lib/gcc/riscv64-unknown-elf/8.3.0/../../../../riscv64-unknown-elf/lib/rv32imac/ilp32/libc_nano.a(lib_a-reent.o)
 .riscv.attributes
                0x0000000000000706       0x2b /Users/alexstrae/toolchain-gd32v-v202-osx/compiler/bin/../lib/gcc/riscv64-unknown-elf/8.3.0/../../../../riscv64-unknown-elf/lib/rv32imac/ilp32/libgloss_nano.a(sys_write.o)
 .riscv.attributes
                0x0000000000000731       0x2b /Users/alexstrae/toolchain-gd32v-v202-osx/compiler/bin/../lib/gcc/riscv64-unknown-elf/8.3.0/../../../../riscv64-unknown-elf/lib/rv32imac/ilp32/libc_nano.a(lib_a-errno.o)

.debug_frame    0x0000000000000000     0x1be8
 .debug_frame   0x0000000000000000      0x288 build/gd32vf103_adc.o
 .debug_frame   0x0000000000000288      0x13c build/gd32vf103_bkp.o
 .debug_frame   0x00000000000003c4       0x90 build/gd32vf103_eclic.o
 .debug_frame   0x0000000000000454      0x144 build/gd32vf103_gpio.o
 .debug_frame   0x0000000000000598       0xdc build/gd32vf103_pmu.o
 .debug_frame   0x0000000000000674      0x2e8 build/gd32vf103_rcu.o
 .debug_frame   0x000000000000095c      0x124 build/gd32vf103_rtc.o
 .debug_frame   0x0000000000000a80      0x260 build/gd32vf103_spi.o
 .debug_frame   0x0000000000000ce0       0x30 build/system_gd32vf103.o
 .debug_frame   0x0000000000000d10       0x2c build/_exit.o
 .debug_frame   0x0000000000000d3c       0x50 build/write_hex.o
 .debug_frame   0x0000000000000d8c      0x2dc build/n200_func.o
 .debug_frame   0x0000000000001068       0x44 build/handlers.o
 .debug_frame   0x00000000000010ac       0x3c build/init.o
 .debug_frame   0x00000000000010e8      0x184 build/adc.o
 .debug_frame   0x000000000000126c      0x184 build/eclicw.o
 .debug_frame   0x00000000000013f0      0x560 build/lcd.o
 .debug_frame   0x0000000000001950       0x6c build/main.o
 .debug_frame   0x00000000000019bc       0x8c build/utilities.o
 .debug_frame   0x0000000000001a48       0x54 /Users/alexstrae/toolchain-gd32v-v202-osx/compiler/bin/../lib/gcc/riscv64-unknown-elf/8.3.0/rv32imac/ilp32/libgcc.a(divdf3.o)
 .debug_frame   0x0000000000001a9c       0x20 /Users/alexstrae/toolchain-gd32v-v202-osx/compiler/bin/../lib/gcc/riscv64-unknown-elf/8.3.0/rv32imac/ilp32/libgcc.a(ledf2.o)
 .debug_frame   0x0000000000001abc       0x54 /Users/alexstrae/toolchain-gd32v-v202-osx/compiler/bin/../lib/gcc/riscv64-unknown-elf/8.3.0/rv32imac/ilp32/libgcc.a(muldf3.o)
 .debug_frame   0x0000000000001b10       0x34 /Users/alexstrae/toolchain-gd32v-v202-osx/compiler/bin/../lib/gcc/riscv64-unknown-elf/8.3.0/rv32imac/ilp32/libgcc.a(floatunsidf.o)
 .debug_frame   0x0000000000001b44       0x44 /Users/alexstrae/toolchain-gd32v-v202-osx/compiler/bin/../lib/gcc/riscv64-unknown-elf/8.3.0/rv32imac/ilp32/libgcc.a(floatundidf.o)
 .debug_frame   0x0000000000001b88       0x20 /Users/alexstrae/toolchain-gd32v-v202-osx/compiler/bin/../lib/gcc/riscv64-unknown-elf/8.3.0/rv32imac/ilp32/libgcc.a(_lshrdi3.o)
 .debug_frame   0x0000000000001ba8       0x20 /Users/alexstrae/toolchain-gd32v-v202-osx/compiler/bin/../lib/gcc/riscv64-unknown-elf/8.3.0/rv32imac/ilp32/libgcc.a(_ashldi3.o)
 .debug_frame   0x0000000000001bc8       0x20 /Users/alexstrae/toolchain-gd32v-v202-osx/compiler/bin/../lib/gcc/riscv64-unknown-elf/8.3.0/rv32imac/ilp32/libgcc.a(_clzsi2.o)

Cross Reference Table

Symbol                                            File
ADC0_1_IRQHandler                                 build/start.o
ADC3powerUpInit                                   build/adc.o
                                                  build/main.o
ADC_read                                          build/adc.o
BACK_COLOR                                        build/lcd.o
CAN0_EWMC_IRQHandler                              build/start.o
CAN0_RX0_IRQHandler                               build/start.o
CAN0_RX1_IRQHandler                               build/start.o
CAN0_TX_IRQHandler                                build/start.o
CAN1_EWMC_IRQHandler                              build/start.o
CAN1_RX0_IRQHandler                               build/start.o
CAN1_RX1_IRQHandler                               build/start.o
CAN1_TX_IRQHandler                                build/start.o
DMA0_Channel0_IRQHandler                          build/start.o
DMA0_Channel1_IRQHandler                          build/start.o
DMA0_Channel2_IRQHandler                          build/start.o
DMA0_Channel3_IRQHandler                          build/start.o
DMA0_Channel4_IRQHandler                          build/start.o
DMA0_Channel5_IRQHandler                          build/start.o
DMA0_Channel6_IRQHandler                          build/start.o
DMA1_Channel0_IRQHandler                          build/start.o
DMA1_Channel1_IRQHandler                          build/start.o
DMA1_Channel2_IRQHandler                          build/start.o
DMA1_Channel3_IRQHandler                          build/start.o
DMA1_Channel4_IRQHandler                          build/start.o
Draw_Circle                                       build/lcd.o
EXMC_IRQHandler                                   build/start.o
EXTI0_IRQHandler                                  build/start.o
EXTI10_15_IRQHandler                              build/start.o
EXTI1_IRQHandler                                  build/start.o
EXTI2_IRQHandler                                  build/start.o
EXTI3_IRQHandler                                  build/start.o
EXTI4_IRQHandler                                  build/start.o
EXTI5_9_IRQHandler                                build/start.o
FMC_IRQHandler                                    build/start.o
Fukt_this_sample                                  build/adc.o
Hzk16                                             build/lcd.o
Hzk32                                             build/lcd.o
I2C0_ER_IRQHandler                                build/start.o
I2C0_EV_IRQHandler                                build/start.o
I2C1_ER_IRQHandler                                build/start.o
I2C1_EV_IRQHandler                                build/start.o
LCD_Address_Set                                   build/lcd.o
LCD_Clear                                         build/lcd.o
                                                  build/wifiServices.o
                                                  build/main.o
                                                  build/adc.o
LCD_DrawLine                                      build/lcd.o
LCD_DrawPoint                                     build/lcd.o
LCD_DrawPoint_big                                 build/lcd.o
LCD_DrawRectangle                                 build/lcd.o
LCD_Fill                                          build/lcd.o
                                                  build/renderPlants.o
                                                  build/main.o
LCD_ShowChar                                      build/lcd.o
LCD_ShowChinese                                   build/lcd.o
LCD_ShowNum                                       build/lcd.o
                                                  build/renderPlants.o
LCD_ShowNum1                                      build/lcd.o
                                                  build/adc.o
LCD_ShowPicture                                   build/lcd.o
LCD_ShowStr                                       build/lcd.o
                                                  build/wifiServices.o
                                                  build/renderPlants.o
                                                  build/main.o
                                                  build/adc.o
LCD_ShowString                                    build/lcd.o
LCD_WR_DATA                                       build/lcd.o
LCD_WR_DATA8                                      build/lcd.o
LCD_WR_Queue                                      build/lcd.o
LCD_WR_REG                                        build/lcd.o
LCD_Wait_On_Queue                                 build/lcd.o
LCD_Writ_Bus                                      build/lcd.o
LCD_Write_Bus                                     build/lcd.o
LVD_IRQHandler                                    build/start.o
Lcd_Init                                          build/lcd.o
                                                  build/main.o
Lcd_SetType                                       build/lcd.o
                                                  build/main.o
MAX31865_ExchangeByte                             build/adc.o
MAX31865_Init                                     build/adc.o
                                                  build/main.o
MAX31865_ReadADC                                  build/adc.o
RCU_IRQHandler                                    build/start.o
RTC_Alarm_IRQHandler                              build/start.o
RTC_IRQHandler                                    build/start.o
SPI0_IRQHandler                                   build/start.o
SPI1_IRQHandler                                   build/start.o
SPI2_IRQHandler                                   build/start.o
SystemCoreClock                                   build/system_gd32vf103.o
                                                  build/lcd.o
                                                  build/n200_func.o
SystemCoreClockUpdate                             build/system_gd32vf103.o
SystemInit                                        build/system_gd32vf103.o
                                                  build/init.o
TAMPER_IRQHandler                                 build/start.o
TIMER0_BRK_IRQHandler                             build/start.o
TIMER0_Channel_IRQHandler                         build/start.o
TIMER0_TRG_CMT_IRQHandler                         build/start.o
TIMER0_UP_IRQHandler                              build/start.o
TIMER1_IRQHandler                                 build/start.o
TIMER2_IRQHandler                                 build/start.o
TIMER3_IRQHandler                                 build/start.o
TIMER4_IRQHandler                                 build/eclicw.o
                                                  build/start.o
TIMER5_IRQHandler                                 build/start.o
TIMER6_IRQHandler                                 build/start.o
UART3_IRQHandler                                  build/start.o
UART4_IRQHandler                                  build/start.o
USART0_IRQHandler                                 build/eclicw.o
                                                  build/start.o
USART1_IRQHandler                                 build/start.o
USART2_IRQHandler                                 build/start.o
USBFS_IRQHandler                                  build/start.o
USBFS_WKUP_IRQHandler                             build/start.o
WWDGT_IRQHandler                                  build/start.o
__addsf3                                          /Users/alexstrae/toolchain-gd32v-v202-osx/compiler/bin/../lib/gcc/riscv64-unknown-elf/8.3.0/rv32imac/ilp32/libgcc.a(addsf3.o)
                                                  build/adc.o
__ashldi3                                         /Users/alexstrae/toolchain-gd32v-v202-osx/compiler/bin/../lib/gcc/riscv64-unknown-elf/8.3.0/rv32imac/ilp32/libgcc.a(_ashldi3.o)
                                                  /Users/alexstrae/toolchain-gd32v-v202-osx/compiler/bin/../lib/gcc/riscv64-unknown-elf/8.3.0/rv32imac/ilp32/libgcc.a(floatundidf.o)
__atexit_dummy                                    /Users/alexstrae/toolchain-gd32v-v202-osx/compiler/bin/../lib/gcc/riscv64-unknown-elf/8.3.0/../../../../riscv64-unknown-elf/lib/rv32imac/ilp32/libc_nano.a(lib_a-__atexit.o)
__bss_start                                       build/start.o
__call_exitprocs                                  /Users/alexstrae/toolchain-gd32v-v202-osx/compiler/bin/../lib/gcc/riscv64-unknown-elf/8.3.0/../../../../riscv64-unknown-elf/lib/rv32imac/ilp32/libc_nano.a(lib_a-__call_atexit.o)
                                                  /Users/alexstrae/toolchain-gd32v-v202-osx/compiler/bin/../lib/gcc/riscv64-unknown-elf/8.3.0/../../../../riscv64-unknown-elf/lib/rv32imac/ilp32/libc_nano.a(lib_a-__atexit.o)
                                                  /Users/alexstrae/toolchain-gd32v-v202-osx/compiler/bin/../lib/gcc/riscv64-unknown-elf/8.3.0/../../../../riscv64-unknown-elf/lib/rv32imac/ilp32/libc_nano.a(lib_a-exit.o)
__clz_tab                                         /Users/alexstrae/toolchain-gd32v-v202-osx/compiler/bin/../lib/gcc/riscv64-unknown-elf/8.3.0/rv32imac/ilp32/libgcc.a(_clz.o)
                                                  /Users/alexstrae/toolchain-gd32v-v202-osx/compiler/bin/../lib/gcc/riscv64-unknown-elf/8.3.0/rv32imac/ilp32/libgcc.a(_clzsi2.o)
__clzsi2                                          /Users/alexstrae/toolchain-gd32v-v202-osx/compiler/bin/../lib/gcc/riscv64-unknown-elf/8.3.0/rv32imac/ilp32/libgcc.a(_clzsi2.o)
                                                  /Users/alexstrae/toolchain-gd32v-v202-osx/compiler/bin/../lib/gcc/riscv64-unknown-elf/8.3.0/rv32imac/ilp32/libgcc.a(extendsfdf2.o)
                                                  /Users/alexstrae/toolchain-gd32v-v202-osx/compiler/bin/../lib/gcc/riscv64-unknown-elf/8.3.0/rv32imac/ilp32/libgcc.a(floatunsisf.o)
                                                  /Users/alexstrae/toolchain-gd32v-v202-osx/compiler/bin/../lib/gcc/riscv64-unknown-elf/8.3.0/rv32imac/ilp32/libgcc.a(floatsisf.o)
                                                  /Users/alexstrae/toolchain-gd32v-v202-osx/compiler/bin/../lib/gcc/riscv64-unknown-elf/8.3.0/rv32imac/ilp32/libgcc.a(mulsf3.o)
                                                  /Users/alexstrae/toolchain-gd32v-v202-osx/compiler/bin/../lib/gcc/riscv64-unknown-elf/8.3.0/rv32imac/ilp32/libgcc.a(divsf3.o)
                                                  /Users/alexstrae/toolchain-gd32v-v202-osx/compiler/bin/../lib/gcc/riscv64-unknown-elf/8.3.0/rv32imac/ilp32/libgcc.a(addsf3.o)
                                                  /Users/alexstrae/toolchain-gd32v-v202-osx/compiler/bin/../lib/gcc/riscv64-unknown-elf/8.3.0/rv32imac/ilp32/libgcc.a(floatundidf.o)
                                                  /Users/alexstrae/toolchain-gd32v-v202-osx/compiler/bin/../lib/gcc/riscv64-unknown-elf/8.3.0/rv32imac/ilp32/libgcc.a(floatunsidf.o)
                                                  /Users/alexstrae/toolchain-gd32v-v202-osx/compiler/bin/../lib/gcc/riscv64-unknown-elf/8.3.0/rv32imac/ilp32/libgcc.a(subdf3.o)
                                                  /Users/alexstrae/toolchain-gd32v-v202-osx/compiler/bin/../lib/gcc/riscv64-unknown-elf/8.3.0/rv32imac/ilp32/libgcc.a(muldf3.o)
                                                  /Users/alexstrae/toolchain-gd32v-v202-osx/compiler/bin/../lib/gcc/riscv64-unknown-elf/8.3.0/rv32imac/ilp32/libgcc.a(divdf3.o)
__divdf3                                          /Users/alexstrae/toolchain-gd32v-v202-osx/compiler/bin/../lib/gcc/riscv64-unknown-elf/8.3.0/rv32imac/ilp32/libgcc.a(divdf3.o)
                                                  build/lcd.o
                                                  build/adc.o
__divsf3                                          /Users/alexstrae/toolchain-gd32v-v202-osx/compiler/bin/../lib/gcc/riscv64-unknown-elf/8.3.0/rv32imac/ilp32/libgcc.a(divsf3.o)
                                                  build/adc.o
__errno                                           /Users/alexstrae/toolchain-gd32v-v202-osx/compiler/bin/../lib/gcc/riscv64-unknown-elf/8.3.0/../../../../riscv64-unknown-elf/lib/rv32imac/ilp32/libc_nano.a(lib_a-errno.o)
                                                  /Users/alexstrae/toolchain-gd32v-v202-osx/compiler/bin/../lib/gcc/riscv64-unknown-elf/8.3.0/../../../../riscv64-unknown-elf/lib/rv32imac/ilp32/libgloss_nano.a(sys_write.o)
__extendsfdf2                                     /Users/alexstrae/toolchain-gd32v-v202-osx/compiler/bin/../lib/gcc/riscv64-unknown-elf/8.3.0/rv32imac/ilp32/libgcc.a(extendsfdf2.o)
                                                  build/adc.o
__fini_array_end                                  /Users/alexstrae/toolchain-gd32v-v202-osx/compiler/bin/../lib/gcc/riscv64-unknown-elf/8.3.0/../../../../riscv64-unknown-elf/lib/rv32imac/ilp32/libc_nano.a(lib_a-fini.o)
__fini_array_start                                /Users/alexstrae/toolchain-gd32v-v202-osx/compiler/bin/../lib/gcc/riscv64-unknown-elf/8.3.0/../../../../riscv64-unknown-elf/lib/rv32imac/ilp32/libc_nano.a(lib_a-fini.o)
__fixsfsi                                         /Users/alexstrae/toolchain-gd32v-v202-osx/compiler/bin/../lib/gcc/riscv64-unknown-elf/8.3.0/rv32imac/ilp32/libgcc.a(fixsfsi.o)
                                                  build/adc.o
__fixunssfsi                                      /Users/alexstrae/toolchain-gd32v-v202-osx/compiler/bin/../lib/gcc/riscv64-unknown-elf/8.3.0/rv32imac/ilp32/libgcc.a(fixunssfsi.o)
                                                  build/lcd.o
__floatsisf                                       /Users/alexstrae/toolchain-gd32v-v202-osx/compiler/bin/../lib/gcc/riscv64-unknown-elf/8.3.0/rv32imac/ilp32/libgcc.a(floatsisf.o)
                                                  build/adc.o
__floatundidf                                     /Users/alexstrae/toolchain-gd32v-v202-osx/compiler/bin/../lib/gcc/riscv64-unknown-elf/8.3.0/rv32imac/ilp32/libgcc.a(floatundidf.o)
                                                  build/lcd.o
__floatunsidf                                     /Users/alexstrae/toolchain-gd32v-v202-osx/compiler/bin/../lib/gcc/riscv64-unknown-elf/8.3.0/rv32imac/ilp32/libgcc.a(floatunsidf.o)
                                                  build/lcd.o
__floatunsisf                                     /Users/alexstrae/toolchain-gd32v-v202-osx/compiler/bin/../lib/gcc/riscv64-unknown-elf/8.3.0/rv32imac/ilp32/libgcc.a(floatunsisf.o)
                                                  build/adc.o
__global_pointer$                                 build/start.o
__init_array_end                                  /Users/alexstrae/toolchain-gd32v-v202-osx/compiler/bin/../lib/gcc/riscv64-unknown-elf/8.3.0/../../../../riscv64-unknown-elf/lib/rv32imac/ilp32/libc_nano.a(lib_a-init.o)
__init_array_start                                /Users/alexstrae/toolchain-gd32v-v202-osx/compiler/bin/../lib/gcc/riscv64-unknown-elf/8.3.0/../../../../riscv64-unknown-elf/lib/rv32imac/ilp32/libc_nano.a(lib_a-init.o)
__ledf2                                           /Users/alexstrae/toolchain-gd32v-v202-osx/compiler/bin/../lib/gcc/riscv64-unknown-elf/8.3.0/rv32imac/ilp32/libgcc.a(ledf2.o)
__libc_fini_array                                 /Users/alexstrae/toolchain-gd32v-v202-osx/compiler/bin/../lib/gcc/riscv64-unknown-elf/8.3.0/../../../../riscv64-unknown-elf/lib/rv32imac/ilp32/libc_nano.a(lib_a-fini.o)
                                                  build/start.o
__libc_init_array                                 /Users/alexstrae/toolchain-gd32v-v202-osx/compiler/bin/../lib/gcc/riscv64-unknown-elf/8.3.0/../../../../riscv64-unknown-elf/lib/rv32imac/ilp32/libc_nano.a(lib_a-init.o)
                                                  build/start.o
__lshrdi3                                         /Users/alexstrae/toolchain-gd32v-v202-osx/compiler/bin/../lib/gcc/riscv64-unknown-elf/8.3.0/rv32imac/ilp32/libgcc.a(_lshrdi3.o)
                                                  /Users/alexstrae/toolchain-gd32v-v202-osx/compiler/bin/../lib/gcc/riscv64-unknown-elf/8.3.0/rv32imac/ilp32/libgcc.a(floatundidf.o)
__ltdf2                                           /Users/alexstrae/toolchain-gd32v-v202-osx/compiler/bin/../lib/gcc/riscv64-unknown-elf/8.3.0/rv32imac/ilp32/libgcc.a(ledf2.o)
                                                  build/lcd.o
__malloc_free_list                                /Users/alexstrae/toolchain-gd32v-v202-osx/compiler/bin/../lib/gcc/riscv64-unknown-elf/8.3.0/../../../../riscv64-unknown-elf/lib/rv32imac/ilp32/libc_nano.a(lib_a-nano-mallocr.o)
                                                  /Users/alexstrae/toolchain-gd32v-v202-osx/compiler/bin/../lib/gcc/riscv64-unknown-elf/8.3.0/../../../../riscv64-unknown-elf/lib/rv32imac/ilp32/libc_nano.a(lib_a-nano-freer.o)
__malloc_lock                                     /Users/alexstrae/toolchain-gd32v-v202-osx/compiler/bin/../lib/gcc/riscv64-unknown-elf/8.3.0/../../../../riscv64-unknown-elf/lib/rv32imac/ilp32/libc_nano.a(lib_a-mlock.o)
                                                  /Users/alexstrae/toolchain-gd32v-v202-osx/compiler/bin/../lib/gcc/riscv64-unknown-elf/8.3.0/../../../../riscv64-unknown-elf/lib/rv32imac/ilp32/libc_nano.a(lib_a-nano-mallocr.o)
                                                  /Users/alexstrae/toolchain-gd32v-v202-osx/compiler/bin/../lib/gcc/riscv64-unknown-elf/8.3.0/../../../../riscv64-unknown-elf/lib/rv32imac/ilp32/libc_nano.a(lib_a-nano-freer.o)
__malloc_sbrk_start                               /Users/alexstrae/toolchain-gd32v-v202-osx/compiler/bin/../lib/gcc/riscv64-unknown-elf/8.3.0/../../../../riscv64-unknown-elf/lib/rv32imac/ilp32/libc_nano.a(lib_a-nano-mallocr.o)
__malloc_unlock                                   /Users/alexstrae/toolchain-gd32v-v202-osx/compiler/bin/../lib/gcc/riscv64-unknown-elf/8.3.0/../../../../riscv64-unknown-elf/lib/rv32imac/ilp32/libc_nano.a(lib_a-mlock.o)
                                                  /Users/alexstrae/toolchain-gd32v-v202-osx/compiler/bin/../lib/gcc/riscv64-unknown-elf/8.3.0/../../../../riscv64-unknown-elf/lib/rv32imac/ilp32/libc_nano.a(lib_a-nano-mallocr.o)
                                                  /Users/alexstrae/toolchain-gd32v-v202-osx/compiler/bin/../lib/gcc/riscv64-unknown-elf/8.3.0/../../../../riscv64-unknown-elf/lib/rv32imac/ilp32/libc_nano.a(lib_a-nano-freer.o)
__muldf3                                          /Users/alexstrae/toolchain-gd32v-v202-osx/compiler/bin/../lib/gcc/riscv64-unknown-elf/8.3.0/rv32imac/ilp32/libgcc.a(muldf3.o)
                                                  build/lcd.o
__mulsf3                                          /Users/alexstrae/toolchain-gd32v-v202-osx/compiler/bin/../lib/gcc/riscv64-unknown-elf/8.3.0/rv32imac/ilp32/libgcc.a(mulsf3.o)
                                                  build/lcd.o
                                                  build/adc.o
__on_exit_args                                    /Users/alexstrae/toolchain-gd32v-v202-osx/compiler/bin/../lib/gcc/riscv64-unknown-elf/8.3.0/../../../../riscv64-unknown-elf/lib/rv32imac/ilp32/libc_nano.a(lib_a-__atexit.o)
__preinit_array_end                               /Users/alexstrae/toolchain-gd32v-v202-osx/compiler/bin/../lib/gcc/riscv64-unknown-elf/8.3.0/../../../../riscv64-unknown-elf/lib/rv32imac/ilp32/libc_nano.a(lib_a-init.o)
__preinit_array_start                             /Users/alexstrae/toolchain-gd32v-v202-osx/compiler/bin/../lib/gcc/riscv64-unknown-elf/8.3.0/../../../../riscv64-unknown-elf/lib/rv32imac/ilp32/libc_nano.a(lib_a-init.o)
__register_exitproc                               /Users/alexstrae/toolchain-gd32v-v202-osx/compiler/bin/../lib/gcc/riscv64-unknown-elf/8.3.0/../../../../riscv64-unknown-elf/lib/rv32imac/ilp32/libc_nano.a(lib_a-__atexit.o)
                                                  /Users/alexstrae/toolchain-gd32v-v202-osx/compiler/bin/../lib/gcc/riscv64-unknown-elf/8.3.0/../../../../riscv64-unknown-elf/lib/rv32imac/ilp32/libc_nano.a(lib_a-atexit.o)
__sf_fake_stderr                                  /Users/alexstrae/toolchain-gd32v-v202-osx/compiler/bin/../lib/gcc/riscv64-unknown-elf/8.3.0/../../../../riscv64-unknown-elf/lib/rv32imac/ilp32/libc_nano.a(lib_a-impure.o)
__sf_fake_stdin                                   /Users/alexstrae/toolchain-gd32v-v202-osx/compiler/bin/../lib/gcc/riscv64-unknown-elf/8.3.0/../../../../riscv64-unknown-elf/lib/rv32imac/ilp32/libc_nano.a(lib_a-impure.o)
__sf_fake_stdout                                  /Users/alexstrae/toolchain-gd32v-v202-osx/compiler/bin/../lib/gcc/riscv64-unknown-elf/8.3.0/../../../../riscv64-unknown-elf/lib/rv32imac/ilp32/libc_nano.a(lib_a-impure.o)
__ssprint_r                                       /Users/alexstrae/toolchain-gd32v-v202-osx/compiler/bin/../lib/gcc/riscv64-unknown-elf/8.3.0/../../../../riscv64-unknown-elf/lib/rv32imac/ilp32/libc_nano.a(lib_a-nano-svfprintf.o)
__ssputs_r                                        /Users/alexstrae/toolchain-gd32v-v202-osx/compiler/bin/../lib/gcc/riscv64-unknown-elf/8.3.0/../../../../riscv64-unknown-elf/lib/rv32imac/ilp32/libc_nano.a(lib_a-nano-svfprintf.o)
__subdf3                                          /Users/alexstrae/toolchain-gd32v-v202-osx/compiler/bin/../lib/gcc/riscv64-unknown-elf/8.3.0/rv32imac/ilp32/libgcc.a(subdf3.o)
                                                  build/adc.o
__truncdfsf2                                      /Users/alexstrae/toolchain-gd32v-v202-osx/compiler/bin/../lib/gcc/riscv64-unknown-elf/8.3.0/rv32imac/ilp32/libgcc.a(truncdfsf2.o)
                                                  build/adc.o
_close                                            build/close.o
_data                                             build/start.o
_data_lma                                         build/start.o
_edata                                            build/start.o
_end                                              build/start.o
                                                  build/sbrk.o
_exit                                             build/_exit.o
                                                  /Users/alexstrae/toolchain-gd32v-v202-osx/compiler/bin/../lib/gcc/riscv64-unknown-elf/8.3.0/../../../../riscv64-unknown-elf/lib/rv32imac/ilp32/libc_nano.a(lib_a-exit.o)
                                                  build/handlers.o
_fini                                             build/init.o
_free_r                                           /Users/alexstrae/toolchain-gd32v-v202-osx/compiler/bin/../lib/gcc/riscv64-unknown-elf/8.3.0/../../../../riscv64-unknown-elf/lib/rv32imac/ilp32/libc_nano.a(lib_a-nano-freer.o)
                                                  /Users/alexstrae/toolchain-gd32v-v202-osx/compiler/bin/../lib/gcc/riscv64-unknown-elf/8.3.0/../../../../riscv64-unknown-elf/lib/rv32imac/ilp32/libc_nano.a(lib_a-nano-reallocr.o)
                                                  /Users/alexstrae/toolchain-gd32v-v202-osx/compiler/bin/../lib/gcc/riscv64-unknown-elf/8.3.0/../../../../riscv64-unknown-elf/lib/rv32imac/ilp32/libc_nano.a(lib_a-reent.o)
                                                  /Users/alexstrae/toolchain-gd32v-v202-osx/compiler/bin/../lib/gcc/riscv64-unknown-elf/8.3.0/../../../../riscv64-unknown-elf/lib/rv32imac/ilp32/libc_nano.a(lib_a-nano-svfprintf.o)
                                                  /Users/alexstrae/toolchain-gd32v-v202-osx/compiler/bin/../lib/gcc/riscv64-unknown-elf/8.3.0/../../../../riscv64-unknown-elf/lib/rv32imac/ilp32/libc_nano.a(lib_a-malloc.o)
_fstat                                            build/fstat.o
_global_atexit                                    /Users/alexstrae/toolchain-gd32v-v202-osx/compiler/bin/../lib/gcc/riscv64-unknown-elf/8.3.0/../../../../riscv64-unknown-elf/lib/rv32imac/ilp32/libc_nano.a(lib_a-__call_atexit.o)
                                                  /Users/alexstrae/toolchain-gd32v-v202-osx/compiler/bin/../lib/gcc/riscv64-unknown-elf/8.3.0/../../../../riscv64-unknown-elf/lib/rv32imac/ilp32/libc_nano.a(lib_a-__atexit.o)
_global_impure_ptr                                /Users/alexstrae/toolchain-gd32v-v202-osx/compiler/bin/../lib/gcc/riscv64-unknown-elf/8.3.0/../../../../riscv64-unknown-elf/lib/rv32imac/ilp32/libc_nano.a(lib_a-impure.o)
                                                  /Users/alexstrae/toolchain-gd32v-v202-osx/compiler/bin/../lib/gcc/riscv64-unknown-elf/8.3.0/../../../../riscv64-unknown-elf/lib/rv32imac/ilp32/libc_nano.a(lib_a-exit.o)
_heap_end                                         build/sbrk.o
_impure_ptr                                       /Users/alexstrae/toolchain-gd32v-v202-osx/compiler/bin/../lib/gcc/riscv64-unknown-elf/8.3.0/../../../../riscv64-unknown-elf/lib/rv32imac/ilp32/libc_nano.a(lib_a-impure.o)
                                                  /Users/alexstrae/toolchain-gd32v-v202-osx/compiler/bin/../lib/gcc/riscv64-unknown-elf/8.3.0/../../../../riscv64-unknown-elf/lib/rv32imac/ilp32/libc_nano.a(lib_a-errno.o)
                                                  /Users/alexstrae/toolchain-gd32v-v202-osx/compiler/bin/../lib/gcc/riscv64-unknown-elf/8.3.0/../../../../riscv64-unknown-elf/lib/rv32imac/ilp32/libc_nano.a(lib_a-reent.o)
                                                  /Users/alexstrae/toolchain-gd32v-v202-osx/compiler/bin/../lib/gcc/riscv64-unknown-elf/8.3.0/../../../../riscv64-unknown-elf/lib/rv32imac/ilp32/libc_nano.a(lib_a-syswrite.o)
                                                  /Users/alexstrae/toolchain-gd32v-v202-osx/compiler/bin/../lib/gcc/riscv64-unknown-elf/8.3.0/../../../../riscv64-unknown-elf/lib/rv32imac/ilp32/libc_nano.a(lib_a-snprintf.o)
                                                  /Users/alexstrae/toolchain-gd32v-v202-osx/compiler/bin/../lib/gcc/riscv64-unknown-elf/8.3.0/../../../../riscv64-unknown-elf/lib/rv32imac/ilp32/libc_nano.a(lib_a-malloc.o)
_init                                             build/init.o
                                                  build/start.o
_isatty                                           build/isatty.o
                                                  /Users/alexstrae/toolchain-gd32v-v202-osx/compiler/bin/../lib/gcc/riscv64-unknown-elf/8.3.0/../../../../riscv64-unknown-elf/lib/rv32imac/ilp32/libc_nano.a(lib_a-sysisatty.o)
_lseek                                            build/lseek.o
_malloc_r                                         /Users/alexstrae/toolchain-gd32v-v202-osx/compiler/bin/../lib/gcc/riscv64-unknown-elf/8.3.0/../../../../riscv64-unknown-elf/lib/rv32imac/ilp32/libc_nano.a(lib_a-nano-mallocr.o)
                                                  /Users/alexstrae/toolchain-gd32v-v202-osx/compiler/bin/../lib/gcc/riscv64-unknown-elf/8.3.0/../../../../riscv64-unknown-elf/lib/rv32imac/ilp32/libc_nano.a(lib_a-nano-reallocr.o)