Archive member included to satisfy reference by file (symbol)

/Users/alexstrae/toolchain-gd32v-v202-osx/compiler/bin/../lib/gcc/riscv64-unknown-elf/8.3.0/rv32imac/ilp32/libgcc.a(divdf3.o)
                              build/tf_card.o (__divdf3)
/Users/alexstrae/toolchain-gd32v-v202-osx/compiler/bin/../lib/gcc/riscv64-unknown-elf/8.3.0/rv32imac/ilp32/libgcc.a(ledf2.o)
                              build/tf_card.o (__ltdf2)
/Users/alexstrae/toolchain-gd32v-v202-osx/compiler/bin/../lib/gcc/riscv64-unknown-elf/8.3.0/rv32imac/ilp32/libgcc.a(muldf3.o)
                              build/tf_card.o (__muldf3)
/Users/alexstrae/toolchain-gd32v-v202-osx/compiler/bin/../lib/gcc/riscv64-unknown-elf/8.3.0/rv32imac/ilp32/libgcc.a(subdf3.o)
                              build/adc.o (__subdf3)
/Users/alexstrae/toolchain-gd32v-v202-osx/compiler/bin/../lib/gcc/riscv64-unknown-elf/8.3.0/rv32imac/ilp32/libgcc.a(fixunsdfsi.o)
                              build/pwm.o (__fixunsdfsi)
/Users/alexstrae/toolchain-gd32v-v202-osx/compiler/bin/../lib/gcc/riscv64-unknown-elf/8.3.0/rv32imac/ilp32/libgcc.a(floatsidf.o)
                              build/pwm.o (__floatsidf)
/Users/alexstrae/toolchain-gd32v-v202-osx/compiler/bin/../lib/gcc/riscv64-unknown-elf/8.3.0/rv32imac/ilp32/libgcc.a(floatunsidf.o)
                              build/tf_card.o (__floatunsidf)
/Users/alexstrae/toolchain-gd32v-v202-osx/compiler/bin/../lib/gcc/riscv64-unknown-elf/8.3.0/rv32imac/ilp32/libgcc.a(floatundidf.o)
                              build/tf_card.o (__floatundidf)
/Users/alexstrae/toolchain-gd32v-v202-osx/compiler/bin/../lib/gcc/riscv64-unknown-elf/8.3.0/rv32imac/ilp32/libgcc.a(addsf3.o)
                              build/adc.o (__addsf3)
/Users/alexstrae/toolchain-gd32v-v202-osx/compiler/bin/../lib/gcc/riscv64-unknown-elf/8.3.0/rv32imac/ilp32/libgcc.a(divsf3.o)
                              build/adc.o (__divsf3)
/Users/alexstrae/toolchain-gd32v-v202-osx/compiler/bin/../lib/gcc/riscv64-unknown-elf/8.3.0/rv32imac/ilp32/libgcc.a(mulsf3.o)
                              build/adc.o (__mulsf3)
/Users/alexstrae/toolchain-gd32v-v202-osx/compiler/bin/../lib/gcc/riscv64-unknown-elf/8.3.0/rv32imac/ilp32/libgcc.a(fixsfsi.o)
                              build/plant.o (__fixsfsi)
/Users/alexstrae/toolchain-gd32v-v202-osx/compiler/bin/../lib/gcc/riscv64-unknown-elf/8.3.0/rv32imac/ilp32/libgcc.a(fixunssfsi.o)
                              build/lcd.o (__fixunssfsi)
/Users/alexstrae/toolchain-gd32v-v202-osx/compiler/bin/../lib/gcc/riscv64-unknown-elf/8.3.0/rv32imac/ilp32/libgcc.a(floatunsisf.o)
                              build/adc.o (__floatunsisf)
/Users/alexstrae/toolchain-gd32v-v202-osx/compiler/bin/../lib/gcc/riscv64-unknown-elf/8.3.0/rv32imac/ilp32/libgcc.a(extendsfdf2.o)
                              build/adc.o (__extendsfdf2)
/Users/alexstrae/toolchain-gd32v-v202-osx/compiler/bin/../lib/gcc/riscv64-unknown-elf/8.3.0/rv32imac/ilp32/libgcc.a(truncdfsf2.o)
                              build/adc.o (__truncdfsf2)
/Users/alexstrae/toolchain-gd32v-v202-osx/compiler/bin/../lib/gcc/riscv64-unknown-elf/8.3.0/rv32imac/ilp32/libgcc.a(_lshrdi3.o)
                              /Users/alexstrae/toolchain-gd32v-v202-osx/compiler/bin/../lib/gcc/riscv64-unknown-elf/8.3.0/rv32imac/ilp32/libgcc.a(floatundidf.o) (__lshrdi3)
/Users/alexstrae/toolchain-gd32v-v202-osx/compiler/bin/../lib/gcc/riscv64-unknown-elf/8.3.0/rv32imac/ilp32/libgcc.a(_ashldi3.o)
                              /Users/alexstrae/toolchain-gd32v-v202-osx/compiler/bin/../lib/gcc/riscv64-unknown-elf/8.3.0/rv32imac/ilp32/libgcc.a(floatundidf.o) (__ashldi3)
/Users/alexstrae/toolchain-gd32v-v202-osx/compiler/bin/../lib/gcc/riscv64-unknown-elf/8.3.0/rv32imac/ilp32/libgcc.a(_clzsi2.o)
                              /Users/alexstrae/toolchain-gd32v-v202-osx/compiler/bin/../lib/gcc/riscv64-unknown-elf/8.3.0/rv32imac/ilp32/libgcc.a(divdf3.o) (__clzsi2)
/Users/alexstrae/toolchain-gd32v-v202-osx/compiler/bin/../lib/gcc/riscv64-unknown-elf/8.3.0/rv32imac/ilp32/libgcc.a(_clz.o)
                              /Users/alexstrae/toolchain-gd32v-v202-osx/compiler/bin/../lib/gcc/riscv64-unknown-elf/8.3.0/rv32imac/ilp32/libgcc.a(_clzsi2.o) (__clz_tab)
/Users/alexstrae/toolchain-gd32v-v202-osx/compiler/bin/../lib/gcc/riscv64-unknown-elf/8.3.0/../../../../riscv64-unknown-elf/lib/rv32imac/ilp32/libc_nano.a(lib_a-atexit.o)
                              build/start.o (atexit)
/Users/alexstrae/toolchain-gd32v-v202-osx/compiler/bin/../lib/gcc/riscv64-unknown-elf/8.3.0/../../../../riscv64-unknown-elf/lib/rv32imac/ilp32/libc_nano.a(lib_a-atoi.o)
                              build/wifiServices.o (atoi)
/Users/alexstrae/toolchain-gd32v-v202-osx/compiler/bin/../lib/gcc/riscv64-unknown-elf/8.3.0/../../../../riscv64-unknown-elf/lib/rv32imac/ilp32/libc_nano.a(lib_a-exit.o)
                              build/start.o (exit)
[...]
Memory Configuration

Name             Origin             Length             Attributes
flash            0x0000000008000000 0x0000000000020000 axrl !w
ram              0x0000000020000000 0x0000000000008000 axw !rl
*default*        0x0000000000000000 0xffffffffffffffff

Linker script and memory map

LOAD build/gd32vf103_adc.o
LOAD build/gd32vf103_bkp.o
LOAD build/gd32vf103_can.o
LOAD build/gd32vf103_crc.o
LOAD build/gd32vf103_dac.o
LOAD build/gd32vf103_dbg.o
LOAD build/gd32vf103_dma.o
LOAD build/gd32vf103_eclic.o
LOAD build/gd32vf103_exmc.o
LOAD build/gd32vf103_exti.o
LOAD build/gd32vf103_fmc.o
LOAD build/gd32vf103_fwdgt.o
LOAD build/gd32vf103_gpio.o
LOAD build/gd32vf103_i2c.o
LOAD build/gd32vf103_pmu.o
LOAD build/gd32vf103_rcu.o
LOAD build/gd32vf103_rtc.o
LOAD build/gd32vf103_spi.o
LOAD build/gd32vf103_timer.o
LOAD build/gd32vf103_usart.o
LOAD build/gd32vf103_wwdgt.o
LOAD build/system_gd32vf103.o
LOAD build/_exit.o
LOAD build/close.o
LOAD build/fstat.o
LOAD build/isatty.o
LOAD build/lseek.o
LOAD build/read.o
LOAD build/sbrk.o
LOAD build/write.o
LOAD build/write_hex.o
LOAD build/n200_func.o
LOAD build/handlers.o
LOAD build/init.o
LOAD build/ff.o
LOAD build/ffsystem.o
LOAD build/ffunicode.o
LOAD build/gd32v_tf_card_if.o
LOAD build/tf_card.o
LOAD build/tf_delay.o
LOAD build/systick.o
LOAD build/adc.o
LOAD build/eclicw.o
LOAD build/lcd.o
LOAD build/main.o
LOAD build/menu.o
LOAD build/plant.o
LOAD build/pwm.o
LOAD build/renderPlants.o
LOAD build/sdcard.o
LOAD build/usart.o
LOAD build/utilities.o
LOAD build/wifiServices.o
LOAD build/start.o
LOAD build/entry.o
LOAD build/drivers.o
LOAD /Users/alexstrae/toolchain-gd32v-v202-osx/compiler/bin/../lib/gcc/riscv64-unknown-elf/8.3.0/rv32imac/ilp32/libgcc.a
LOAD /Users/alexstrae/toolchain-gd32v-v202-osx/compiler/bin/../lib/gcc/riscv64-unknown-elf/8.3.0/../../../../riscv64-unknown-elf/lib/rv32imac/ilp32/libc_nano.a
LOAD /Users/alexstrae/toolchain-gd32v-v202-osx/compiler/bin/../lib/gcc/riscv64-unknown-elf/8.3.0/rv32imac/ilp32/libgcc.a
START GROUP
LOAD /Users/alexstrae/toolchain-gd32v-v202-osx/compiler/bin/../lib/gcc/riscv64-unknown-elf/8.3.0/rv32imac/ilp32/libgcc.a
LOAD /Users/alexstrae/toolchain-gd32v-v202-osx/compiler/bin/../lib/gcc/riscv64-unknown-elf/8.3.0/../../../../riscv64-unknown-elf/lib/rv32imac/ilp32/libc_nano.a
LOAD /Users/alexstrae/toolchain-gd32v-v202-osx/compiler/bin/../lib/gcc/riscv64-unknown-elf/8.3.0/../../../../riscv64-unknown-elf/lib/rv32imac/ilp32/libgloss_nano.a
END GROUP
                0x0000000000001000                __stack_size = DEFINED (__stack_size)?__stack_size:0x1000
                0x0000000000000000                __dbg_stack_size = DEFINED (__dbg_stack_size)?__dbg_stack_size:0x0

.init           0x0000000008000000      0x254
 *(SORT_NONE(.init))
 .init          0x0000000008000000      0x254 build/start.o
                0x000000000800015c                _start
                0x0000000008000246                disable_mcycle_minstret
                0x000000000800024c                enable_mcycle_minstret

.ilalign        0x0000000008000254        0x0
                0x0000000008000254                . = ALIGN (0x4)
                [!provide]                        PROVIDE (_ilm_lma = .)

.ialign         0x0000000008000254        0x0
                [!provide]                        PROVIDE (_ilm = .)

.text           0x0000000008000280     0xb7ce
 *(.rodata .rodata.*)
 .rodata        0x0000000008000280       0x10 build/gd32vf103_rcu.o
 .rodata._exit.str1.4
                0x0000000008000290       0x1f build/_exit.o
                                         0x23 (size before relaxing)
 *fill*         0x00000000080002af        0x1 
 .rodata.write_hex.str1.4
                0x00000000080002b0        0x3 build/write_hex.o
 *fill*         0x00000000080002b3        0x1 
 .rodata.handle_nmi.str1.4
                0x00000000080002b4        0x5 build/handlers.o
 *fill*         0x00000000080002b9        0x3 
 .rodata.handle_trap.str1.4
                0x00000000080002bc        0x6 build/handlers.o
 *fill*         0x00000000080002c2        0x2 
 .rodata.check_fs.str1.4
                0x00000000080002c4        0xa build/ff.o
 *fill*         0x00000000080002ce        0x2 
 .rodata.f_open.str1.4
                0x00000000080002d0        0xf build/ff.o
 *fill*         0x00000000080002df        0x1 
 .rodata.wait_ready.cst8
                0x00000000080002e0        0x8 build/tf_card.o
 .rodata.delay_1ms.cst8
                0x00000000080002e8        0x8 build/systick.o
 .rodata.read_temp.cst4
                0x00000000080002e8        0xc build/adc.o
 *fill*         0x00000000080002f4        0x4 
 .rodata.read_temp.cst8
                0x00000000080002f8       0x10 build/adc.o
 .rodata.asc2_1608
                0x0000000008000308      0x600 build/lcd.o
                0x0000000008000308                asc2_1608
 .rodata.lcd_delay_1ms.cst8
                0x0000000008000908        0x8 build/lcd.o
 .rodata        0x0000000008000908       0x40 build/main.o
 .rodata.main.str1.4
                0x0000000008000948       0x6c build/main.o
                                         0x70 (size before relaxing)
 .rodata.pages  0x00000000080009b4       0x48 build/menu.o
 .rodata.which_page
                0x00000000080009fc       0x90 build/menu.o
 .rodata.pages.str1.4
                0x0000000008000a8c      0x14a build/menu.o
                                        0x156 (size before relaxing)
 *fill*         0x0000000008000bd6        0x2 
 .rodata.initPlant.str1.4
                0x0000000008000bd8        0x7 build/plant.o
 *fill*         0x0000000008000bdf        0x1 
 .rodata.updatePlantStatus.str1.4
                0x0000000008000be0       0x1e build/plant.o
 *fill*         0x0000000008000bfe        0x2 
 .rodata.renderAllHistory.str1.4
                0x0000000008000c00       0x16 build/renderPlants.o
 *fill*         0x0000000008000c16        0x2 
 .rodata.renderAllPlants.str1.4
                0x0000000008000c18        0x2 build/renderPlants.o
 *fill*         0x0000000008000c1a        0x2 
 .rodata.loadDB.str1.4
                0x0000000008000c1c        0xd build/sdcard.o
 *fill*         0x0000000008000c29        0x3 
 .rodata.getValue.str1.4
                0x0000000008000c2c        0x6 build/wifiServices.o
 *fill*         0x0000000008000c32        0x2 
 .rodata.jsonAllPlants.str1.4
                0x0000000008000c34       0xd7 build/wifiServices.o
 *fill*         0x0000000008000d0b        0x1 
 .rodata.receiveCommands.str1.4
                0x0000000008000d0c      0x12d build/wifiServices.o
 *fill*         0x0000000008000e39        0x3 
 .rodata        0x0000000008000e3c       0x3c /Users/alexstrae/toolchain-gd32v-v202-osx/compiler/bin/../lib/gcc/riscv64-unknown-elf/8.3.0/rv32imac/ilp32/libgcc.a(divdf3.o)
 .rodata        0x0000000008000e78       0x3c /Users/alexstrae/toolchain-gd32v-v202-osx/compiler/bin/../lib/gcc/riscv64-unknown-elf/8.3.0/rv32imac/ilp32/libgcc.a(muldf3.o)
 .rodata        0x0000000008000eb4       0x3c /Users/alexstrae/toolchain-gd32v-v202-osx/compiler/bin/../lib/gcc/riscv64-unknown-elf/8.3.0/rv32imac/ilp32/libgcc.a(divsf3.o)
 .rodata        0x0000000008000ef0       0x3c /Users/alexstrae/toolchain-gd32v-v202-osx/compiler/bin/../lib/gcc/riscv64-unknown-elf/8.3.0/rv32imac/ilp32/libgcc.a(mulsf3.o)
 .rodata        0x0000000008000f2c      0x100 /Users/alexstrae/toolchain-gd32v-v202-osx/compiler/bin/../lib/gcc/riscv64-unknown-elf/8.3.0/rv32imac/ilp32/libgcc.a(_clz.o)
                0x0000000008000f2c                __clz_tab
 .rodata._ctype_
                0x000000000800102c      0x101 /Users/alexstrae/toolchain-gd32v-v202-osx/compiler/bin/../lib/gcc/riscv64-unknown-elf/8.3.0/../../../../riscv64-unknown-elf/lib/rv32imac/ilp32/libc_nano.a(lib_a-ctype_.o)
                0x000000000800102c                _ctype_
 *fill*         0x000000000800112d        0x3 
 .rodata._svfprintf_r.str1.4
                0x0000000008001130       0x13 /Users/alexstrae/toolchain-gd32v-v202-osx/compiler/bin/../lib/gcc/riscv64-unknown-elf/8.3.0/../../../../riscv64-unknown-elf/lib/rv32imac/ilp32/libc_nano.a(lib_a-nano-svfprintf.o)
 .rodata.__ssvfscanf_r.str1.4
                0x0000000008001143        0x4 /Users/alexstrae/toolchain-gd32v-v202-osx/compiler/bin/../lib/gcc/riscv64-unknown-elf/8.3.0/../../../../riscv64-unknown-elf/lib/rv32imac/ilp32/libc_nano.a(lib_a-nano-svfscanf.o)
 *fill*         0x0000000008001143        0x1 
 .rodata._printf_i.str1.4
                0x0000000008001144       0x25 /Users/alexstrae/toolchain-gd32v-v202-osx/compiler/bin/../lib/gcc/riscv64-unknown-elf/8.3.0/../../../../riscv64-unknown-elf/lib/rv32imac/ilp32/libc_nano.a(lib_a-nano-vfprintf_i.o)
 *fill*         0x0000000008001169        0x3 
 .rodata._scanf_i.str1.4
                0x000000000800116c       0x12 /Users/alexstrae/toolchain-gd32v-v202-osx/compiler/bin/../lib/gcc/riscv64-unknown-elf/8.3.0/../../../../riscv64-unknown-elf/lib/rv32imac/ilp32/libc_nano.a(lib_a-nano-vfscanf_i.o)
 *fill*         0x000000000800117e        0x2 
 .rodata.str1.4
                0x0000000008001180        0xc /Users/alexstrae/toolchain-gd32v-v202-osx/compiler/bin/../lib/gcc/riscv64-unknown-elf/8.3.0/../../../../riscv64-unknown-elf/lib/rv32imac/ilp32/libc_nano.a(lib_a-nano-vfscanf_i.o)
                                          0xb (size before relaxing)
 .rodata.__sf_fake_stderr
                0x000000000800118c       0x20 /Users/alexstrae/toolchain-gd32v-v202-osx/compiler/bin/../lib/gcc/riscv64-unknown-elf/8.3.0/../../../../riscv64-unknown-elf/lib/rv32imac/ilp32/libc_nano.a(lib_a-findfp.o)
                0x000000000800118c                __sf_fake_stderr
 .rodata.__sf_fake_stdin
                0x00000000080011ac       0x20 /Users/alexstrae/toolchain-gd32v-v202-osx/compiler/bin/../lib/gcc/riscv64-unknown-elf/8.3.0/../../../../riscv64-unknown-elf/lib/rv32imac/ilp32/libc_nano.a(lib_a-findfp.o)
                0x00000000080011ac                __sf_fake_stdin
 .rodata.__sf_fake_stdout
                0x00000000080011cc       0x20 /Users/alexstrae/toolchain-gd32v-v202-osx/compiler/bin/../lib/gcc/riscv64-unknown-elf/8.3.0/../../../../riscv64-unknown-elf/lib/rv32imac/ilp32/libc_nano.a(lib_a-findfp.o)
                0x00000000080011cc                __sf_fake_stdout
 *(.text.unlikely .text.unlikely.*)
 *(.text.startup .text.startup.*)
 .text.startup.main
                0x00000000080011ec      0x252 build/main.o
                0x00000000080011ec                main
 *(.text .text.*)
 .text.adc_deinit
                0x000000000800143e       0x50 build/gd32vf103_adc.o
                0x000000000800143e                adc_deinit
 .text.adc_mode_config
                0x000000000800148e       0x20 build/gd32vf103_adc.o
                0x000000000800148e                adc_mode_config
 .text.adc_special_function_config
                0x00000000080014ae       0x48 build/gd32vf103_adc.o
                0x00000000080014ae                adc_special_function_config
 .text.adc_data_alignment_config
                0x00000000080014f6       0x1a build/gd32vf103_adc.o
                0x00000000080014f6                adc_data_alignment_config
 .text.adc_enable
                0x0000000008001510       0x10 build/gd32vf103_adc.o
                0x0000000008001510                adc_enable
 .text.adc_calibration_enable
                0x0000000008001520       0x22 build/gd32vf103_adc.o
                0x0000000008001520                adc_calibration_enable
 .text.adc_tempsensor_vrefint_enable
                0x0000000008001542       0x14 build/gd32vf103_adc.o
                0x0000000008001542                adc_tempsensor_vrefint_enable
 .text.adc_channel_length_config
                0x0000000008001556       0x4a build/gd32vf103_adc.o
                0x0000000008001556                adc_channel_length_config
 .text.adc_regular_channel_config
                0x00000000080015a0       0xbe build/gd32vf103_adc.o
                0x00000000080015a0                adc_regular_channel_config
 .text.adc_inserted_channel_config
                0x000000000800165e       0x76 build/gd32vf103_adc.o
                0x000000000800165e                adc_inserted_channel_config
 .text.adc_external_trigger_source_config
                0x00000000080016d4       0x34 build/gd32vf103_adc.o
                0x00000000080016d4                adc_external_trigger_source_config
 .text.adc_external_trigger_config
                0x0000000008001708       0x3a build/gd32vf103_adc.o
                0x0000000008001708                adc_external_trigger_config
 .text.adc_software_trigger_enable
                0x0000000008001742       0x20 build/gd32vf103_adc.o
                0x0000000008001742                adc_software_trigger_enable
 .text.adc_regular_data_read
                0x0000000008001762        0x8 build/gd32vf103_adc.o
                0x0000000008001762                adc_regular_data_read
 .text.adc_flag_get
                0x000000000800176a        0xa build/gd32vf103_adc.o
                0x000000000800176a                adc_flag_get
 .text.bkp_deinit
                0x0000000008001774       0x18 build/gd32vf103_bkp.o
                0x0000000008001774                bkp_deinit
 .text.eclic_global_interrupt_enable
                0x000000000800178c        0x6 build/gd32vf103_eclic.o
                0x000000000800178c                eclic_global_interrupt_enable
 .text.eclic_priority_group_set
                0x0000000008001792        0x8 build/gd32vf103_eclic.o
                0x0000000008001792                eclic_priority_group_set
 .text.eclic_irq_enable
                0x000000000800179a       0x34 build/gd32vf103_eclic.o
                0x000000000800179a                eclic_irq_enable
 .text.gpio_init
                0x00000000080017ce       0xa4 build/gd32vf103_gpio.o
                0x00000000080017ce                gpio_init
 .text.gpio_bit_set
                0x0000000008001872        0x4 build/gd32vf103_gpio.o
                0x0000000008001872                gpio_bit_set
 .text.gpio_bit_reset
                0x0000000008001876        0x4 build/gd32vf103_gpio.o
                0x0000000008001876                gpio_bit_reset
 .text.gpio_output_bit_get
                0x000000000800187a        0xa build/gd32vf103_gpio.o
                0x000000000800187a                gpio_output_bit_get
 .text.pmu_backup_write_enable
                0x0000000008001884        0xe build/gd32vf103_pmu.o
                0x0000000008001884                pmu_backup_write_enable
 .text.rcu_periph_clock_enable
                0x0000000008001892       0x18 build/gd32vf103_rcu.o
                0x0000000008001892                rcu_periph_clock_enable
 .text.rcu_periph_reset_enable
                0x00000000080018aa       0x18 build/gd32vf103_rcu.o
                0x00000000080018aa                rcu_periph_reset_enable
 .text.rcu_periph_reset_disable
                0x00000000080018c2       0x1c build/gd32vf103_rcu.o
                0x00000000080018c2                rcu_periph_reset_disable
 .text.rcu_bkp_reset_enable
                0x00000000080018de        0xe build/gd32vf103_rcu.o
                0x00000000080018de                rcu_bkp_reset_enable
 .text.rcu_bkp_reset_disable
                0x00000000080018ec       0x10 build/gd32vf103_rcu.o
                0x00000000080018ec                rcu_bkp_reset_disable
 .text.rcu_adc_clock_config
                0x00000000080018fc       0x40 build/gd32vf103_rcu.o
                0x00000000080018fc                rcu_adc_clock_config
 .text.rcu_rtc_clock_config
                0x000000000800193c       0x10 build/gd32vf103_rcu.o
                0x000000000800193c                rcu_rtc_clock_config
 .text.rcu_flag_get
                0x000000000800194c       0x14 build/gd32vf103_rcu.o
                0x000000000800194c                rcu_flag_get
 .text.rcu_osci_stab_wait
                0x0000000008001960      0x112 build/gd32vf103_rcu.o
                0x0000000008001960                rcu_osci_stab_wait
 .text.rcu_osci_on
                0x0000000008001a72       0x18 build/gd32vf103_rcu.o
                0x0000000008001a72                rcu_osci_on
 .text.rcu_clock_freq_get
                0x0000000008001a8a      0x13a build/gd32vf103_rcu.o
                0x0000000008001a8a                rcu_clock_freq_get
 .text.rtc_configuration_mode_enter
                0x0000000008001bc4       0x12 build/gd32vf103_rtc.o
                0x0000000008001bc4                rtc_configuration_mode_enter
 .text.rtc_configuration_mode_exit
                0x0000000008001bd6       0x10 build/gd32vf103_rtc.o
                0x0000000008001bd6                rtc_configuration_mode_exit
 .text.rtc_counter_set
                0x0000000008001be6       0x30 build/gd32vf103_rtc.o
                0x0000000008001be6                rtc_counter_set
 .text.rtc_prescaler_set
                0x0000000008001c16       0x32 build/gd32vf103_rtc.o
                0x0000000008001c16                rtc_prescaler_set
 .text.rtc_lwoff_wait
                0x0000000008001c48       0x10 build/gd32vf103_rtc.o
                0x0000000008001c48                rtc_lwoff_wait
 .text.rtc_register_sync_wait
                0x0000000008001c58       0x18 build/gd32vf103_rtc.o
                0x0000000008001c58                rtc_register_sync_wait
 .text.rtc_counter_get
                0x0000000008001c70       0x22 build/gd32vf103_rtc.o
                0x0000000008001c70                rtc_counter_get
 .text.rtc_flag_clear
                0x0000000008001c92       0x14 build/gd32vf103_rtc.o
                0x0000000008001c92                rtc_flag_clear
 .text.spi_struct_para_init
                0x0000000008001ca6       0x1a build/gd32vf103_spi.o
                0x0000000008001ca6                spi_struct_para_init
 .text.spi_init
                0x0000000008001cc0       0x36 build/gd32vf103_spi.o
                0x0000000008001cc0                spi_init
 .text.spi_enable
                0x0000000008001cf6        0xa build/gd32vf103_spi.o
                0x0000000008001cf6                spi_enable
 .text.spi_i2s_data_transmit
                0x0000000008001d00        0x4 build/gd32vf103_spi.o
                0x0000000008001d00                spi_i2s_data_transmit
 .text.spi_i2s_data_receive
                0x0000000008001d04        0x8 build/gd32vf103_spi.o
                0x0000000008001d04                spi_i2s_data_receive
 .text.spi_crc_polynomial_set
                0x0000000008001d0c        0xc build/gd32vf103_spi.o
                0x0000000008001d0c                spi_crc_polynomial_set
 .text.spi_i2s_flag_get
                0x0000000008001d18        0xa build/gd32vf103_spi.o
                0x0000000008001d18                spi_i2s_flag_get
 .text.timer_deinit
                0x0000000008001d22       0xd2 build/gd32vf103_timer.o
                0x0000000008001d22                timer_deinit
 .text.timer_struct_para_init
                0x0000000008001df4       0x18 build/gd32vf103_timer.o
                0x0000000008001df4                timer_struct_para_init
 .text.timer_init
                0x0000000008001e0c       0x8e build/gd32vf103_timer.o
                0x0000000008001e0c                timer_init
 .text.timer_enable
                0x0000000008001e9a        0xa build/gd32vf103_timer.o
                0x0000000008001e9a                timer_enable
 .text.timer_auto_reload_shadow_enable
                0x0000000008001ea4        0xa build/gd32vf103_timer.o
                0x0000000008001ea4                timer_auto_reload_shadow_enable
 .text.timer_channel_output_struct_para_init
                0x0000000008001eae       0x1a build/gd32vf103_timer.o
                0x0000000008001eae                timer_channel_output_struct_para_init
 .text.timer_channel_output_config
                0x0000000008001ec8      0x23c build/gd32vf103_timer.o
                0x0000000008001ec8                timer_channel_output_config
 .text.timer_channel_output_mode_config
                0x0000000008002104       0x56 build/gd32vf103_timer.o
                0x0000000008002104                timer_channel_output_mode_config
 .text.timer_channel_output_pulse_value_config
                0x000000000800215a       0x26 build/gd32vf103_timer.o
                0x000000000800215a                timer_channel_output_pulse_value_config
 .text.timer_channel_output_shadow_config
                0x0000000008002180       0x56 build/gd32vf103_timer.o
                0x0000000008002180                timer_channel_output_shadow_config
 .text.usart_deinit
                0x00000000080021d6       0xa2 build/gd32vf103_usart.o
                0x00000000080021d6                usart_deinit
 .text.usart_baudrate_set
                0x0000000008002278       0x6c build/gd32vf103_usart.o
                0x0000000008002278                usart_baudrate_set
 .text.usart_parity_config
                0x00000000080022e4       0x10 build/gd32vf103_usart.o
                0x00000000080022e4                usart_parity_config
 .text.usart_word_length_set
                0x00000000080022f4       0x12 build/gd32vf103_usart.o
                0x00000000080022f4                usart_word_length_set
 .text.usart_stop_bit_set
                0x0000000008002306       0x12 build/gd32vf103_usart.o
                0x0000000008002306                usart_stop_bit_set
 .text.usart_enable
                0x0000000008002318        0xa build/gd32vf103_usart.o
                0x0000000008002318                usart_enable
 .text.usart_transmit_config
                0x0000000008002322        0xa build/gd32vf103_usart.o
                0x0000000008002322                usart_transmit_config
 .text.usart_receive_config
                0x000000000800232c        0xa build/gd32vf103_usart.o
                0x000000000800232c                usart_receive_config
 .text.usart_data_transmit
                0x0000000008002336        0x8 build/gd32vf103_usart.o
                0x0000000008002336                usart_data_transmit
 .text.usart_data_receive
                0x000000000800233e        0x8 build/gd32vf103_usart.o
                0x000000000800233e                usart_data_receive
 .text.usart_hardware_flow_rts_config
                0x0000000008002346        0xc build/gd32vf103_usart.o
                0x0000000008002346                usart_hardware_flow_rts_config
 .text.usart_hardware_flow_cts_config
                0x0000000008002352        0xc build/gd32vf103_usart.o
                0x0000000008002352                usart_hardware_flow_cts_config
 .text.usart_flag_get
                0x000000000800235e       0x14 build/gd32vf103_usart.o
                0x000000000800235e                usart_flag_get
 .text.usart_interrupt_enable
                0x0000000008002372       0x18 build/gd32vf103_usart.o
                0x0000000008002372                usart_interrupt_enable
 .text.usart_interrupt_disable
                0x000000000800238a       0x1c build/gd32vf103_usart.o
                0x000000000800238a                usart_interrupt_disable
 .text.usart_interrupt_flag_get
                0x00000000080023a6       0x2e build/gd32vf103_usart.o
                0x00000000080023a6                usart_interrupt_flag_get
 .text.SystemInit
                0x00000000080023d4      0x11c build/system_gd32vf103.o
                0x00000000080023d4                SystemInit
 .text._exit    0x00000000080024f0       0x4c build/_exit.o
                0x00000000080024f0                _exit
 .text._sbrk    0x000000000800253c       0x2e build/sbrk.o
                0x000000000800253c                _sbrk
 .text.write_hex
                0x000000000800256a       0x7c build/write_hex.o
                0x000000000800256a                write_hex
 .text.get_timer_value
                0x00000000080025e6       0x10 build/n200_func.o
                0x00000000080025e6                get_timer_value
 .text.eclic_init
                0x00000000080025f6       0x22 build/n200_func.o
                0x00000000080025f6                eclic_init
 .text.eclic_enable_interrupt
                0x0000000008002618       0x12 build/n200_func.o
                0x0000000008002618                eclic_enable_interrupt
 .text.eclic_clear_pending
                0x000000000800262a       0x12 build/n200_func.o
                0x000000000800262a                eclic_clear_pending
 .text.eclic_set_nlbits
                0x000000000800263c       0x18 build/n200_func.o
                0x000000000800263c                eclic_set_nlbits
 .text.eclic_get_nlbits
                0x0000000008002654        0xe build/n200_func.o
                0x0000000008002654                eclic_get_nlbits
 .text.eclic_set_irq_lvl_abs
                0x0000000008002662       0x58 build/n200_func.o
                0x0000000008002662                eclic_set_irq_lvl_abs
 .text.eclic_set_irq_priority
                0x00000000080026ba       0x52 build/n200_func.o
                0x00000000080026ba                eclic_set_irq_priority
 .text.eclic_mode_enable
                0x000000000800270c       0x12 build/n200_func.o
                0x000000000800270c                eclic_mode_enable
 .text.eclic_set_vmode
                0x000000000800271e       0x18 build/n200_func.o
                0x000000000800271e                eclic_set_vmode
 .text.handle_nmi
                0x0000000008002736       0x22 build/handlers.o
                0x0000000008002736                handle_nmi
 .text.handle_trap
                0x0000000008002758       0x38 build/handlers.o
                0x0000000008002758                handle_trap
 .text._init    0x0000000008002790       0x2c build/init.o
                0x0000000008002790                _init
 .text._fini    0x00000000080027bc        0x2 build/init.o
                0x00000000080027bc                _fini
 .text.ld_dword
                0x00000000080027be       0x1e build/ff.o
 .text.st_dword
                0x00000000080027dc       0x1c build/ff.o
 .text.mem_cmp  0x00000000080027f8       0x1a build/ff.o
 .text.clst2sect
                0x0000000008002812       0x1c build/ff.o
 .text.get_ldnumber
                0x000000000800282e       0x3e build/ff.o
 .text.validate
                0x000000000800286c       0x4e build/ff.o
 .text.mem_cpy.part.0
                0x00000000080028ba       0x1a build/ff.o
 .text.ld_clust.isra.1
                0x00000000080028d4       0x26 build/ff.o
 .text.sync_window.part.3
                0x00000000080028fa       0x64 build/ff.o
 .text.move_window
                0x000000000800295e       0x4e build/ff.o
 .text.check_fs
                0x00000000080029ac       0x92 build/ff.o
 .text.find_volume
                0x0000000008002a3e      0x342 build/ff.o
 .text.put_fat  0x0000000008002d80      0x154 build/ff.o
 .text.get_fat.isra.7
                0x0000000008002ed4       0xf6 build/ff.o
 .text.create_chain
                0x0000000008002fca      0x128 build/ff.o
 .text.dir_next
                0x00000000080030f2      0x14a build/ff.o
 .text.dir_sdi.constprop.9
                0x000000000800323c       0x98 build/ff.o
 .text.f_mount  0x00000000080032d4       0x5c build/ff.o
                0x00000000080032d4                f_mount
 .text.f_open   0x0000000008003330      0x526 build/ff.o
                0x0000000008003330                f_open
 .text.f_read   0x0000000008003856      0x1bc build/ff.o
                0x0000000008003856                f_read
 .text.f_write  0x0000000008003a12      0x208 build/ff.o
                0x0000000008003a12                f_write
 .text.f_sync   0x0000000008003c1a      0x1b0 build/ff.o
                0x0000000008003c1a                f_sync
 .text.f_close  0x0000000008003dca       0x2c build/ff.o
                0x0000000008003dca                f_close
 .text.get_fattime
                0x0000000008003df6       0x3a build/gd32v_tf_card_if.o
                0x0000000008003df6                get_fattime
 .text.xchg_spi
                0x0000000008003e30       0x62 build/tf_card.o
 .text.deselect
                0x0000000008003e92       0x2c build/tf_card.o
 .text.wait_ready
                0x0000000008003ebe       0xe4 build/tf_card.o
 .text._select  0x0000000008003fa2       0x42 build/tf_card.o
 .text.send_cmd
                0x0000000008003fe4       0xec build/tf_card.o
 .text.rcvr_datablock
                0x00000000080040d0       0x80 build/tf_card.o
 .text.xmit_datablock.part.1
                0x0000000008004150       0x60 build/tf_card.o
 .text.disk_initialize
                0x00000000080041b0      0x286 build/tf_card.o
                0x00000000080041b0                disk_initialize
 .text.disk_status
                0x0000000008004436       0x14 build/tf_card.o
                0x0000000008004436                disk_status
 .text.disk_read
                0x000000000800444a       0xa2 build/tf_card.o
                0x000000000800444a                disk_read
 .text.disk_write
                0x00000000080044ec      0x108 build/tf_card.o
                0x00000000080044ec                disk_write
 .text.disk_ioctl
                0x00000000080045f4      0x21e build/tf_card.o
                0x00000000080045f4                disk_ioctl
 .text.tf_start_timer
                0x0000000008004812       0x5a build/tf_delay.o
                0x0000000008004812                tf_start_timer
 .text.tf_timer_done
                0x000000000800486c       0x3e build/tf_delay.o
                0x000000000800486c                tf_timer_done
 .text.delay_1ms
                0x00000000080048aa       0xce build/systick.o
                0x00000000080048aa                delay_1ms
 .text.ADC3powerUpInit
                0x0000000008004978      0x140 build/adc.o
                0x0000000008004978                ADC3powerUpInit
 .text.MAX31865_ExchangeByte
                0x0000000008004ab8       0x72 build/adc.o
                0x0000000008004ab8                MAX31865_ExchangeByte
 .text.MAX31865_Init
                0x0000000008004b2a      0x116 build/adc.o
                0x0000000008004b2a                MAX31865_Init
 .text.MAX31865_ReadADC
                0x0000000008004c40       0x9c build/adc.o
                0x0000000008004c40                MAX31865_ReadADC
 .text.read_temp
                0x0000000008004cdc       0xe6 build/adc.o
                0x0000000008004cdc                read_temp
 .text.ADC_read
                0x0000000008004dc2       0x9c build/adc.o
                0x0000000008004dc2                ADC_read
 .text.eclicw_enable
                0x0000000008004e5e       0xb0 build/eclicw.o
                0x0000000008004e5e                eclicw_enable
 .text.eclic_mtip_handler
                0x0000000008004f0e       0x54 build/eclicw.o
                0x0000000008004f0e                eclic_mtip_handler
 .text.USART0_IRQHandler
                0x0000000008004f62       0x56 build/eclicw.o
                0x0000000008004f62                USART0_IRQHandler
 .text.TIMER4_IRQHandler
                0x0000000008004fb8       0x56 build/eclicw.o
                0x0000000008004fb8                TIMER4_IRQHandler
 .text.lcd_delay_1ms
                0x000000000800500e       0xce build/lcd.o
                0x000000000800500e                lcd_delay_1ms
 .text.LCD_WR_Queue
                0x00000000080050dc       0xc2 build/lcd.o
                0x00000000080050dc                LCD_WR_Queue
 .text.LCD_Wait_On_Queue
                0x000000000800519e       0x30 build/lcd.o
                0x000000000800519e                LCD_Wait_On_Queue
 .text.LCD_Write_Bus
                0x00000000080051ce       0x58 build/lcd.o
                0x00000000080051ce                LCD_Write_Bus
 .text.LCD_WR_DATA
                0x0000000008005226       0x2c build/lcd.o
                0x0000000008005226                LCD_WR_DATA
 .text.LCD_Address_Set
                0x0000000008005252       0x88 build/lcd.o
                0x0000000008005252                LCD_Address_Set
 .text.spi_config
                0x00000000080052da       0x5e build/lcd.o
                0x00000000080052da                spi_config
 .text.Lcd_SetType
                0x0000000008005338       0x26 build/lcd.o
                0x0000000008005338                Lcd_SetType
 .text.Lcd_Init
                0x000000000800535e      0x464 build/lcd.o
                0x000000000800535e                Lcd_Init
 .text.LCD_Clear
                0x00000000080057c2       0x46 build/lcd.o
                0x00000000080057c2                LCD_Clear
 .text.LCD_DrawPoint
                0x0000000008005808       0x24 build/lcd.o
                0x0000000008005808                LCD_DrawPoint
 .text.LCD_Fill
                0x000000000800582c       0x50 build/lcd.o
                0x000000000800582c                LCD_Fill
 .text.LCD_ShowChar
                0x000000000800587c       0xde build/lcd.o
                0x000000000800587c                LCD_ShowChar
 .text.LCD_ShowStr
                0x000000000800595a       0x60 build/lcd.o
                0x000000000800595a                LCD_ShowStr
 .text.LCD_ShowNum
                0x00000000080059ba       0xa8 build/lcd.o
                0x00000000080059ba                LCD_ShowNum
 .text.pages    0x0000000008005a62      0x622 build/menu.o
                0x0000000008005a62                pages
 .text.move_pointer
                0x0000000008006084       0x6e build/menu.o
                0x0000000008006084                move_pointer
 .text.which_page
                0x00000000080060f2      0x132 build/menu.o
                0x00000000080060f2                which_page
 .text.Buttonpressed
                0x0000000008006224       0x68 build/menu.o
                0x0000000008006224                Buttonpressed
 .text.no_button_press
                0x000000000800628c       0x56 build/menu.o
                0x000000000800628c                no_button_press
 .text.initPlant
                0x00000000080062e2      0x1e0 build/plant.o
                0x00000000080062e2                initPlant
 .text.updatePlantStatus
                0x00000000080064c2      0x156 build/plant.o
                0x00000000080064c2                updatePlantStatus
 .text.updatePlantReadings
                0x0000000008006618      0x574 build/plant.o
                0x0000000008006618                updatePlantReadings
 .text.applyGreenFingers
                0x0000000008006b8c      0x1d6 build/plant.o
                0x0000000008006b8c                applyGreenFingers
 .text.T1powerUpInitPWM
                0x0000000008006d62      0x24a build/pwm.o
                0x0000000008006d62                T1powerUpInitPWM
 .text.T1setPWMch0
                0x0000000008006fac       0x10 build/pwm.o
                0x0000000008006fac                T1setPWMch0
 .text.renderAllPlants
                0x0000000008006fbc      0x142 build/renderPlants.o
                0x0000000008006fbc                renderAllPlants
 .text.renderAllHistory
                0x00000000080070fe      0x1c0 build/renderPlants.o
                0x00000000080070fe                renderAllHistory
 .text.loadDB   0x00000000080072be      0x110 build/sdcard.o
                0x00000000080072be                loadDB
 .text.saveDB   0x00000000080073ce      0x102 build/sdcard.o
                0x00000000080073ce                saveDB
 .text.wifiIsrHandler
                0x00000000080074d0       0xfa build/usart.o
                0x00000000080074d0                wifiIsrHandler
 .text.u0_TX_Queue
                0x00000000080075ca       0x86 build/usart.o
                0x00000000080075ca                u0_TX_Queue
 .text.putch    0x0000000008007650       0x68 build/usart.o
                0x0000000008007650                putch
 .text.putstr   0x00000000080076b8       0x22 build/usart.o
                0x00000000080076b8                putstr
 .text.u0init   0x00000000080076da      0x11c build/usart.o
                0x00000000080076da                u0init
 .text.rtcInit  0x00000000080077f6       0x9e build/utilities.o
                0x00000000080077f6                rtcInit
 .text.oneMinuteHasPassed
                0x0000000008007894       0x38 build/utilities.o
                0x0000000008007894                oneMinuteHasPassed
 .text.jsonAllPlants
                0x00000000080078cc      0x274 build/wifiServices.o
                0x00000000080078cc                jsonAllPlants
 .text.getValue
                0x0000000008007b40       0x4c build/wifiServices.o
                0x0000000008007b40                getValue
 .text.receiveCommands
                0x0000000008007b8c      0x364 build/wifiServices.o
                0x0000000008007b8c                receiveCommands
 *fill*         0x0000000008007ef0       0x10 
 .text.trap     0x0000000008007f00       0x82 build/entry.o
                0x0000000008007f00                trap_entry
 *fill*         0x0000000008007f82        0x2 
 .text.irq      0x0000000008007f84       0x72 build/entry.o
                0x0000000008007f84                irq_entry
 .text          0x0000000008007ff6      0x2de build/drivers.o
                0x0000000008008068                t5omsi
                0x000000000800809a                t5expq
                0x00000000080080aa                colinit
                0x00000000080080ea                colset
                0x0000000008008122                l88init
                0x0000000008008154                l88row
                0x000000000800818a                l88mem
                0x000000000800819e                keyinit
                0x00000000080081d0                keyscan
 .text          0x00000000080082d4      0x546 /Users/alexstrae/toolchain-gd32v-v202-osx/compiler/bin/../lib/gcc/riscv64-unknown-elf/8.3.0/rv32imac/ilp32/libgcc.a(divdf3.o)
                0x00000000080082d4                __divdf3
 .text          0x000000000800881a       0xa4 /Users/alexstrae/toolchain-gd32v-v202-osx/compiler/bin/../lib/gcc/riscv64-unknown-elf/8.3.0/rv32imac/ilp32/libgcc.a(ledf2.o)
                0x000000000800881a                __ltdf2
                0x000000000800881a                __ledf2
 .text          0x00000000080088be      0x44c /Users/alexstrae/toolchain-gd32v-v202-osx/compiler/bin/../lib/gcc/riscv64-unknown-elf/8.3.0/rv32imac/ilp32/libgcc.a(muldf3.o)
                0x00000000080088be                __muldf3
 .text          0x0000000008008d0a      0x602 /Users/alexstrae/toolchain-gd32v-v202-osx/compiler/bin/../lib/gcc/riscv64-unknown-elf/8.3.0/rv32imac/ilp32/libgcc.a(subdf3.o)
                0x0000000008008d0a                __subdf3
 .text          0x000000000800930c       0x56 /Users/alexstrae/toolchain-gd32v-v202-osx/compiler/bin/../lib/gcc/riscv64-unknown-elf/8.3.0/rv32imac/ilp32/libgcc.a(floatunsidf.o)
                0x000000000800930c                __floatunsidf
 .text          0x0000000008009362      0x166 /Users/alexstrae/toolchain-gd32v-v202-osx/compiler/bin/../lib/gcc/riscv64-unknown-elf/8.3.0/rv32imac/ilp32/libgcc.a(floatundidf.o)
                0x0000000008009362                __floatundidf
 .text          0x00000000080094c8      0x312 /Users/alexstrae/toolchain-gd32v-v202-osx/compiler/bin/../lib/gcc/riscv64-unknown-elf/8.3.0/rv32imac/ilp32/libgcc.a(addsf3.o)
                0x00000000080094c8                __addsf3
 .text          0x00000000080097da      0x256 /Users/alexstrae/toolchain-gd32v-v202-osx/compiler/bin/../lib/gcc/riscv64-unknown-elf/8.3.0/rv32imac/ilp32/libgcc.a(divsf3.o)
                0x00000000080097da                __divsf3
 .text          0x0000000008009a30      0x228 /Users/alexstrae/toolchain-gd32v-v202-osx/compiler/bin/../lib/gcc/riscv64-unknown-elf/8.3.0/rv32imac/ilp32/libgcc.a(mulsf3.o)
                0x0000000008009a30                __mulsf3
 .text          0x0000000008009c58       0x60 /Users/alexstrae/toolchain-gd32v-v202-osx/compiler/bin/../lib/gcc/riscv64-unknown-elf/8.3.0/rv32imac/ilp32/libgcc.a(fixsfsi.o)
                0x0000000008009c58                __fixsfsi
 .text          0x0000000008009cb8       0x54 /Users/alexstrae/toolchain-gd32v-v202-osx/compiler/bin/../lib/gcc/riscv64-unknown-elf/8.3.0/rv32imac/ilp32/libgcc.a(fixunssfsi.o)
                0x0000000008009cb8                __fixunssfsi
 .text          0x0000000008009d0c       0xa2 /Users/alexstrae/toolchain-gd32v-v202-osx/compiler/bin/../lib/gcc/riscv64-unknown-elf/8.3.0/rv32imac/ilp32/libgcc.a(floatunsisf.o)
                0x0000000008009d0c                __floatunsisf
 .text          0x0000000008009dae       0x9e /Users/alexstrae/toolchain-gd32v-v202-osx/compiler/bin/../lib/gcc/riscv64-unknown-elf/8.3.0/rv32imac/ilp32/libgcc.a(extendsfdf2.o)
                0x0000000008009dae                __extendsfdf2
 .text          0x0000000008009e4c      0x122 /Users/alexstrae/toolchain-gd32v-v202-osx/compiler/bin/../lib/gcc/riscv64-unknown-elf/8.3.0/rv32imac/ilp32/libgcc.a(truncdfsf2.o)
                0x0000000008009e4c                __truncdfsf2
 .text          0x0000000008009f6e       0x2a /Users/alexstrae/toolchain-gd32v-v202-osx/compiler/bin/../lib/gcc/riscv64-unknown-elf/8.3.0/rv32imac/ilp32/libgcc.a(_lshrdi3.o)
                0x0000000008009f6e                __lshrdi3
 .text          0x0000000008009f98       0x2a /Users/alexstrae/toolchain-gd32v-v202-osx/compiler/bin/../lib/gcc/riscv64-unknown-elf/8.3.0/rv32imac/ilp32/libgcc.a(_ashldi3.o)
                0x0000000008009f98                __ashldi3
 .text          0x0000000008009fc2       0x3c /Users/alexstrae/toolchain-gd32v-v202-osx/compiler/bin/../lib/gcc/riscv64-unknown-elf/8.3.0/rv32imac/ilp32/libgcc.a(_clzsi2.o)
                0x0000000008009fc2                __clzsi2
 .text.atexit   0x0000000008009ffe       0x10 /Users/alexstrae/toolchain-gd32v-v202-osx/compiler/bin/../lib/gcc/riscv64-unknown-elf/8.3.0/../../../../riscv64-unknown-elf/lib/rv32imac/ilp32/libc_nano.a(lib_a-atexit.o)
                0x0000000008009ffe                atexit
 .text.atoi     0x000000000800a00e        0xc /Users/alexstrae/toolchain-gd32v-v202-osx/compiler/bin/../lib/gcc/riscv64-unknown-elf/8.3.0/../../../../riscv64-unknown-elf/lib/rv32imac/ilp32/libc_nano.a(lib_a-atoi.o)
                0x000000000800a00e                atoi
 .text.exit     0x000000000800a01a       0x36 /Users/alexstrae/toolchain-gd32v-v202-osx/compiler/bin/../lib/gcc/riscv64-unknown-elf/8.3.0/../../../../riscv64-unknown-elf/lib/rv32imac/ilp32/libc_nano.a(lib_a-exit.o)
                0x000000000800a01a                exit
 .text.__libc_fini_array
                0x000000000800a050       0x38 /Users/alexstrae/toolchain-gd32v-v202-osx/compiler/bin/../lib/gcc/riscv64-unknown-elf/8.3.0/../../../../riscv64-unknown-elf/lib/rv32imac/ilp32/libc_nano.a(lib_a-fini.o)
                0x000000000800a050                __libc_fini_array
 .text.__libc_init_array
                0x000000000800a088       0x6a /Users/alexstrae/toolchain-gd32v-v202-osx/compiler/bin/../lib/gcc/riscv64-unknown-elf/8.3.0/../../../../riscv64-unknown-elf/lib/rv32imac/ilp32/libc_nano.a(lib_a-init.o)
                0x000000000800a088                __libc_init_array
 .text.malloc   0x000000000800a0f2       0x14 /Users/alexstrae/toolchain-gd32v-v202-osx/compiler/bin/../lib/gcc/riscv64-unknown-elf/8.3.0/../../../../riscv64-unknown-elf/lib/rv32imac/ilp32/libc_nano.a(lib_a-malloc.o)
                0x000000000800a0f2                malloc
 .text          0x000000000800a106       0x16 /Users/alexstrae/toolchain-gd32v-v202-osx/compiler/bin/../lib/gcc/riscv64-unknown-elf/8.3.0/../../../../riscv64-unknown-elf/lib/rv32imac/ilp32/libc_nano.a(lib_a-memcpy-asm.o)
                0x000000000800a106                memcpy
 .text          0x000000000800a11c       0x10 /Users/alexstrae/toolchain-gd32v-v202-osx/compiler/bin/../lib/gcc/riscv64-unknown-elf/8.3.0/../../../../riscv64-unknown-elf/lib/rv32imac/ilp32/libc_nano.a(lib_a-memset.o)
                0x000000000800a11c                memset
 .text._free_r  0x000000000800a12c       0xb8 /Users/alexstrae/toolchain-gd32v-v202-osx/compiler/bin/../lib/gcc/riscv64-unknown-elf/8.3.0/../../../../riscv64-unknown-elf/lib/rv32imac/ilp32/libc_nano.a(lib_a-nano-freer.o)
                0x000000000800a12c                _free_r
 .text._malloc_r
                0x000000000800a1e4      0x102 /Users/alexstrae/toolchain-gd32v-v202-osx/compiler/bin/../lib/gcc/riscv64-unknown-elf/8.3.0/../../../../riscv64-unknown-elf/lib/rv32imac/ilp32/libc_nano.a(lib_a-nano-mallocr.o)
                0x000000000800a1e4                _malloc_r
 .text._sbrk_r  0x000000000800a2e6       0x36 /Users/alexstrae/toolchain-gd32v-v202-osx/compiler/bin/../lib/gcc/riscv64-unknown-elf/8.3.0/../../../../riscv64-unknown-elf/lib/rv32imac/ilp32/libc_nano.a(lib_a-sbrkr.o)
                0x000000000800a2e6                _sbrk_r
 .text.snprintf
                0x000000000800a31c       0x7a /Users/alexstrae/toolchain-gd32v-v202-osx/compiler/bin/../lib/gcc/riscv64-unknown-elf/8.3.0/../../../../riscv64-unknown-elf/lib/rv32imac/ilp32/libc_nano.a(lib_a-snprintf.o)
                0x000000000800a31c                snprintf
                0x000000000800a31c                sniprintf
 .text.sprintf  0x000000000800a396       0x4e /Users/alexstrae/toolchain-gd32v-v202-osx/compiler/bin/../lib/gcc/riscv64-unknown-elf/8.3.0/../../../../riscv64-unknown-elf/lib/rv32imac/ilp32/libc_nano.a(lib_a-sprintf.o)
                0x000000000800a396                sprintf
                0x000000000800a396                siprintf
 .text.sscanf   0x000000000800a3e4       0x60 /Users/alexstrae/toolchain-gd32v-v202-osx/compiler/bin/../lib/gcc/riscv64-unknown-elf/8.3.0/../../../../riscv64-unknown-elf/lib/rv32imac/ilp32/libc_nano.a(lib_a-sscanf.o)
                0x000000000800a3e4                sscanf
                0x000000000800a3e4                siscanf
 .text.__seofread
                0x000000000800a444        0x4 /Users/alexstrae/toolchain-gd32v-v202-osx/compiler/bin/../lib/gcc/riscv64-unknown-elf/8.3.0/../../../../riscv64-unknown-elf/lib/rv32imac/ilp32/libc_nano.a(lib_a-stdio.o)
                0x000000000800a444                __seofread
 .text          0x000000000800a448       0x18 /Users/alexstrae/toolchain-gd32v-v202-osx/compiler/bin/../lib/gcc/riscv64-unknown-elf/8.3.0/../../../../riscv64-unknown-elf/lib/rv32imac/ilp32/libc_nano.a(lib_a-strcmp.o)
                0x000000000800a448                strcmp
 .text.strcpy   0x000000000800a460       0x12 /Users/alexstrae/toolchain-gd32v-v202-osx/compiler/bin/../lib/gcc/riscv64-unknown-elf/8.3.0/../../../../riscv64-unknown-elf/lib/rv32imac/ilp32/libc_nano.a(lib_a-strcpy.o)
                0x000000000800a460                strcpy
 .text.strlen   0x000000000800a472       0x12 /Users/alexstrae/toolchain-gd32v-v202-osx/compiler/bin/../lib/gcc/riscv64-unknown-elf/8.3.0/../../../../riscv64-unknown-elf/lib/rv32imac/ilp32/libc_nano.a(lib_a-strlen.o)
                0x000000000800a472                strlen
 .text.strstr   0x000000000800a484       0x36 /Users/alexstrae/toolchain-gd32v-v202-osx/compiler/bin/../lib/gcc/riscv64-unknown-elf/8.3.0/../../../../riscv64-unknown-elf/lib/rv32imac/ilp32/libc_nano.a(lib_a-strstr.o)
                0x000000000800a484                strstr
 .text._strtol_l.isra.0
                0x000000000800a4ba      0x12c /Users/alexstrae/toolchain-gd32v-v202-osx/compiler/bin/../lib/gcc/riscv64-unknown-elf/8.3.0/../../../../riscv64-unknown-elf/lib/rv32imac/ilp32/libc_nano.a(lib_a-strtol.o)
 .text._strtol_r
                0x000000000800a5e6        0x8 /Users/alexstrae/toolchain-gd32v-v202-osx/compiler/bin/../lib/gcc/riscv64-unknown-elf/8.3.0/../../../../riscv64-unknown-elf/lib/rv32imac/ilp32/libc_nano.a(lib_a-strtol.o)
                0x000000000800a5e6                _strtol_r
 .text.strtol   0x000000000800a5ee       0x18 /Users/alexstrae/toolchain-gd32v-v202-osx/compiler/bin/../lib/gcc/riscv64-unknown-elf/8.3.0/../../../../riscv64-unknown-elf/lib/rv32imac/ilp32/libc_nano.a(lib_a-strtol.o)
                0x000000000800a5ee                strtol
 .text.write    0x000000000800a606       0x18 /Users/alexstrae/toolchain-gd32v-v202-osx/compiler/bin/../lib/gcc/riscv64-unknown-elf/8.3.0/../../../../riscv64-unknown-elf/lib/rv32imac/ilp32/libc_nano.a(lib_a-syswrite.o)
                0x000000000800a606                write
 .text._write_r
                0x000000000800a61e       0x3a /Users/alexstrae/toolchain-gd32v-v202-osx/compiler/bin/../lib/gcc/riscv64-unknown-elf/8.3.0/../../../../riscv64-unknown-elf/lib/rv32imac/ilp32/libc_nano.a(lib_a-writer.o)
                0x000000000800a61e                _write_r
 .text.__register_exitproc
                0x000000000800a658       0x8c /Users/alexstrae/toolchain-gd32v-v202-osx/compiler/bin/../lib/gcc/riscv64-unknown-elf/8.3.0/../../../../riscv64-unknown-elf/lib/rv32imac/ilp32/libc_nano.a(lib_a-__atexit.o)
                0x000000000800a658                __register_exitproc
 .text.__call_exitprocs
                0x000000000800a6e4       0xc8 /Users/alexstrae/toolchain-gd32v-v202-osx/compiler/bin/../lib/gcc/riscv64-unknown-elf/8.3.0/../../../../riscv64-unknown-elf/lib/rv32imac/ilp32/libc_nano.a(lib_a-__call_atexit.o)
                0x000000000800a6e4                __call_exitprocs
 .text.__malloc_lock
                0x000000000800a7ac        0x2 /Users/alexstrae/toolchain-gd32v-v202-osx/compiler/bin/../lib/gcc/riscv64-unknown-elf/8.3.0/../../../../riscv64-unknown-elf/lib/rv32imac/ilp32/libc_nano.a(lib_a-mlock.o)
                0x000000000800a7ac                __malloc_lock
 .text.__malloc_unlock
                0x000000000800a7ae        0x2 /Users/alexstrae/toolchain-gd32v-v202-osx/compiler/bin/../lib/gcc/riscv64-unknown-elf/8.3.0/../../../../riscv64-unknown-elf/lib/rv32imac/ilp32/libc_nano.a(lib_a-mlock.o)
                0x000000000800a7ae                __malloc_unlock
 .text.__ssputs_r
                0x000000000800a7b0      0x102 /Users/alexstrae/toolchain-gd32v-v202-osx/compiler/bin/../lib/gcc/riscv64-unknown-elf/8.3.0/../../../../riscv64-unknown-elf/lib/rv32imac/ilp32/libc_nano.a(lib_a-nano-svfprintf.o)
                0x000000000800a7b0                __ssputs_r
 .text._svfprintf_r
                0x000000000800a8b2      0x29a /Users/alexstrae/toolchain-gd32v-v202-osx/compiler/bin/../lib/gcc/riscv64-unknown-elf/8.3.0/../../../../riscv64-unknown-elf/lib/rv32imac/ilp32/libc_nano.a(lib_a-nano-svfprintf.o)
                0x000000000800a8b2                _svfprintf_r
                0x000000000800a8b2                _svfiprintf_r
 .text._sungetc_r
                0x000000000800ab4c       0x9e /Users/alexstrae/toolchain-gd32v-v202-osx/compiler/bin/../lib/gcc/riscv64-unknown-elf/8.3.0/../../../../riscv64-unknown-elf/lib/rv32imac/ilp32/libc_nano.a(lib_a-nano-svfscanf.o)
                0x000000000800ab4c                _sungetc_r
 .text.__ssrefill_r
                0x000000000800abea       0x4c /Users/alexstrae/toolchain-gd32v-v202-osx/compiler/bin/../lib/gcc/riscv64-unknown-elf/8.3.0/../../../../riscv64-unknown-elf/lib/rv32imac/ilp32/libc_nano.a(lib_a-nano-svfscanf.o)
                0x000000000800abea                __ssrefill_r
 .text.__ssvfscanf_r
                0x000000000800ac36      0x3c2 /Users/alexstrae/toolchain-gd32v-v202-osx/compiler/bin/../lib/gcc/riscv64-unknown-elf/8.3.0/../../../../riscv64-unknown-elf/lib/rv32imac/ilp32/libc_nano.a(lib_a-nano-svfscanf.o)
                0x000000000800ac36                __ssvfscanf_r
                0x000000000800ac36                __ssvfiscanf_r
 .text._printf_common
                0x000000000800aff8      0x10c /Users/alexstrae/toolchain-gd32v-v202-osx/compiler/bin/../lib/gcc/riscv64-unknown-elf/8.3.0/../../../../riscv64-unknown-elf/lib/rv32imac/ilp32/libc_nano.a(lib_a-nano-vfprintf_i.o)
                0x000000000800aff8                _printf_common
 .text._printf_i
                0x000000000800b104      0x2ae /Users/alexstrae/toolchain-gd32v-v202-osx/compiler/bin/../lib/gcc/riscv64-unknown-elf/8.3.0/../../../../riscv64-unknown-elf/lib/rv32imac/ilp32/libc_nano.a(lib_a-nano-vfprintf_i.o)
                0x000000000800b104                _printf_i
 .text._scanf_chars
                0x000000000800b3b2       0xe0 /Users/alexstrae/toolchain-gd32v-v202-osx/compiler/bin/../lib/gcc/riscv64-unknown-elf/8.3.0/../../../../riscv64-unknown-elf/lib/rv32imac/ilp32/libc_nano.a(lib_a-nano-vfscanf_i.o)
                0x000000000800b3b2                _scanf_chars
 .text._scanf_i
                0x000000000800b492      0x26c /Users/alexstrae/toolchain-gd32v-v202-osx/compiler/bin/../lib/gcc/riscv64-unknown-elf/8.3.0/../../../../riscv64-unknown-elf/lib/rv32imac/ilp32/libc_nano.a(lib_a-nano-vfscanf_i.o)
                0x000000000800b492                _scanf_i
 .text.__sccl   0x000000000800b6fe       0x8e /Users/alexstrae/toolchain-gd32v-v202-osx/compiler/bin/../lib/gcc/riscv64-unknown-elf/8.3.0/../../../../riscv64-unknown-elf/lib/rv32imac/ilp32/libc_nano.a(lib_a-sccl.o)
                0x000000000800b6fe                __sccl
 .text._strtoul_l.isra.0
                0x000000000800b78c      0x11c /Users/alexstrae/toolchain-gd32v-v202-osx/compiler/bin/../lib/gcc/riscv64-unknown-elf/8.3.0/../../../../riscv64-unknown-elf/lib/rv32imac/ilp32/libc_nano.a(lib_a-strtoul.o)
 .text._strtoul_r
                0x000000000800b8a8        0x8 /Users/alexstrae/toolchain-gd32v-v202-osx/compiler/bin/../lib/gcc/riscv64-unknown-elf/8.3.0/../../../../riscv64-unknown-elf/lib/rv32imac/ilp32/libc_nano.a(lib_a-strtoul.o)
                0x000000000800b8a8                _strtoul_r
 .text.__submore
                0x000000000800b8b0       0x98 /Users/alexstrae/toolchain-gd32v-v202-osx/compiler/bin/../lib/gcc/riscv64-unknown-elf/8.3.0/../../../../riscv64-unknown-elf/lib/rv32imac/ilp32/libc_nano.a(lib_a-ungetc.o)
                0x000000000800b8b0                __submore
 .text.memchr   0x000000000800b948       0x1a /Users/alexstrae/toolchain-gd32v-v202-osx/compiler/bin/../lib/gcc/riscv64-unknown-elf/8.3.0/../../../../riscv64-unknown-elf/lib/rv32imac/ilp32/libc_nano.a(lib_a-memchr.o)
                0x000000000800b948                memchr
 .text          0x000000000800b962       0x26 /Users/alexstrae/toolchain-gd32v-v202-osx/compiler/bin/../lib/gcc/riscv64-unknown-elf/8.3.0/../../../../riscv64-unknown-elf/lib/rv32imac/ilp32/libc_nano.a(lib_a-memmove.o)
                0x000000000800b962                memmove
 .text._realloc_r
                0x000000000800b988       0x72 /Users/alexstrae/toolchain-gd32v-v202-osx/compiler/bin/../lib/gcc/riscv64-unknown-elf/8.3.0/../../../../riscv64-unknown-elf/lib/rv32imac/ilp32/libc_nano.a(lib_a-nano-reallocr.o)
                0x000000000800b988                _realloc_r
 .text._malloc_usable_size_r
                0x000000000800b9fa       0x14 /Users/alexstrae/toolchain-gd32v-v202-osx/compiler/bin/../lib/gcc/riscv64-unknown-elf/8.3.0/../../../../riscv64-unknown-elf/lib/rv32imac/ilp32/libc_nano.a(lib_a-nano-msizer.o)
                0x000000000800b9fa                _malloc_usable_size_r
 .text._write   0x000000000800ba0e       0x34 /Users/alexstrae/toolchain-gd32v-v202-osx/compiler/bin/../lib/gcc/riscv64-unknown-elf/8.3.0/../../../../riscv64-unknown-elf/lib/rv32imac/ilp32/libgloss_nano.a(sys_write.o)
                0x000000000800ba0e                _write
 .text.__errno  0x000000000800ba42        0xc /Users/alexstrae/toolchain-gd32v-v202-osx/compiler/bin/../lib/gcc/riscv64-unknown-elf/8.3.0/../../../../riscv64-unknown-elf/lib/rv32imac/ilp32/libc_nano.a(lib_a-errno.o)
                0x000000000800ba42                __errno
 *(.gnu.linkonce.t.*)

.sdata2.CSWTCH.85
                0x000000000800ba50        0x8
 .sdata2.CSWTCH.85
                0x000000000800ba50        0x8 build/menu.o

.sdata2.CSWTCH.86
                0x000000000800ba58        0x8
 .sdata2.CSWTCH.86
                0x000000000800ba58        0x8 build/menu.o

.sdata2.CSWTCH.87
                0x000000000800ba60        0x8
 .sdata2.CSWTCH.87
                0x000000000800ba60        0x8 build/menu.o

.sdata2.CSWTCH.90
                0x000000000800ba68        0x8
 .sdata2.CSWTCH.90
                0x000000000800ba68        0x8 build/menu.o

.sdata2.CSWTCH.91
                0x000000000800ba70        0x8
 .sdata2.CSWTCH.91
                0x000000000800ba70        0x8 build/menu.o

.sdata2._global_impure_ptr
                0x000000000800ba78        0x4
 .sdata2._global_impure_ptr
                0x000000000800ba78        0x4 /Users/alexstrae/toolchain-gd32v-v202-osx/compiler/bin/../lib/gcc/riscv64-unknown-elf/8.3.0/../../../../riscv64-unknown-elf/lib/rv32imac/ilp32/libc_nano.a(lib_a-impure.o)
                0x000000000800ba78                _global_impure_ptr

.rela.dyn       0x000000000800ba7c        0x0
 .rela.text._sbrk
                0x000000000800ba7c        0x0 build/gd32vf103_adc.o
 .rela.sdata.curbrk.1524
                0x000000000800ba7c        0x0 build/gd32vf103_adc.o
 .rela.text.handle_trap
                0x000000000800ba7c        0x0 build/gd32vf103_adc.o
 .rela.text.LCD_ShowChar
                0x000000000800ba7c        0x0 build/gd32vf103_adc.o
 .rela.text.wifiIsrHandler
                0x000000000800ba7c        0x0 build/gd32vf103_adc.o
 .rela.text.receiveCommands
                0x000000000800ba7c        0x0 build/gd32vf103_adc.o
 .rela.init     0x000000000800ba7c        0x0 build/gd32vf103_adc.o
 .rela.text.trap
                0x000000000800ba7c        0x0 build/gd32vf103_adc.o
 .rela.text.__libc_fini_array
                0x000000000800ba7c        0x0 build/gd32vf103_adc.o
 .rela.text.__libc_init_array
                0x000000000800ba7c        0x0 build/gd32vf103_adc.o
 .rela.text._sbrk_r
                0x000000000800ba7c        0x0 build/gd32vf103_adc.o
 .rela.text._write_r
                0x000000000800ba7c        0x0 build/gd32vf103_adc.o
 .rela.text.__register_exitproc
                0x000000000800ba7c        0x0 build/gd32vf103_adc.o
 .rela.text._svfprintf_r
                0x000000000800ba7c        0x0 build/gd32vf103_adc.o
 .rela.text.__ssvfscanf_r
                0x000000000800ba7c        0x0 build/gd32vf103_adc.o

.fini
 *(SORT_NONE(.fini))
                0x000000000800ba7c                . = ALIGN (0x4)
                [!provide]                        PROVIDE (__etext = .)
                [!provide]                        PROVIDE (_etext = .)
                [!provide]                        PROVIDE (etext = .)
                [!provide]                        PROVIDE (_eilm = .)

.preinit_array  0x000000000800ba7c        0x0
                0x000000000800ba7c                PROVIDE (__preinit_array_start = .)
 *(.preinit_array)
                0x000000000800ba7c                PROVIDE (__preinit_array_end = .)

.init_array     0x000000000800ba7c        0x0
                0x000000000800ba7c                PROVIDE (__init_array_start = .)
 *(SORT_BY_INIT_PRIORITY(.init_array.*) SORT_BY_INIT_PRIORITY(.ctors.*))
 *(.init_array EXCLUDE_FILE(*crtend?.o *crtend.o *crtbegin?.o *crtbegin.o) .ctors)
                0x000000000800ba7c                PROVIDE (__init_array_end = .)

.fini_array     0x000000000800ba7c        0x0
                0x000000000800ba7c                PROVIDE (__fini_array_start = .)
 *(SORT_BY_INIT_PRIORITY(.fini_array.*) SORT_BY_INIT_PRIORITY(.dtors.*))
 *(.fini_array EXCLUDE_FILE(*crtend?.o *crtend.o *crtbegin?.o *crtbegin.o) .dtors)
                0x000000000800ba7c                PROVIDE (__fini_array_end = .)

.ctors
 *crtbegin.o(.ctors)
 *crtbegin?.o(.ctors)
 *(EXCLUDE_FILE(*crtend?.o *crtend.o) .ctors)
 *(SORT_BY_NAME(.ctors.*))
 *(.ctors)

.dtors
 *crtbegin.o(.dtors)
 *crtbegin?.o(.dtors)
 *(EXCLUDE_FILE(*crtend?.o *crtend.o) .dtors)
 *(SORT_BY_NAME(.dtors.*))
 *(.dtors)
                0x000000000800ba7c                . = ALIGN (0x4)
                [!provide]                        PROVIDE (_eilm = .)

.lalign         0x000000000800ba7c        0x0
                0x000000000800ba7c                . = ALIGN (0x4)
                0x000000000800ba7c                PROVIDE (_data_lma = .)

.dalign         0x0000000020000000        0x0 load address 0x000000000800ba7c
                0x0000000020000000                . = ALIGN (0x4)
                0x0000000020000000                PROVIDE (_data = .)

.data           0x0000000020000000       0x98 load address 0x000000000800ba7c
 *(.rdata)
 *(.gnu.linkonce.r.*)
 *(.data .data.*)
 .data          0x0000000020000000       0x1f build/drivers.o
 *fill*         0x000000002000001f        0x1 
 .data.impure_data
                0x0000000020000020       0x60 /Users/alexstrae/toolchain-gd32v-v202-osx/compiler/bin/../lib/gcc/riscv64-unknown-elf/8.3.0/../../../../riscv64-unknown-elf/lib/rv32imac/ilp32/libc_nano.a(lib_a-impure.o)
 *(.gnu.linkonce.d.*)
                0x0000000020000080                . = ALIGN (0x8)
                0x0000000020000880                PROVIDE (__global_pointer$ = (. + 0x800))
 *(.sdata .sdata.*)
 .sdata.SystemCoreClock
                0x0000000020000080        0x4 build/system_gd32vf103.o
                0x0000000020000080                SystemCoreClock
 .sdata.curbrk.1524
                0x0000000020000084        0x4 build/sbrk.o
 .sdata.time    0x0000000020000088        0x8 build/gd32v_tf_card_if.o
                0x0000000020000088                time
 .sdata.Stat    0x0000000020000090        0x1 build/tf_card.o
 *fill*         0x0000000020000091        0x3 
 .sdata._impure_ptr
                0x0000000020000094        0x4 /Users/alexstrae/toolchain-gd32v-v202-osx/compiler/bin/../lib/gcc/riscv64-unknown-elf/8.3.0/../../../../riscv64-unknown-elf/lib/rv32imac/ilp32/libc_nano.a(lib_a-impure.o)
                0x0000000020000094                _impure_ptr
 *(.gnu.linkonce.s.*)
                0x0000000020000098                . = ALIGN (0x8)
 *(.srodata.cst16)
 *(.srodata.cst8)
 *(.srodata.cst4)
 *(.srodata.cst2)
 *(.srodata .srodata.*)
                0x0000000020000098                . = ALIGN (0x4)
                0x0000000020000098                PROVIDE (_edata = .)
                [!provide]                        PROVIDE (edata = .)
                [!provide]                        PROVIDE (_fbss = .)
                0x0000000020000098                PROVIDE (__bss_start = .)

.bss            0x0000000020000098     0x1c44
 *(.sbss*)
 .sbss.FatFs    0x0000000020000098        0x4 build/ff.o
 .sbss.Fsid     0x000000002000009c        0x2 build/ff.o
 .sbss.CardType
                0x000000002000009e        0x1 build/tf_card.o
 *fill*         0x000000002000009f        0x1 
 .sbss.tf_current_time
                0x00000000200000a0        0x8 build/tf_delay.o
                0x00000000200000a0                tf_current_time
 .sbss.tf_delay_until
                0x00000000200000a8        0x8 build/tf_delay.o
                0x00000000200000a8                tf_delay_until
 .sbss.jtbl     0x00000000200000b0        0x4 build/eclicw.o
 .sbss.max_irqn
                0x00000000200000b4        0x4 build/eclicw.o
 .sbss.lcd_conf
                0x00000000200000b8        0x4 build/lcd.o
                0x00000000200000b8                lcd_conf
 .sbss.r        0x00000000200000bc        0x4 build/lcd.o
                0x00000000200000bc                r
 .sbss.w        0x00000000200000c0        0x4 build/lcd.o
                0x00000000200000c0                w
 .sbss.commandBufferIndex
                0x00000000200000c4        0x4 build/usart.o
                0x00000000200000c4                commandBufferIndex
 .sbss.txr      0x00000000200000c8        0x4 build/usart.o
                0x00000000200000c8                txr
 .sbss.txw      0x00000000200000cc        0x4 build/usart.o
                0x00000000200000cc                txw
 .sbss.__malloc_free_list
                0x00000000200000d0        0x4 /Users/alexstrae/toolchain-gd32v-v202-osx/compiler/bin/../lib/gcc/riscv64-unknown-elf/8.3.0/../../../../riscv64-unknown-elf/lib/rv32imac/ilp32/libc_nano.a(lib_a-nano-mallocr.o)
                0x00000000200000d0                __malloc_free_list
 .sbss.__malloc_sbrk_start
                0x00000000200000d4        0x4 /Users/alexstrae/toolchain-gd32v-v202-osx/compiler/bin/../lib/gcc/riscv64-unknown-elf/8.3.0/../../../../riscv64-unknown-elf/lib/rv32imac/ilp32/libc_nano.a(lib_a-nano-mallocr.o)
                0x00000000200000d4                __malloc_sbrk_start
 .sbss._global_atexit
                0x00000000200000d8        0x4 /Users/alexstrae/toolchain-gd32v-v202-osx/compiler/bin/../lib/gcc/riscv64-unknown-elf/8.3.0/../../../../riscv64-unknown-elf/lib/rv32imac/ilp32/libc_nano.a(lib_a-__call_atexit.o)
                0x00000000200000d8                _global_atexit
 *(.gnu.linkonce.sb.*)
 *(.bss .bss.*)
 .bss.queue     0x00000000200000dc      0x400 build/lcd.o
                0x00000000200000dc                queue
 .bss.allPlants.5664
                0x00000000200004dc      0xe6a build/main.o
 *fill*         0x0000000020001346        0x2 
 .bss.txq       0x0000000020001348      0x800 build/usart.o
                0x0000000020001348                txq
 .bss._global_atexit0
                0x0000000020001b48       0x8c /Users/alexstrae/toolchain-gd32v-v202-osx/compiler/bin/../lib/gcc/riscv64-unknown-elf/8.3.0/../../../../riscv64-unknown-elf/lib/rv32imac/ilp32/libc_nano.a(lib_a-__atexit.o)
 *(.gnu.linkonce.b.*)
 *(COMMON)
 COMMON         0x0000000020001bd4        0x4 build/lcd.o
                0x0000000020001bd4                BACK_COLOR
 COMMON         0x0000000020001bd8      0x100 build/usart.o
                0x0000000020001bd8                commandBuffer
 COMMON         0x0000000020001cd8        0x4 /Users/alexstrae/toolchain-gd32v-v202-osx/compiler/bin/../lib/gcc/riscv64-unknown-elf/8.3.0/../../../../riscv64-unknown-elf/lib/rv32imac/ilp32/libc_nano.a(lib_a-reent.o)
                0x0000000020001cd8                errno
                0x0000000020001cdc                . = ALIGN (0x4)
                0x0000000020001ce0                . = ALIGN (0x8)
                0x0000000020001ce0                PROVIDE (_end = .)
                [!provide]                        PROVIDE (end = .)

.stack          0x0000000020007000     0x1000 load address 0x0000000020001cdc
                0x0000000020007000                PROVIDE (_heap_end = .)
                0x0000000000001000                . = __stack_size
 *fill*         0x0000000020007000     0x1000 
                0x0000000020008000                PROVIDE (_sp = .)
                0x0000000000001000                . = (__dbg_stack_size + __stack_size)
                [!provide]                        PROVIDE (_dbg_sp = .)
OUTPUT(build/gd32vf103.elf elf32-littleriscv)

.debug_info     0x0000000000000000    0x246f1
 .debug_info    0x0000000000000000      0xb98 build/gd32vf103_adc.o
 .debug_info    0x0000000000000b98      0x494 build/gd32vf103_bkp.o
 .debug_info    0x000000000000102c      0x2ac build/gd32vf103_eclic.o
 .debug_info    0x00000000000012d8      0x6f6 build/gd32vf103_gpio.o
 .debug_info    0x00000000000019ce      0x5cf build/gd32vf103_pmu.o
 .debug_info    0x0000000000001f9d      0xf51 build/gd32vf103_rcu.o
 .debug_info    0x0000000000002eee      0x35f build/gd32vf103_rtc.o
 .debug_info    0x000000000000324d      0xa73 build/gd32vf103_spi.o
 .debug_info    0x0000000000003cc0     0x16ec build/gd32vf103_timer.o
 .debug_info    0x00000000000053ac      0xccd build/gd32vf103_usart.o
 .debug_info    0x0000000000006079      0x203 build/system_gd32vf103.o
 .debug_info    0x000000000000627c      0x1d3 build/_exit.o
 .debug_info    0x000000000000644f       0xd0 build/sbrk.o
 .debug_info    0x000000000000651f      0x1bb build/write_hex.o
 .debug_info    0x00000000000066da     0x18a2 build/n200_func.o
 .debug_info    0x0000000000007f7c      0xb4f build/handlers.o
 .debug_info    0x0000000000008acb      0xcb0 build/init.o
 .debug_info    0x000000000000977b     0x2a42 build/ff.o
 .debug_info    0x000000000000c1bd      0xb63 build/gd32v_tf_card_if.o
 .debug_info    0x000000000000cd20     0x1b7b build/tf_card.o
 .debug_info    0x000000000000e89b      0x17c build/tf_delay.o
 .debug_info    0x000000000000ea17      0x1a9 build/systick.o
 .debug_info    0x000000000000ebc0     0x14b8 build/adc.o
 .debug_info    0x0000000000010078      0xdb1 build/eclicw.o
 .debug_info    0x0000000000010e29     0x2f9b build/lcd.o
 .debug_info    0x0000000000013dc4     0x155a build/main.o
 .debug_info    0x000000000001531e     0x18bf build/menu.o
 .debug_info    0x0000000000016bdd     0x1356 build/plant.o
 .debug_info    0x0000000000017f33      0x828 build/pwm.o
 .debug_info    0x000000000001875b     0x11ff build/renderPlants.o
 .debug_info    0x000000000001995a     0x12aa build/sdcard.o
 .debug_info    0x000000000001ac04     0x13c6 build/usart.o
 .debug_info    0x000000000001bfca      0xee6 build/utilities.o
 .debug_info    0x000000000001ceb0     0x14dd build/wifiServices.o
 .debug_info    0x000000000001e38d       0x26 build/start.o
 .debug_info    0x000000000001e3b3       0x22 build/entry.o
 .debug_info    0x000000000001e3d5       0x26 build/drivers.o
 .debug_info    0x000000000001e3fb      0x734 /Users/alexstrae/toolchain-gd32v-v202-osx/compiler/bin/../lib/gcc/riscv64-unknown-elf/8.3.0/rv32imac/ilp32/libgcc.a(divdf3.o)
 .debug_info    0x000000000001eb2f      0x286 /Users/alexstrae/toolchain-gd32v-v202-osx/compiler/bin/../lib/gcc/riscv64-unknown-elf/8.3.0/rv32imac/ilp32/libgcc.a(ledf2.o)
 .debug_info    0x000000000001edb5      0x76c /Users/alexstrae/toolchain-gd32v-v202-osx/compiler/bin/../lib/gcc/riscv64-unknown-elf/8.3.0/rv32imac/ilp32/libgcc.a(muldf3.o)
 .debug_info    0x000000000001f521      0x5a5 /Users/alexstrae/toolchain-gd32v-v202-osx/compiler/bin/../lib/gcc/riscv64-unknown-elf/8.3.0/rv32imac/ilp32/libgcc.a(subdf3.o)
 .debug_info    0x000000000001fac6      0x2af /Users/alexstrae/toolchain-gd32v-v202-osx/compiler/bin/../lib/gcc/riscv64-unknown-elf/8.3.0/rv32imac/ilp32/libgcc.a(floatunsidf.o)
 .debug_info    0x000000000001fd75      0x2e8 /Users/alexstrae/toolchain-gd32v-v202-osx/compiler/bin/../lib/gcc/riscv64-unknown-elf/8.3.0/rv32imac/ilp32/libgcc.a(floatundidf.o)
 .debug_info    0x000000000002005d      0x351 /Users/alexstrae/toolchain-gd32v-v202-osx/compiler/bin/../lib/gcc/riscv64-unknown-elf/8.3.0/rv32imac/ilp32/libgcc.a(addsf3.o)
 .debug_info    0x00000000000203ae      0x3bf /Users/alexstrae/toolchain-gd32v-v202-osx/compiler/bin/../lib/gcc/riscv64-unknown-elf/8.3.0/rv32imac/ilp32/libgcc.a(divsf3.o)
 .debug_info    0x000000000002076d      0x3ac /Users/alexstrae/toolchain-gd32v-v202-osx/compiler/bin/../lib/gcc/riscv64-unknown-elf/8.3.0/rv32imac/ilp32/libgcc.a(mulsf3.o)
 .debug_info    0x0000000000020b19      0x1f7 /Users/alexstrae/toolchain-gd32v-v202-osx/compiler/bin/../lib/gcc/riscv64-unknown-elf/8.3.0/rv32imac/ilp32/libgcc.a(fixsfsi.o)
 .debug_info    0x0000000000020d10      0x1e7 /Users/alexstrae/toolchain-gd32v-v202-osx/compiler/bin/../lib/gcc/riscv64-unknown-elf/8.3.0/rv32imac/ilp32/libgcc.a(fixunssfsi.o)
 .debug_info    0x0000000000020ef7      0x24a /Users/alexstrae/toolchain-gd32v-v202-osx/compiler/bin/../lib/gcc/riscv64-unknown-elf/8.3.0/rv32imac/ilp32/libgcc.a(floatunsisf.o)
 .debug_info    0x0000000000021141      0x2a9 /Users/alexstrae/toolchain-gd32v-v202-osx/compiler/bin/../lib/gcc/riscv64-unknown-elf/8.3.0/rv32imac/ilp32/libgcc.a(extendsfdf2.o)
 .debug_info    0x00000000000213ea      0x2e2 /Users/alexstrae/toolchain-gd32v-v202-osx/compiler/bin/../lib/gcc/riscv64-unknown-elf/8.3.0/rv32imac/ilp32/libgcc.a(truncdfsf2.o)
 .debug_info    0x00000000000216cc      0xc72 /Users/alexstrae/toolchain-gd32v-v202-osx/compiler/bin/../lib/gcc/riscv64-unknown-elf/8.3.0/rv32imac/ilp32/libgcc.a(_lshrdi3.o)
 .debug_info    0x000000000002233e      0xc72 /Users/alexstrae/toolchain-gd32v-v202-osx/compiler/bin/../lib/gcc/riscv64-unknown-elf/8.3.0/rv32imac/ilp32/libgcc.a(_ashldi3.o)
 .debug_info    0x0000000000022fb0      0xbd7 /Users/alexstrae/toolchain-gd32v-v202-osx/compiler/bin/../lib/gcc/riscv64-unknown-elf/8.3.0/rv32imac/ilp32/libgcc.a(_clzsi2.o)
 .debug_info    0x0000000000023b87      0xb6a /Users/alexstrae/toolchain-gd32v-v202-osx/compiler/bin/../lib/gcc/riscv64-unknown-elf/8.3.0/rv32imac/ilp32/libgcc.a(_clz.o)

.debug_abbrev   0x0000000000000000     0x6ef6
 .debug_abbrev  0x0000000000000000      0x216 build/gd32vf103_adc.o
 .debug_abbrev  0x0000000000000216      0x1a6 build/gd32vf103_bkp.o
 .debug_abbrev  0x00000000000003bc      0x112 build/gd32vf103_eclic.o
 .debug_abbrev  0x00000000000004ce      0x228 build/gd32vf103_gpio.o
 .debug_abbrev  0x00000000000006f6      0x1d6 build/gd32vf103_pmu.o
 .debug_abbrev  0x00000000000008cc      0x259 build/gd32vf103_rcu.o
 .debug_abbrev  0x0000000000000b25      0x1d4 build/gd32vf103_rtc.o
 .debug_abbrev  0x0000000000000cf9      0x21a build/gd32vf103_spi.o
 .debug_abbrev  0x0000000000000f13      0x2c1 build/gd32vf103_timer.o
 .debug_abbrev  0x00000000000011d4      0x1eb build/gd32vf103_usart.o
 .debug_abbrev  0x00000000000013bf       0xe0 build/system_gd32vf103.o
 .debug_abbrev  0x000000000000149f       0xec build/_exit.o
 .debug_abbrev  0x000000000000158b       0xac build/sbrk.o
 .debug_abbrev  0x0000000000001637       0xfa build/write_hex.o
 .debug_abbrev  0x0000000000001731      0x4db build/n200_func.o
 .debug_abbrev  0x0000000000001c0c      0x234 build/handlers.o
 .debug_abbrev  0x0000000000001e40      0x22b build/init.o
 .debug_abbrev  0x000000000000206b      0x340 build/ff.o
 .debug_abbrev  0x00000000000023ab      0x200 build/gd32v_tf_card_if.o
 .debug_abbrev  0x00000000000025ab      0x476 build/tf_card.o
 .debug_abbrev  0x0000000000002a21       0xd2 build/tf_delay.o
 .debug_abbrev  0x0000000000002af3       0xcb build/systick.o
 .debug_abbrev  0x0000000000002bbe      0x33d build/adc.o
 .debug_abbrev  0x0000000000002efb      0x24e build/eclicw.o
 .debug_abbrev  0x0000000000003149      0x575 build/lcd.o
 .debug_abbrev  0x00000000000036be      0x2db build/main.o
 .debug_abbrev  0x0000000000003999      0x3b9 build/menu.o
 .debug_abbrev  0x0000000000003d52      0x374 build/plant.o
 .debug_abbrev  0x00000000000040c6      0x196 build/pwm.o
 .debug_abbrev  0x000000000000425c      0x255 build/renderPlants.o
 .debug_abbrev  0x00000000000044b1      0x273 build/sdcard.o
 .debug_abbrev  0x0000000000004724      0x367 build/usart.o
 .debug_abbrev  0x0000000000004a8b      0x2ba build/utilities.o
 .debug_abbrev  0x0000000000004d45      0x2dc build/wifiServices.o
 .debug_abbrev  0x0000000000005021       0x14 build/start.o
 .debug_abbrev  0x0000000000005035       0x12 build/entry.o
 .debug_abbrev  0x0000000000005047       0x14 build/drivers.o
 .debug_abbrev  0x000000000000505b      0x187 /Users/alexstrae/toolchain-gd32v-v202-osx/compiler/bin/../lib/gcc/riscv64-unknown-elf/8.3.0/rv32imac/ilp32/libgcc.a(divdf3.o)
 .debug_abbrev  0x00000000000051e2      0x199 /Users/alexstrae/toolchain-gd32v-v202-osx/compiler/bin/../lib/gcc/riscv64-unknown-elf/8.3.0/rv32imac/ilp32/libgcc.a(ledf2.o)
 .debug_abbrev  0x000000000000537b      0x197 /Users/alexstrae/toolchain-gd32v-v202-osx/compiler/bin/../lib/gcc/riscv64-unknown-elf/8.3.0/rv32imac/ilp32/libgcc.a(muldf3.o)
 .debug_abbrev  0x0000000000005512      0x196 /Users/alexstrae/toolchain-gd32v-v202-osx/compiler/bin/../lib/gcc/riscv64-unknown-elf/8.3.0/rv32imac/ilp32/libgcc.a(subdf3.o)
 .debug_abbrev  0x00000000000056a8      0x178 /Users/alexstrae/toolchain-gd32v-v202-osx/compiler/bin/../lib/gcc/riscv64-unknown-elf/8.3.0/rv32imac/ilp32/libgcc.a(floatunsidf.o)
 .debug_abbrev  0x0000000000005820      0x19f /Users/alexstrae/toolchain-gd32v-v202-osx/compiler/bin/../lib/gcc/riscv64-unknown-elf/8.3.0/rv32imac/ilp32/libgcc.a(floatundidf.o)
 .debug_abbrev  0x00000000000059bf      0x191 /Users/alexstrae/toolchain-gd32v-v202-osx/compiler/bin/../lib/gcc/riscv64-unknown-elf/8.3.0/rv32imac/ilp32/libgcc.a(addsf3.o)
 .debug_abbrev  0x0000000000005b50      0x17a /Users/alexstrae/toolchain-gd32v-v202-osx/compiler/bin/../lib/gcc/riscv64-unknown-elf/8.3.0/rv32imac/ilp32/libgcc.a(divsf3.o)
 .debug_abbrev  0x0000000000005cca      0x17a /Users/alexstrae/toolchain-gd32v-v202-osx/compiler/bin/../lib/gcc/riscv64-unknown-elf/8.3.0/rv32imac/ilp32/libgcc.a(mulsf3.o)
 .debug_abbrev  0x0000000000005e44      0x18a /Users/alexstrae/toolchain-gd32v-v202-osx/compiler/bin/../lib/gcc/riscv64-unknown-elf/8.3.0/rv32imac/ilp32/libgcc.a(fixsfsi.o)
 .debug_abbrev  0x0000000000005fce      0x179 /Users/alexstrae/toolchain-gd32v-v202-osx/compiler/bin/../lib/gcc/riscv64-unknown-elf/8.3.0/rv32imac/ilp32/libgcc.a(fixunssfsi.o)
 .debug_abbrev  0x0000000000006147      0x1a9 /Users/alexstrae/toolchain-gd32v-v202-osx/compiler/bin/../lib/gcc/riscv64-unknown-elf/8.3.0/rv32imac/ilp32/libgcc.a(floatunsisf.o)
 .debug_abbrev  0x00000000000062f0      0x17b /Users/alexstrae/toolchain-gd32v-v202-osx/compiler/bin/../lib/gcc/riscv64-unknown-elf/8.3.0/rv32imac/ilp32/libgcc.a(extendsfdf2.o)
 .debug_abbrev  0x000000000000646b      0x177 /Users/alexstrae/toolchain-gd32v-v202-osx/compiler/bin/../lib/gcc/riscv64-unknown-elf/8.3.0/rv32imac/ilp32/libgcc.a(truncdfsf2.o)
 .debug_abbrev  0x00000000000065e2      0x275 /Users/alexstrae/toolchain-gd32v-v202-osx/compiler/bin/../lib/gcc/riscv64-unknown-elf/8.3.0/rv32imac/ilp32/libgcc.a(_lshrdi3.o)
 .debug_abbrev  0x0000000000006857      0x275 /Users/alexstrae/toolchain-gd32v-v202-osx/compiler/bin/../lib/gcc/riscv64-unknown-elf/8.3.0/rv32imac/ilp32/libgcc.a(_ashldi3.o)
 .debug_abbrev  0x0000000000006acc      0x242 /Users/alexstrae/toolchain-gd32v-v202-osx/compiler/bin/../lib/gcc/riscv64-unknown-elf/8.3.0/rv32imac/ilp32/libgcc.a(_clzsi2.o)
 .debug_abbrev  0x0000000000006d0e      0x1e8 /Users/alexstrae/toolchain-gd32v-v202-osx/compiler/bin/../lib/gcc/riscv64-unknown-elf/8.3.0/rv32imac/ilp32/libgcc.a(_clz.o)

.debug_loc      0x0000000000000000    0x125ff
 .debug_loc     0x0000000000000000      0x7d6 build/gd32vf103_adc.o
 .debug_loc     0x00000000000007d6      0x19f build/gd32vf103_bkp.o
 .debug_loc     0x0000000000000975       0xe7 build/gd32vf103_eclic.o
 .debug_loc     0x0000000000000a5c      0x4ba build/gd32vf103_gpio.o
 .debug_loc     0x0000000000000f16       0x8f build/gd32vf103_pmu.o
 .debug_loc     0x0000000000000fa5      0xcf4 build/gd32vf103_rcu.o
 .debug_loc     0x0000000000001c99      0x240 build/gd32vf103_rtc.o
 .debug_loc     0x0000000000001ed9      0x54e build/gd32vf103_spi.o
 .debug_loc     0x0000000000002427      0xef4 build/gd32vf103_timer.o
 .debug_loc     0x000000000000331b      0x773 build/gd32vf103_usart.o
 .debug_loc     0x0000000000003a8e      0x173 build/system_gd32vf103.o
 .debug_loc     0x0000000000003c01       0x3e build/_exit.o
 .debug_loc     0x0000000000003c3f       0x21 build/sbrk.o
 .debug_loc     0x0000000000003c60      0x101 build/write_hex.o
 .debug_loc     0x0000000000003d61      0xa1d build/n200_func.o
 .debug_loc     0x000000000000477e       0x7f build/handlers.o
 .debug_loc     0x00000000000047fd       0x2c build/init.o
 .debug_loc     0x0000000000004829     0x318f build/ff.o
 .debug_loc     0x00000000000079b8      0xc28 build/tf_card.o
 .debug_loc     0x00000000000085e0       0x84 build/tf_delay.o
 .debug_loc     0x0000000000008664      0x110 build/systick.o
 .debug_loc     0x0000000000008774      0x309 build/adc.o
 .debug_loc     0x0000000000008a7d      0x167 build/eclicw.o
 .debug_loc     0x0000000000008be4     0x1ec3 build/lcd.o
 .debug_loc     0x000000000000aaa7       0xf9 build/main.o
 .debug_loc     0x000000000000aba0      0xcdf build/menu.o
 .debug_loc     0x000000000000b87f      0x7c9 build/plant.o
 .debug_loc     0x000000000000c048      0x115 build/pwm.o
 .debug_loc     0x000000000000c15d      0x2cc build/renderPlants.o
 .debug_loc     0x000000000000c429      0x179 build/sdcard.o
 .debug_loc     0x000000000000c5a2      0x1bf build/usart.o
 .debug_loc     0x000000000000c761      0x2a8 build/utilities.o
 .debug_loc     0x000000000000ca09      0x4a6 build/wifiServices.o
 .debug_loc     0x000000000000ceaf     0x129b /Users/alexstrae/toolchain-gd32v-v202-osx/compiler/bin/../lib/gcc/riscv64-unknown-elf/8.3.0/rv32imac/ilp32/libgcc.a(divdf3.o)
 .debug_loc     0x000000000000e14a      0x156 /Users/alexstrae/toolchain-gd32v-v202-osx/compiler/bin/../lib/gcc/riscv64-unknown-elf/8.3.0/rv32imac/ilp32/libgcc.a(ledf2.o)
 .debug_loc     0x000000000000e2a0      0xd6e /Users/alexstrae/toolchain-gd32v-v202-osx/compiler/bin/../lib/gcc/riscv64-unknown-elf/8.3.0/rv32imac/ilp32/libgcc.a(muldf3.o)
 .debug_loc     0x000000000000f00e     0x1221 /Users/alexstrae/toolchain-gd32v-v202-osx/compiler/bin/../lib/gcc/riscv64-unknown-elf/8.3.0/rv32imac/ilp32/libgcc.a(subdf3.o)
 .debug_loc     0x000000000001022f      0x15c /Users/alexstrae/toolchain-gd32v-v202-osx/compiler/bin/../lib/gcc/riscv64-unknown-elf/8.3.0/rv32imac/ilp32/libgcc.a(floatunsidf.o)
 .debug_loc     0x000000000001038b      0x2ec /Users/alexstrae/toolchain-gd32v-v202-osx/compiler/bin/../lib/gcc/riscv64-unknown-elf/8.3.0/rv32imac/ilp32/libgcc.a(floatundidf.o)
 .debug_loc     0x0000000000010677      0x83c /Users/alexstrae/toolchain-gd32v-v202-osx/compiler/bin/../lib/gcc/riscv64-unknown-elf/8.3.0/rv32imac/ilp32/libgcc.a(addsf3.o)
 .debug_loc     0x0000000000010eb3      0x758 /Users/alexstrae/toolchain-gd32v-v202-osx/compiler/bin/../lib/gcc/riscv64-unknown-elf/8.3.0/rv32imac/ilp32/libgcc.a(divsf3.o)
 .debug_loc     0x000000000001160b      0x5e4 /Users/alexstrae/toolchain-gd32v-v202-osx/compiler/bin/../lib/gcc/riscv64-unknown-elf/8.3.0/rv32imac/ilp32/libgcc.a(mulsf3.o)
 .debug_loc     0x0000000000011bef      0x12d /Users/alexstrae/toolchain-gd32v-v202-osx/compiler/bin/../lib/gcc/riscv64-unknown-elf/8.3.0/rv32imac/ilp32/libgcc.a(fixsfsi.o)
 .debug_loc     0x0000000000011d1c      0x10a /Users/alexstrae/toolchain-gd32v-v202-osx/compiler/bin/../lib/gcc/riscv64-unknown-elf/8.3.0/rv32imac/ilp32/libgcc.a(fixunssfsi.o)
 .debug_loc     0x0000000000011e26      0x165 /Users/alexstrae/toolchain-gd32v-v202-osx/compiler/bin/../lib/gcc/riscv64-unknown-elf/8.3.0/rv32imac/ilp32/libgcc.a(floatunsisf.o)
 .debug_loc     0x0000000000011f8b      0x1a4 /Users/alexstrae/toolchain-gd32v-v202-osx/compiler/bin/../lib/gcc/riscv64-unknown-elf/8.3.0/rv32imac/ilp32/libgcc.a(extendsfdf2.o)
 .debug_loc     0x000000000001212f      0x369 /Users/alexstrae/toolchain-gd32v-v202-osx/compiler/bin/../lib/gcc/riscv64-unknown-elf/8.3.0/rv32imac/ilp32/libgcc.a(truncdfsf2.o)
 .debug_loc     0x0000000000012498       0x7e /Users/alexstrae/toolchain-gd32v-v202-osx/compiler/bin/../lib/gcc/riscv64-unknown-elf/8.3.0/rv32imac/ilp32/libgcc.a(_lshrdi3.o)
 .debug_loc     0x0000000000012516       0x7e /Users/alexstrae/toolchain-gd32v-v202-osx/compiler/bin/../lib/gcc/riscv64-unknown-elf/8.3.0/rv32imac/ilp32/libgcc.a(_ashldi3.o)
 .debug_loc     0x0000000000012594       0x6b /Users/alexstrae/toolchain-gd32v-v202-osx/compiler/bin/../lib/gcc/riscv64-unknown-elf/8.3.0/rv32imac/ilp32/libgcc.a(_clzsi2.o)

.debug_aranges  0x0000000000000000     0x13d8
 .debug_aranges
                0x0000000000000000      0x140 build/gd32vf103_adc.o
 .debug_aranges
                0x0000000000000140       0xa8 build/gd32vf103_bkp.o
 .debug_aranges
                0x00000000000001e8       0x50 build/gd32vf103_eclic.o
 .debug_aranges
                0x0000000000000238       0xa0 build/gd32vf103_gpio.o
 .debug_aranges
                0x00000000000002d8       0x78 build/gd32vf103_pmu.o
 .debug_aranges
                0x0000000000000350      0x160 build/gd32vf103_rcu.o
 .debug_aranges
                0x00000000000004b0       0x80 build/gd32vf103_rtc.o
 .debug_aranges
                0x0000000000000530      0x128 build/gd32vf103_spi.o
 .debug_aranges
                0x0000000000000658      0x240 build/gd32vf103_timer.o
 .debug_aranges
                0x0000000000000898      0x170 build/gd32vf103_usart.o
 .debug_aranges
                0x0000000000000a08       0x28 build/system_gd32vf103.o
 .debug_aranges
                0x0000000000000a30       0x20 build/_exit.o
 .debug_aranges
                0x0000000000000a50       0x20 build/sbrk.o
 .debug_aranges
                0x0000000000000a70       0x20 build/write_hex.o
 .debug_aranges
                0x0000000000000a90      0x140 build/n200_func.o
 .debug_aranges
                0x0000000000000bd0       0x28 build/handlers.o
 .debug_aranges
                0x0000000000000bf8       0x28 build/init.o
 .debug_aranges
                0x0000000000000c20       0xd8 build/ff.o
 .debug_aranges
                0x0000000000000cf8       0x28 build/gd32v_tf_card_if.o
 .debug_aranges
                0x0000000000000d20       0x78 build/tf_card.o
 .debug_aranges
                0x0000000000000d98       0x28 build/tf_delay.o
 .debug_aranges
                0x0000000000000dc0       0x28 build/systick.o
 .debug_aranges
                0x0000000000000de8       0x48 build/adc.o
 .debug_aranges
                0x0000000000000e30       0x38 build/eclicw.o
 .debug_aranges
                0x0000000000000e68       0xf8 build/lcd.o
 .debug_aranges
                0x0000000000000f60       0x20 build/main.o
 .debug_aranges
                0x0000000000000f80       0x40 build/menu.o
 .debug_aranges
                0x0000000000000fc0       0x40 build/plant.o
 .debug_aranges
                0x0000000000001000       0x38 build/pwm.o
 .debug_aranges
                0x0000000000001038       0x30 build/renderPlants.o
 .debug_aranges
                0x0000000000001068       0x28 build/sdcard.o
 .debug_aranges
                0x0000000000001090       0x40 build/usart.o
 .debug_aranges
                0x00000000000010d0       0x38 build/utilities.o
 .debug_aranges
                0x0000000000001108       0x30 build/wifiServices.o
 .debug_aranges
                0x0000000000001138       0x20 build/start.o
 .debug_aranges
                0x0000000000001158       0x28 build/entry.o
 .debug_aranges
                0x0000000000001180       0x20 build/drivers.o
 .debug_aranges
                0x00000000000011a0       0x20 /Users/alexstrae/toolchain-gd32v-v202-osx/compiler/bin/../lib/gcc/riscv64-unknown-elf/8.3.0/rv32imac/ilp32/libgcc.a(divdf3.o)
 .debug_aranges
                0x00000000000011c0       0x20 /Users/alexstrae/toolchain-gd32v-v202-osx/compiler/bin/../lib/gcc/riscv64-unknown-elf/8.3.0/rv32imac/ilp32/libgcc.a(ledf2.o)
 .debug_aranges
                0x00000000000011e0       0x20 /Users/alexstrae/toolchain-gd32v-v202-osx/compiler/bin/../lib/gcc/riscv64-unknown-elf/8.3.0/rv32imac/ilp32/libgcc.a(muldf3.o)
 .debug_aranges
                0x0000000000001200       0x20 /Users/alexstrae/toolchain-gd32v-v202-osx/compiler/bin/../lib/gcc/riscv64-unknown-elf/8.3.0/rv32imac/ilp32/libgcc.a(subdf3.o)
 .debug_aranges
                0x0000000000001220       0x20 /Users/alexstrae/toolchain-gd32v-v202-osx/compiler/bin/../lib/gcc/riscv64-unknown-elf/8.3.0/rv32imac/ilp32/libgcc.a(floatunsidf.o)
 .debug_aranges
                0x0000000000001240       0x20 /Users/alexstrae/toolchain-gd32v-v202-osx/compiler/bin/../lib/gcc/riscv64-unknown-elf/8.3.0/rv32imac/ilp32/libgcc.a(floatundidf.o)
 .debug_aranges
                0x0000000000001260       0x20 /Users/alexstrae/toolchain-gd32v-v202-osx/compiler/bin/../lib/gcc/riscv64-unknown-elf/8.3.0/rv32imac/ilp32/libgcc.a(addsf3.o)
 .debug_aranges
                0x0000000000001280       0x20 /Users/alexstrae/toolchain-gd32v-v202-osx/compiler/bin/../lib/gcc/riscv64-unknown-elf/8.3.0/rv32imac/ilp32/libgcc.a(divsf3.o)
 .debug_aranges
                0x00000000000012a0       0x20 /Users/alexstrae/toolchain-gd32v-v202-osx/compiler/bin/../lib/gcc/riscv64-unknown-elf/8.3.0/rv32imac/ilp32/libgcc.a(mulsf3.o)
 .debug_aranges
                0x00000000000012c0       0x20 /Users/alexstrae/toolchain-gd32v-v202-osx/compiler/bin/../lib/gcc/riscv64-unknown-elf/8.3.0/rv32imac/ilp32/libgcc.a(fixsfsi.o)
 .debug_aranges
                0x00000000000012e0       0x20 /Users/alexstrae/toolchain-gd32v-v202-osx/compiler/bin/../lib/gcc/riscv64-unknown-elf/8.3.0/rv32imac/ilp32/libgcc.a(fixunssfsi.o)
 .debug_aranges
                0x0000000000001300       0x20 /Users/alexstrae/toolchain-gd32v-v202-osx/compiler/bin/../lib/gcc/riscv64-unknown-elf/8.3.0/rv32imac/ilp32/libgcc.a(floatunsisf.o)
 .debug_aranges
                0x0000000000001320       0x20 /Users/alexstrae/toolchain-gd32v-v202-osx/compiler/bin/../lib/gcc/riscv64-unknown-elf/8.3.0/rv32imac/ilp32/libgcc.a(extendsfdf2.o)
 .debug_aranges
                0x0000000000001340       0x20 /Users/alexstrae/toolchain-gd32v-v202-osx/compiler/bin/../lib/gcc/riscv64-unknown-elf/8.3.0/rv32imac/ilp32/libgcc.a(truncdfsf2.o)
 .debug_aranges
                0x0000000000001360       0x20 /Users/alexstrae/toolchain-gd32v-v202-osx/compiler/bin/../lib/gcc/riscv64-unknown-elf/8.3.0/rv32imac/ilp32/libgcc.a(_lshrdi3.o)
 .debug_aranges
                0x0000000000001380       0x20 /Users/alexstrae/toolchain-gd32v-v202-osx/compiler/bin/../lib/gcc/riscv64-unknown-elf/8.3.0/rv32imac/ilp32/libgcc.a(_ashldi3.o)
 .debug_aranges
                0x00000000000013a0       0x20 /Users/alexstrae/toolchain-gd32v-v202-osx/compiler/bin/../lib/gcc/riscv64-unknown-elf/8.3.0/rv32imac/ilp32/libgcc.a(_clzsi2.o)
 .debug_aranges
                0x00000000000013c0       0x18 /Users/alexstrae/toolchain-gd32v-v202-osx/compiler/bin/../lib/gcc/riscv64-unknown-elf/8.3.0/rv32imac/ilp32/libgcc.a(_clz.o)

.debug_ranges   0x0000000000000000     0x2088
 .debug_ranges  0x0000000000000000      0x130 build/gd32vf103_adc.o
 .debug_ranges  0x0000000000000130       0x98 build/gd32vf103_bkp.o
 .debug_ranges  0x00000000000001c8       0x40 build/gd32vf103_eclic.o
 .debug_ranges  0x0000000000000208       0x90 build/gd32vf103_gpio.o
 .debug_ranges  0x0000000000000298       0x68 build/gd32vf103_pmu.o
 .debug_ranges  0x0000000000000300      0x150 build/gd32vf103_rcu.o
 .debug_ranges  0x0000000000000450       0x90 build/gd32vf103_rtc.o
 .debug_ranges  0x00000000000004e0      0x118 build/gd32vf103_spi.o
 .debug_ranges  0x00000000000005f8      0x270 build/gd32vf103_timer.o
 .debug_ranges  0x0000000000000868      0x160 build/gd32vf103_usart.o
 .debug_ranges  0x00000000000009c8       0x18 build/system_gd32vf103.o
 .debug_ranges  0x00000000000009e0       0x10 build/_exit.o
 .debug_ranges  0x00000000000009f0       0x10 build/sbrk.o
 .debug_ranges  0x0000000000000a00       0x30 build/write_hex.o
 .debug_ranges  0x0000000000000a30      0x240 build/n200_func.o
 .debug_ranges  0x0000000000000c70       0x18 build/handlers.o
 .debug_ranges  0x0000000000000c88       0x18 build/init.o
 .debug_ranges  0x0000000000000ca0      0x328 build/ff.o
 .debug_ranges  0x0000000000000fc8       0x18 build/gd32v_tf_card_if.o
 .debug_ranges  0x0000000000000fe0       0x88 build/tf_card.o
 .debug_ranges  0x0000000000001068       0x18 build/tf_delay.o
 .debug_ranges  0x0000000000001080       0x18 build/systick.o
 .debug_ranges  0x0000000000001098       0x88 build/adc.o
 .debug_ranges  0x0000000000001120       0x28 build/eclicw.o
 .debug_ranges  0x0000000000001148      0x1d0 build/lcd.o
 .debug_ranges  0x0000000000001318       0x10 build/main.o
 .debug_ranges  0x0000000000001328       0x60 build/menu.o
 .debug_ranges  0x0000000000001388       0xf8 build/plant.o
 .debug_ranges  0x0000000000001480       0x28 build/pwm.o
 .debug_ranges  0x00000000000014a8       0x98 build/renderPlants.o
 .debug_ranges  0x0000000000001540       0x18 build/sdcard.o
 .debug_ranges  0x0000000000001558       0x68 build/usart.o
 .debug_ranges  0x00000000000015c0       0x28 build/utilities.o
 .debug_ranges  0x00000000000015e8       0x78 build/wifiServices.o
 .debug_ranges  0x0000000000001660       0x20 build/entry.o
 .debug_ranges  0x0000000000001680      0x180 /Users/alexstrae/toolchain-gd32v-v202-osx/compiler/bin/../lib/gcc/riscv64-unknown-elf/8.3.0/rv32imac/ilp32/libgcc.a(divdf3.o)
 .debug_ranges  0x0000000000001800       0x68 /Users/alexstrae/toolchain-gd32v-v202-osx/compiler/bin/../lib/gcc/riscv64-unknown-elf/8.3.0/rv32imac/ilp32/libgcc.a(ledf2.o)
 .debug_ranges  0x0000000000001868      0x1c0 /Users/alexstrae/toolchain-gd32v-v202-osx/compiler/bin/../lib/gcc/riscv64-unknown-elf/8.3.0/rv32imac/ilp32/libgcc.a(muldf3.o)
 .debug_ranges  0x0000000000001a28      0x1e8 /Users/alexstrae/toolchain-gd32v-v202-osx/compiler/bin/../lib/gcc/riscv64-unknown-elf/8.3.0/rv32imac/ilp32/libgcc.a(subdf3.o)
 .debug_ranges  0x0000000000001c10       0x68 /Users/alexstrae/toolchain-gd32v-v202-osx/compiler/bin/../lib/gcc/riscv64-unknown-elf/8.3.0/rv32imac/ilp32/libgcc.a(floatunsidf.o)
 .debug_ranges  0x0000000000001c78       0x68 /Users/alexstrae/toolchain-gd32v-v202-osx/compiler/bin/../lib/gcc/riscv64-unknown-elf/8.3.0/rv32imac/ilp32/libgcc.a(floatundidf.o)
 .debug_ranges  0x0000000000001ce0      0x140 /Users/alexstrae/toolchain-gd32v-v202-osx/compiler/bin/../lib/gcc/riscv64-unknown-elf/8.3.0/rv32imac/ilp32/libgcc.a(addsf3.o)
 .debug_ranges  0x0000000000001e20       0xa8 /Users/alexstrae/toolchain-gd32v-v202-osx/compiler/bin/../lib/gcc/riscv64-unknown-elf/8.3.0/rv32imac/ilp32/libgcc.a(divsf3.o)
 .debug_ranges  0x0000000000001ec8       0xa8 /Users/alexstrae/toolchain-gd32v-v202-osx/compiler/bin/../lib/gcc/riscv64-unknown-elf/8.3.0/rv32imac/ilp32/libgcc.a(mulsf3.o)
 .debug_ranges  0x0000000000001f70       0x18 /Users/alexstrae/toolchain-gd32v-v202-osx/compiler/bin/../lib/gcc/riscv64-unknown-elf/8.3.0/rv32imac/ilp32/libgcc.a(fixsfsi.o)
 .debug_ranges  0x0000000000001f88       0x18 /Users/alexstrae/toolchain-gd32v-v202-osx/compiler/bin/../lib/gcc/riscv64-unknown-elf/8.3.0/rv32imac/ilp32/libgcc.a(fixunssfsi.o)
 .debug_ranges  0x0000000000001fa0       0x50 /Users/alexstrae/toolchain-gd32v-v202-osx/compiler/bin/../lib/gcc/riscv64-unknown-elf/8.3.0/rv32imac/ilp32/libgcc.a(floatunsisf.o)
 .debug_ranges  0x0000000000001ff0       0x38 /Users/alexstrae/toolchain-gd32v-v202-osx/compiler/bin/../lib/gcc/riscv64-unknown-elf/8.3.0/rv32imac/ilp32/libgcc.a(extendsfdf2.o)
 .debug_ranges  0x0000000000002028       0x40 /Users/alexstrae/toolchain-gd32v-v202-osx/compiler/bin/../lib/gcc/riscv64-unknown-elf/8.3.0/rv32imac/ilp32/libgcc.a(truncdfsf2.o)
 .debug_ranges  0x0000000000002068       0x20 /Users/alexstrae/toolchain-gd32v-v202-osx/compiler/bin/../lib/gcc/riscv64-unknown-elf/8.3.0/rv32imac/ilp32/libgcc.a(_clzsi2.o)

.debug_line     0x0000000000000000    0x20324
 .debug_line    0x0000000000000000     0x147b build/gd32vf103_adc.o
 .debug_line    0x000000000000147b      0x6af build/gd32vf103_bkp.o
 .debug_line    0x0000000000001b2a      0x326 build/gd32vf103_eclic.o
 .debug_line    0x0000000000001e50      0xb0a build/gd32vf103_gpio.o
 .debug_line    0x000000000000295a      0x8b0 build/gd32vf103_pmu.o
 .debug_line    0x000000000000320a     0x14fd build/gd32vf103_rcu.o
 .debug_line    0x0000000000004707      0x637 build/gd32vf103_rtc.o
 .debug_line    0x0000000000004d3e      0xe1f build/gd32vf103_spi.o
 .debug_line    0x0000000000005b5d     0x2ae9 build/gd32vf103_timer.o
 .debug_line    0x0000000000008646      0xe0c build/gd32vf103_usart.o
 .debug_line    0x0000000000009452      0x6a3 build/system_gd32vf103.o